Component: ARM Compiler 5.06 update 5 (build 528) Tool: armlink [4d35e2]

==============================================================================

Section Cross References

    startup_stm32f407xx.o(RESET) refers to startup_stm32f407xx.o(STACK) for __initial_sp
    startup_stm32f407xx.o(RESET) refers to startup_stm32f407xx.o(.text) for Reset_Handler
    startup_stm32f407xx.o(RESET) refers to stm32f4xx_it.o(i.NMI_Handler) for NMI_Handler
    startup_stm32f407xx.o(RESET) refers to stm32f4xx_it.o(i.HardFault_Handler) for HardFault_Handler
    startup_stm32f407xx.o(RESET) refers to stm32f4xx_it.o(i.MemManage_Handler) for MemManage_Handler
    startup_stm32f407xx.o(RESET) refers to stm32f4xx_it.o(i.BusFault_Handler) for BusFault_Handler
    startup_stm32f407xx.o(RESET) refers to stm32f4xx_it.o(i.UsageFault_Handler) for UsageFault_Handler
    startup_stm32f407xx.o(RESET) refers to port.o(.emb_text) for SVC_Handler
    startup_stm32f407xx.o(RESET) refers to stm32f4xx_it.o(i.DebugMon_Handler) for DebugMon_Handler
    startup_stm32f407xx.o(RESET) refers to delay.o(i.SysTick_Handler) for SysTick_Handler
    startup_stm32f407xx.o(RESET) refers to exti.o(i.EXTI0_IRQHandler) for EXTI0_IRQHandler
    startup_stm32f407xx.o(RESET) refers to exti.o(i.EXTI2_IRQHandler) for EXTI2_IRQHandler
    startup_stm32f407xx.o(RESET) refers to exti.o(i.EXTI3_IRQHandler) for EXTI3_IRQHandler
    startup_stm32f407xx.o(RESET) refers to exti.o(i.EXTI4_IRQHandler) for EXTI4_IRQHandler
    startup_stm32f407xx.o(RESET) refers to exti.o(i.USART1_IRQHandler) for USART1_IRQHandler
    startup_stm32f407xx.o(RESET) refers to exti.o(i.DMA2_Stream2_IRQHandler) for DMA2_Stream2_IRQHandler
    startup_stm32f407xx.o(RESET) refers to exti.o(i.DMA2_Stream7_IRQHandler) for DMA2_Stream7_IRQHandler
    startup_stm32f407xx.o(.text) refers to system_stm32f4xx.o(i.SystemInit) for SystemInit
    startup_stm32f407xx.o(.text) refers to entry.o(.ARM.Collect$$$$00000000) for __main
    main.o(i.main) refers to stm32f4xx_hal.o(i.HAL_Init) for HAL_Init
    main.o(i.main) refers to sys.o(i.sys_stm32_clock_init) for sys_stm32_clock_init
    main.o(i.main) refers to delay.o(i.delay_init) for delay_init
    main.o(i.main) refers to led.o(i.led_init) for led_init
    main.o(i.main) refers to beep.o(i.beep_init) for beep_init
    main.o(i.main) refers to exti.o(i.extix_init) for extix_init
    main.o(i.main) refers to lcd.o(i.lcd_init) for lcd_init
    main.o(i.main) refers to key.o(i.key_init) for key_init
    main.o(i.main) refers to dev_uart.o(i.uart_device_init) for uart_device_init
    main.o(i.main) refers to freertos_demo.o(i.freertos_demo) for freertos_demo
    system_stm32f4xx.o(i.SystemCoreClockUpdate) refers to system_stm32f4xx.o(.data) for SystemCoreClock
    system_stm32f4xx.o(i.SystemCoreClockUpdate) refers to system_stm32f4xx.o(.constdata) for AHBPrescTable
    freertos_demo.o(i.freertos_demo) refers to tasks.o(i.xTaskCreate) for xTaskCreate
    freertos_demo.o(i.freertos_demo) refers to tasks.o(i.vTaskStartScheduler) for vTaskStartScheduler
    freertos_demo.o(i.freertos_demo) refers to freertos_demo.o(.data) for StartTask_Handler
    freertos_demo.o(i.freertos_demo) refers to freertos_demo.o(i.start_task) for start_task
    freertos_demo.o(i.start_task) refers to port.o(i.vPortEnterCritical) for vPortEnterCritical
    freertos_demo.o(i.start_task) refers to tasks.o(i.xTaskCreate) for xTaskCreate
    freertos_demo.o(i.start_task) refers to tasks.o(i.vTaskDelete) for vTaskDelete
    freertos_demo.o(i.start_task) refers to port.o(i.vPortExitCritical) for vPortExitCritical
    freertos_demo.o(i.start_task) refers to freertos_demo.o(.data) for Task1Task_Handler
    freertos_demo.o(i.start_task) refers to freertos_demo.o(i.task1) for task1
    freertos_demo.o(i.start_task) refers to freertos_demo.o(i.task2) for task2
    freertos_demo.o(i.start_task) refers to freertos_demo.o(i.task3_lcd) for task3_lcd
    freertos_demo.o(i.start_task) refers to freertos_demo.o(i.uart_loop_task) for uart_loop_task
    freertos_demo.o(i.task1) refers to stm32f4xx_hal_gpio.o(i.HAL_GPIO_TogglePin) for HAL_GPIO_TogglePin
    freertos_demo.o(i.task1) refers to tasks.o(i.vTaskDelay) for vTaskDelay
    freertos_demo.o(i.task2) refers to stm32f4xx_hal_gpio.o(i.HAL_GPIO_TogglePin) for HAL_GPIO_TogglePin
    freertos_demo.o(i.task2) refers to tasks.o(i.vTaskDelay) for vTaskDelay
    freertos_demo.o(i.task3_lcd) refers to driver_dht11.o(i.DHT_Read) for DHT_Read
    freertos_demo.o(i.task3_lcd) refers to printf3.o(i.__0sprintf$3) for __2sprintf
    freertos_demo.o(i.task3_lcd) refers to lcd.o(i.lcd_show_string) for lcd_show_string
    freertos_demo.o(i.task3_lcd) refers to tasks.o(i.vTaskDelay) for vTaskDelay
    freertos_demo.o(i.task3_lcd) refers to driver_dht11.o(.data) for Data
    freertos_demo.o(i.uart_loop_task) refers to dev_uart.o(i.uart_read) for uart_read
    freertos_demo.o(i.uart_loop_task) refers to dev_uart.o(i.uart_write) for uart_write
[...]
    i.delay_init                             0x080023ec   Section        0  delay.o(i.delay_init)
    i.delay_ms                               0x08002424   Section        0  delay.o(i.delay_ms)
    i.delay_us                               0x0800243c   Section        0  delay.o(i.delay_us)
    i.extix_init                             0x08002484   Section        0  exti.o(i.extix_init)
    i.fifo_get_free_size                     0x08002530   Section        0  fifo.o(i.fifo_get_free_size)
    i.fifo_get_occupy_size                   0x08002548   Section        0  fifo.o(i.fifo_get_occupy_size)
    i.fifo_lock                              0x08002554   Section        0  dev_uart.o(i.fifo_lock)
    fifo_lock                                0x08002555   Thumb Code     4  dev_uart.o(i.fifo_lock)
    i.fifo_read                              0x08002558   Section        0  fifo.o(i.fifo_read)
    i.fifo_register                          0x080025cc   Section        0  fifo.o(i.fifo_register)
    i.fifo_unlock                            0x080025e6   Section        0  dev_uart.o(i.fifo_unlock)
    fifo_unlock                              0x080025e7   Thumb Code     4  dev_uart.o(i.fifo_unlock)
    i.fifo_write                             0x080025ea   Section        0  fifo.o(i.fifo_write)
    i.fputc                                  0x0800265e   Section        0  fputc.o(i.fputc)
    i.freertos_demo                          0x08002670   Section        0  freertos_demo.o(i.freertos_demo)
    i.key_init                               0x080026a0   Section        0  key.o(i.key_init)
    i.lcd_clear                              0x0800279c   Section        0  lcd.o(i.lcd_clear)
    i.lcd_display_dir                        0x080027d0   Section        0  lcd.o(i.lcd_display_dir)
    i.lcd_draw_point                         0x0800293c   Section        0  lcd.o(i.lcd_draw_point)
    i.lcd_ex_ili9341_reginit                 0x0800295c   Section        0  lcd.o(i.lcd_ex_ili9341_reginit)
    i.lcd_ex_ili9806_reginit                 0x08002b88   Section        0  lcd.o(i.lcd_ex_ili9806_reginit)
    i.lcd_ex_nt35310_reginit                 0x08002ec8   Section        0  lcd.o(i.lcd_ex_nt35310_reginit)
    i.lcd_ex_nt35510_reginit                 0x08003dba   Section        0  lcd.o(i.lcd_ex_nt35510_reginit)
    i.lcd_ex_ssd1963_reginit                 0x08004d28   Section        0  lcd.o(i.lcd_ex_ssd1963_reginit)
    i.lcd_ex_st7789_reginit                  0x08004e96   Section        0  lcd.o(i.lcd_ex_st7789_reginit)
    i.lcd_ex_st7796_reginit                  0x0800503e   Section        0  lcd.o(i.lcd_ex_st7796_reginit)
    i.lcd_init                               0x08005204   Section        0  lcd.o(i.lcd_init)
    i.lcd_opt_delay                          0x08005718   Section        0  lcd.o(i.lcd_opt_delay)
    lcd_opt_delay                            0x08005719   Thumb Code    12  lcd.o(i.lcd_opt_delay)
    i.lcd_rd_data                            0x08005724   Section        0  lcd.o(i.lcd_rd_data)
    lcd_rd_data                              0x08005725   Thumb Code    20  lcd.o(i.lcd_rd_data)
    i.lcd_scan_dir                           0x0800573c   Section        0  lcd.o(i.lcd_scan_dir)
    i.lcd_set_cursor                         0x08005978   Section        0  lcd.o(i.lcd_set_cursor)
    i.lcd_show_char                          0x08005a98   Section        0  lcd.o(i.lcd_show_char)
    i.lcd_show_string                        0x08005bd8   Section        0  lcd.o(i.lcd_show_string)
    i.lcd_ssd_backlight_set                  0x08005c44   Section        0  lcd.o(i.lcd_ssd_backlight_set)
    i.lcd_wr_data                            0x08005ca4   Section        0  lcd.o(i.lcd_wr_data)
    i.lcd_wr_regno                           0x08005cbc   Section        0  lcd.o(i.lcd_wr_regno)
    i.lcd_write_ram_prepare                  0x08005cd4   Section        0  lcd.o(i.lcd_write_ram_prepare)
    i.lcd_write_reg                          0x08005ce8   Section        0  lcd.o(i.lcd_write_reg)
    i.led_init                               0x08005cfc   Section        0  led.o(i.led_init)
    i.main                                   0x08005d94   Section        0  main.o(i.main)
    i.prvAddCurrentTaskToDelayedList         0x08005dd0   Section        0  tasks.o(i.prvAddCurrentTaskToDelayedList)
    prvAddCurrentTaskToDelayedList           0x08005dd1   Thumb Code   134  tasks.o(i.prvAddCurrentTaskToDelayedList)
    i.prvAddNewTaskToReadyList               0x08005e74   Section        0  tasks.o(i.prvAddNewTaskToReadyList)
    prvAddNewTaskToReadyList                 0x08005e75   Thumb Code   156  tasks.o(i.prvAddNewTaskToReadyList)
    i.prvCheckForValidListAndQueue           0x08005f2c   Section        0  timers.o(i.prvCheckForValidListAndQueue)
    prvCheckForValidListAndQueue             0x08005f2d   Thumb Code    72  timers.o(i.prvCheckForValidListAndQueue)
    i.prvCheckTasksWaitingTermination        0x08005f90   Section        0  tasks.o(i.prvCheckTasksWaitingTermination)
    prvCheckTasksWaitingTermination          0x08005f91   Thumb Code    86  tasks.o(i.prvCheckTasksWaitingTermination)
    i.prvCopyDataFromQueue                   0x08005ff4   Section        0  queue.o(i.prvCopyDataFromQueue)
    prvCopyDataFromQueue                     0x08005ff5   Thumb Code    42  queue.o(i.prvCopyDataFromQueue)
    i.prvCopyDataToQueue                     0x0800601e   Section        0  queue.o(i.prvCopyDataToQueue)
    prvCopyDataToQueue                       0x0800601f   Thumb Code   124  queue.o(i.prvCopyDataToQueue)
    i.prvDeleteTCB                           0x0800609a   Section        0  tasks.o(i.prvDeleteTCB)
    prvDeleteTCB                             0x0800609b   Thumb Code    18  tasks.o(i.prvDeleteTCB)
    i.prvGetNextExpireTime                   0x080060ac   Section        0  timers.o(i.prvGetNextExpireTime)
    prvGetNextExpireTime                     0x080060ad   Thumb Code    36  timers.o(i.prvGetNextExpireTime)
    i.prvHeapInit                            0x080060d4   Section        0  heap_4.o(i.prvHeapInit)
    prvHeapInit                              0x080060d5   Thumb Code    98  heap_4.o(i.prvHeapInit)
    i.prvIdleTask                            0x08006150   Section        0  tasks.o(i.prvIdleTask)
    prvIdleTask                              0x08006151   Thumb Code    32  tasks.o(i.prvIdleTask)
    i.prvInitialiseNewQueue                  0x08006178   Section        0  queue.o(i.prvInitialiseNewQueue)
    prvInitialiseNewQueue                    0x08006179   Thumb Code    46  queue.o(i.prvInitialiseNewQueue)
    i.prvInitialiseNewTask                   0x080061a8   Section        0  tasks.o(i.prvInitialiseNewTask)
    prvInitialiseNewTask                     0x080061a9   Thumb Code   174  tasks.o(i.prvInitialiseNewTask)
    i.prvInitialiseTaskLists                 0x08006290   Section        0  tasks.o(i.prvInitialiseTaskLists)
    prvInitialiseTaskLists                   0x08006291   Thumb Code    70  tasks.o(i.prvInitialiseTaskLists)
    i.prvInsertBlockIntoFreeList             0x080062f8   Section        0  heap_4.o(i.prvInsertBlockIntoFreeList)
    prvInsertBlockIntoFreeList               0x080062f9   Thumb Code    96  heap_4.o(i.prvInsertBlockIntoFreeList)
    i.prvInsertTimerInActiveList             0x08006360   Section        0  timers.o(i.prvInsertTimerInActiveList)
    prvInsertTimerInActiveList               0x08006361   Thumb Code    80  timers.o(i.prvInsertTimerInActiveList)
    i.prvIsQueueEmpty                        0x080063b8   Section        0  queue.o(i.prvIsQueueEmpty)
    prvIsQueueEmpty                          0x080063b9   Thumb Code    26  queue.o(i.prvIsQueueEmpty)
    i.prvIsQueueFull                         0x080063d2   Section        0  queue.o(i.prvIsQueueFull)
    prvIsQueueFull                           0x080063d3   Thumb Code    30  queue.o(i.prvIsQueueFull)
    i.prvNotifyQueueSetContainer             0x080063f0   Section        0  queue.o(i.prvNotifyQueueSetContainer)
    prvNotifyQueueSetContainer               0x080063f1   Thumb Code   124  queue.o(i.prvNotifyQueueSetContainer)
    i.prvProcessExpiredTimer                 0x080064a4   Section        0  timers.o(i.prvProcessExpiredTimer)
    prvProcessExpiredTimer                   0x080064a5   Thumb Code    84  timers.o(i.prvProcessExpiredTimer)
    i.prvProcessReceivedCommands             0x08006534   Section        0  timers.o(i.prvProcessReceivedCommands)
    prvProcessReceivedCommands               0x08006535   Thumb Code   254  timers.o(i.prvProcessReceivedCommands)
    i.prvProcessTimerOrBlockTask             0x08006670   Section        0  timers.o(i.prvProcessTimerOrBlockTask)
    prvProcessTimerOrBlockTask               0x08006671   Thumb Code   102  timers.o(i.prvProcessTimerOrBlockTask)
    i.prvResetNextTaskUnblockTime            0x080066e4   Section        0  tasks.o(i.prvResetNextTaskUnblockTime)
    prvResetNextTaskUnblockTime              0x080066e5   Thumb Code    42  tasks.o(i.prvResetNextTaskUnblockTime)
    i.prvSampleTimeNow                       0x08006718   Section        0  timers.o(i.prvSampleTimeNow)
    prvSampleTimeNow                         0x08006719   Thumb Code    40  timers.o(i.prvSampleTimeNow)
    i.prvSwitchTimerLists                    0x08006744   Section        0  timers.o(i.prvSwitchTimerLists)
    prvSwitchTimerLists                      0x08006745   Thumb Code   140  timers.o(i.prvSwitchTimerLists)
    i.prvTaskExitError                       0x08006810   Section        0  port.o(i.prvTaskExitError)
    prvTaskExitError                         0x08006811   Thumb Code    50  port.o(i.prvTaskExitError)
    i.prvTimerTask                           0x08006890   Section        0  timers.o(i.prvTimerTask)
    prvTimerTask                             0x08006891   Thumb Code    26  timers.o(i.prvTimerTask)
    i.prvUnlockQueue                         0x080068aa   Section        0  queue.o(i.prvUnlockQueue)
    prvUnlockQueue                           0x080068ab   Thumb Code   146  queue.o(i.prvUnlockQueue)
    i.pvPortMalloc                           0x0800693c   Section        0  heap_4.o(i.pvPortMalloc)
    i.pvTaskIncrementMutexHeldCount          0x08006a9c   Section        0  tasks.o(i.pvTaskIncrementMutexHeldCount)
    i.pxPortInitialiseStack                  0x08006abc   Section        0  port.o(i.pxPortInitialiseStack)
    i.start_task                             0x08006ae8   Section        0  freertos_demo.o(i.start_task)
    i.sys_stm32_clock_init                   0x08006b98   Section        0  sys.o(i.sys_stm32_clock_init)
    i.task1                                  0x08006c74   Section        0  freertos_demo.o(i.task1)
    i.task2                                  0x08006c94   Section        0  freertos_demo.o(i.task2)
    i.task3_lcd                              0x08006cb4   Section        0  freertos_demo.o(i.task3_lcd)
    i.uart1_dma_init                         0x08006d34   Section        0  bsp_uart.o(i.uart1_dma_init)
    i.uart_device_init                       0x08006e78   Section        0  dev_uart.o(i.uart_device_init)
    i.uart_dmarx_done_isr                    0x08006ff0   Section        0  dev_uart.o(i.uart_dmarx_done_isr)
    i.uart_dmarx_half_done_isr               0x08007090   Section        0  dev_uart.o(i.uart_dmarx_half_done_isr)
    i.uart_dmarx_idle_isr                    0x08007140   Section        0  dev_uart.o(i.uart_dmarx_idle_isr)
    i.uart_dmatx_done_isr                    0x080071f0   Section        0  dev_uart.o(i.uart_dmatx_done_isr)
    i.uart_loop_task                         0x08007208   Section        0  freertos_demo.o(i.uart_loop_task)
    i.uart_poll_dma_tx                       0x08007238   Section        0  dev_uart.o(i.uart_poll_dma_tx)
    i.uart_read                              0x080072ec   Section        0  dev_uart.o(i.uart_read)
    i.uart_write                             0x08007318   Section        0  dev_uart.o(i.uart_write)
    i.uxListRemove                           0x08007340   Section        0  list.o(i.uxListRemove)
    i.vListInitialise                        0x08007368   Section        0  list.o(i.vListInitialise)
    i.vListInitialiseItem                    0x08007382   Section        0  list.o(i.vListInitialiseItem)
    i.vListInsert                            0x08007388   Section        0  list.o(i.vListInsert)
    i.vListInsertEnd                         0x080073bc   Section        0  list.o(i.vListInsertEnd)
    i.vPortEnterCritical                     0x080073d4   Section        0  port.o(i.vPortEnterCritical)
    i.vPortExitCritical                      0x08007468   Section        0  port.o(i.vPortExitCritical)
    i.vPortFree                              0x080074e4   Section        0  heap_4.o(i.vPortFree)
    i.vPortSetupTimerInterrupt               0x080075a8   Section        0  port.o(i.vPortSetupTimerInterrupt)
    i.vPortValidateInterruptPriority         0x080075c8   Section        0  port.o(i.vPortValidateInterruptPriority)
    i.vQueueAddToRegistry                    0x08007674   Section        0  queue.o(i.vQueueAddToRegistry)
    i.vQueueWaitForMessageRestricted         0x080076a0   Section        0  queue.o(i.vQueueWaitForMessageRestricted)
    i.vTaskDelay                             0x080076ec   Section        0  tasks.o(i.vTaskDelay)
    i.vTaskDelete                            0x08007774   Section        0  tasks.o(i.vTaskDelete)
    i.vTaskMissedYield                       0x08007894   Section        0  tasks.o(i.vTaskMissedYield)
    i.vTaskPlaceOnEventList                  0x080078a0   Section        0  tasks.o(i.vTaskPlaceOnEventList)
    i.vTaskPlaceOnEventListRestricted        0x08007908   Section        0  tasks.o(i.vTaskPlaceOnEventListRestricted)
    i.vTaskPriorityInherit                   0x08007978   Section        0  tasks.o(i.vTaskPriorityInherit)
    i.vTaskSetTimeOutState                   0x08007a28   Section        0  tasks.o(i.vTaskSetTimeOutState)
    i.vTaskStartScheduler                    0x08007a88   Section        0  tasks.o(i.vTaskStartScheduler)
    i.vTaskSuspendAll                        0x08007b48   Section        0  tasks.o(i.vTaskSuspendAll)
    i.vTaskSwitchContext                     0x08007b58   Section        0  tasks.o(i.vTaskSwitchContext)
    i.xPortStartScheduler                    0x08007c14   Section        0  port.o(i.xPortStartScheduler)
    i.xPortSysTickHandler                    0x08007d7c   Section        0  port.o(i.xPortSysTickHandler)
    i.xQueueGenericCreate                    0x08007db0   Section        0  queue.o(i.xQueueGenericCreate)
    i.xQueueGenericReceive                   0x08007e38   Section        0  queue.o(i.xQueueGenericReceive)
    i.xQueueGenericReset                     0x08008014   Section        0  queue.o(i.xQueueGenericReset)
    i.xQueueGenericSend                      0x080080d8   Section        0  queue.o(i.xQueueGenericSend)
    i.xQueueGenericSendFromISR               0x080082b0   Section        0  queue.o(i.xQueueGenericSendFromISR)
    i.xTaskCheckForTimeOut                   0x080083d4   Section        0  tasks.o(i.xTaskCheckForTimeOut)
    i.xTaskCreate                            0x080084a4   Section        0  tasks.o(i.xTaskCreate)
    i.xTaskGetSchedulerState                 0x08008504   Section        0  tasks.o(i.xTaskGetSchedulerState)
    i.xTaskGetTickCount                      0x08008524   Section        0  tasks.o(i.xTaskGetTickCount)
    i.xTaskIncrementTick                     0x08008530   Section        0  tasks.o(i.xTaskIncrementTick)
    i.xTaskPriorityDisinherit                0x080086a8   Section        0  tasks.o(i.xTaskPriorityDisinherit)
    i.xTaskRemoveFromEventList               0x08008794   Section        0  tasks.o(i.xTaskRemoveFromEventList)
    i.xTaskResumeAll                         0x0800885c   Section        0  tasks.o(i.xTaskResumeAll)
    i.xTimerCreateTimerTask                  0x08008990   Section        0  timers.o(i.xTimerCreateTimerTask)
    i.xTimerGenericCommand                   0x08008a14   Section        0  timers.o(i.xTimerGenericCommand)
    .constdata                               0x08008ac8   Section       24  system_stm32f4xx.o(.constdata)
    .constdata                               0x08008ae0   Section        8  stm32f4xx_ll_dma.o(.constdata)
    STREAM_OFFSET_TAB                        0x08008ae0   Data           8  stm32f4xx_ll_dma.o(.constdata)
    .constdata                               0x08008ae8   Section    12168  lcd.o(.constdata)
    STREAM_OFFSET_TAB                        0x08008ae8   Data           8  lcd.o(.constdata)
    .constdata                               0x0800ba70   Section        8  exti.o(.constdata)
    STREAM_OFFSET_TAB                        0x0800ba70   Data           8  exti.o(.constdata)
    .constdata                               0x0800ba78   Section        8  bsp_uart.o(.constdata)
    STREAM_OFFSET_TAB                        0x0800ba78   Data           8  bsp_uart.o(.constdata)
    .data                                    0x20000000   Section        4  system_stm32f4xx.o(.data)
    .data                                    0x20000004   Section       20  freertos_demo.o(.data)
    .data                                    0x20000018   Section        4  delay.o(.data)
    g_fac_us                                 0x20000018   Data           4  delay.o(.data)
    .data                                    0x2000001c   Section        9  stm32f4xx_hal.o(.data)
    .data                                    0x20000025   Section        5  driver_dht11.o(.data)
    .data                                    0x2000002c   Section        8  lcd.o(.data)
    .data                                    0x20000034   Section       60  tasks.o(.data)
    pxDelayedTaskList                        0x20000038   Data           4  tasks.o(.data)
    pxOverflowDelayedTaskList                0x2000003c   Data           4  tasks.o(.data)
    uxDeletedTasksWaitingCleanUp             0x20000040   Data           4  tasks.o(.data)
    uxCurrentNumberOfTasks                   0x20000044   Data           4  tasks.o(.data)
    xTickCount                               0x20000048   Data           4  tasks.o(.data)
    uxTopReadyPriority                       0x2000004c   Data           4  tasks.o(.data)
    xSchedulerRunning                        0x20000050   Data           4  tasks.o(.data)
    uxPendedTicks                            0x20000054   Data           4  tasks.o(.data)
    xYieldPending                            0x20000058   Data           4  tasks.o(.data)
    xNumOfOverflows                          0x2000005c   Data           4  tasks.o(.data)
    uxTaskNumber                             0x20000060   Data           4  tasks.o(.data)
    xNextTaskUnblockTime                     0x20000064   Data           4  tasks.o(.data)
    xIdleTaskHandle                          0x20000068   Data           4  tasks.o(.data)
    uxSchedulerSuspended                     0x2000006c   Data           4  tasks.o(.data)
    .data                                    0x20000070   Section       20  timers.o(.data)
    pxCurrentTimerList                       0x20000070   Data           4  timers.o(.data)
    pxOverflowTimerList                      0x20000074   Data           4  timers.o(.data)
    xTimerQueue                              0x20000078   Data           4  timers.o(.data)
    xTimerTaskHandle                         0x2000007c   Data           4  timers.o(.data)
    xLastTime                                0x20000080   Data           4  timers.o(.data)
    .data                                    0x20000084   Section       24  heap_4.o(.data)
    xStart                                   0x20000084   Data           8  heap_4.o(.data)
    pxEnd                                    0x2000008c   Data           4  heap_4.o(.data)
    xFreeBytesRemaining                      0x20000090   Data           4  heap_4.o(.data)
    xMinimumEverFreeBytesRemaining           0x20000094   Data           4  heap_4.o(.data)
    xBlockAllocatedBit                       0x20000098   Data           4  heap_4.o(.data)
    .data                                    0x2000009c   Section       12  port.o(.data)
    uxCriticalNesting                        0x2000009c   Data           4  port.o(.data)
    ucMaxSysCallPriority                     0x200000a0   Data           1  port.o(.data)
    ulMaxPRIGROUPValue                       0x200000a4   Data           4  port.o(.data)
    .data                                    0x200000a8   Section        4  stdout.o(.data)
    .bss                                     0x200000ac   Section     3876  dev_uart.o(.bss)
    s_uart1_tx_buf                           0x200000ac   Data        1024  dev_uart.o(.bss)
    s_uart1_rx_buf                           0x200004ac   Data        1024  dev_uart.o(.bss)
    s_uart1_dmarx_buf                        0x200008ac   Data         128  dev_uart.o(.bss)
    s_uart1_dmatx_buf                        0x2000092c   Data         128  dev_uart.o(.bss)
    s_uart2_tx_buf                           0x200009ac   Data        1024  dev_uart.o(.bss)
    s_uart2_rx_buf                           0x20000dac   Data         124  dev_uart.o(.bss)
    s_uart2_dmarx_buf                        0x20000e28   Data         128  dev_uart.o(.bss)
    s_uart2_dmatx_buf                        0x20000ea8   Data         128  dev_uart.o(.bss)
    s_uart_dev                               0x20000f28   Data         152  dev_uart.o(.bss)
    .bss                                     0x20000fd0   Section       94  lcd.o(.bss)
    .bss                                     0x20001030   Section       64  queue.o(.bss)
    .bss                                     0x20001070   Section      740  tasks.o(.bss)
    pxReadyTasksLists                        0x20001070   Data         640  tasks.o(.bss)
    xDelayedTaskList1                        0x200012f0   Data          20  tasks.o(.bss)
    xDelayedTaskList2                        0x20001304   Data          20  tasks.o(.bss)
    xPendingReadyList                        0x20001318   Data          20  tasks.o(.bss)
    xTasksWaitingTermination                 0x2000132c   Data          20  tasks.o(.bss)
    xSuspendedTaskList                       0x20001340   Data          20  tasks.o(.bss)
    .bss                                     0x20001354   Section       40  timers.o(.bss)
    xActiveTimerList1                        0x20001354   Data          20  timers.o(.bss)
    xActiveTimerList2                        0x20001368   Data          20  timers.o(.bss)
    .bss                                     0x2000137c   Section    10240  heap_4.o(.bss)
    ucHeap                                   0x2000137c   Data       10240  heap_4.o(.bss)
    STACK                                    0x20003b80   Section     1024  startup_stm32f407xx.o(STACK)

    Global Symbols

    Symbol Name                              Value     Ov Type        Size  Object(Section)

    BuildAttributes$$THM_ISAv4$E$P$D$K$B$S$7EM$VFPi3$EXTD16$VFPS$VFMA$PE$A:L22UL41UL21$X:L11$S22US41US21$IEEE1$IW$USESV6$~STKCKD$USESV7$~SHL$OSPACE$ROPI$EBA8$MICROLIB$REQ8$PRES8$EABIv2 0x00000000   Number         0  anon$$obj.o ABSOLUTE
    __ARM_use_no_argv                        0x00000000   Number         0  main.o ABSOLUTE
    _printf_a                                0x00000000   Number         0  stubs.o ABSOLUTE
    _printf_c                                0x00000000   Number         0  stubs.o ABSOLUTE
    _printf_charcount                        0x00000000   Number         0  stubs.o ABSOLUTE
    _printf_d                                0x00000000   Number         0  stubs.o ABSOLUTE
    _printf_e                                0x00000000   Number         0  stubs.o ABSOLUTE
    _printf_f                                0x00000000   Number         0  stubs.o ABSOLUTE
    _printf_flags                            0x00000000   Number         0  stubs.o ABSOLUTE
    _printf_fp_dec                           0x00000000   Number         0  stubs.o ABSOLUTE
    _printf_fp_hex                           0x00000000   Number         0  stubs.o ABSOLUTE
    _printf_g                                0x00000000   Number         0  stubs.o ABSOLUTE
    _printf_i                                0x00000000   Number         0  stubs.o ABSOLUTE
    _printf_int_dec                          0x00000000   Number         0  stubs.o ABSOLUTE
    _printf_l                                0x00000000   Number         0  stubs.o ABSOLUTE
    _printf_lc                               0x00000000   Number         0  stubs.o ABSOLUTE
    _printf_ll                               0x00000000   Number         0  stubs.o ABSOLUTE
    _printf_lld                              0x00000000   Number         0  stubs.o ABSOLUTE
    _printf_lli                              0x00000000   Number         0  stubs.o ABSOLUTE
    _printf_llo                              0x00000000   Number         0  stubs.o ABSOLUTE
    _printf_llu                              0x00000000   Number         0  stubs.o ABSOLUTE
    _printf_llx                              0x00000000   Number         0  stubs.o ABSOLUTE
    _printf_longlong_dec                     0x00000000   Number         0  stubs.o ABSOLUTE
    _printf_longlong_hex                     0x00000000   Number         0  stubs.o ABSOLUTE
    _printf_longlong_oct                     0x00000000   Number         0  stubs.o ABSOLUTE
    _printf_ls                               0x00000000   Number         0  stubs.o ABSOLUTE
    _printf_mbtowc                           0x00000000   Number         0  stubs.o ABSOLUTE
    _printf_n                                0x00000000   Number         0  stubs.o ABSOLUTE
    _printf_o                                0x00000000   Number         0  stubs.o ABSOLUTE
    _printf_p                                0x00000000   Number         0  stubs.o ABSOLUTE
    _printf_percent                          0x00000000   Number         0  stubs.o ABSOLUTE
    _printf_pre_padding                      0x00000000   Number         0  stubs.o ABSOLUTE
    _printf_return_value                     0x00000000   Number         0  stubs.o ABSOLUTE
    _printf_s                                0x00000000   Number         0  stubs.o ABSOLUTE
    _printf_sizespec                         0x00000000   Number         0  stubs.o ABSOLUTE
    _printf_str                              0x00000000   Number         0  stubs.o ABSOLUTE
    _printf_truncate_signed                  0x00000000   Number         0  stubs.o ABSOLUTE
    _printf_truncate_unsigned                0x00000000   Number         0  stubs.o ABSOLUTE
    _printf_u                                0x00000000   Number         0  stubs.o ABSOLUTE
    _printf_wc                               0x00000000   Number         0  stubs.o ABSOLUTE
    _printf_wctomb                           0x00000000   Number         0  stubs.o ABSOLUTE
    _printf_widthprec                        0x00000000   Number         0  stubs.o ABSOLUTE
    _printf_x                                0x00000000   Number         0  stubs.o ABSOLUTE
    __cpp_initialize__aeabi_                  - Undefined Weak Reference
    __cxa_finalize                            - Undefined Weak Reference
    __decompress                              - Undefined Weak Reference
    _clock_init                               - Undefined Weak Reference
    _microlib_exit                            - Undefined Weak Reference
    __Vectors_Size                           0x00000188   Number         0  startup_stm32f407xx.o ABSOLUTE
    __Vectors                                0x08000000   Data           4  startup_stm32f407xx.o(RESET)
    __Vectors_End                            0x08000188   Data           0  startup_stm32f407xx.o(RESET)
    __main                                   0x08000189   Thumb Code     0  entry.o(.ARM.Collect$$$$00000000)
    _main_stk                                0x08000189   Thumb Code     0  entry2.o(.ARM.Collect$$$$00000001)
    _main_scatterload                        0x0800018d   Thumb Code     0  entry5.o(.ARM.Collect$$$$00000004)
    __main_after_scatterload                 0x08000191   Thumb Code     0  entry5.o(.ARM.Collect$$$$00000004)
    _main_clock                              0x08000191   Thumb Code     0  entry7b.o(.ARM.Collect$$$$00000008)
    _main_cpp_init                           0x08000191   Thumb Code     0  entry8b.o(.ARM.Collect$$$$0000000A)
    _main_init                               0x08000191   Thumb Code     0  entry9a.o(.ARM.Collect$$$$0000000B)
    __rt_final_cpp                           0x08000199   Thumb Code     0  entry10a.o(.ARM.Collect$$$$0000000D)
    __rt_final_exit                          0x08000199   Thumb Code     0  entry11a.o(.ARM.Collect$$$$0000000F)
    SVC_Handler                              0x0800019d   Thumb Code    28  port.o(.emb_text)
    __asm___6_port_c_39a90d8d__prvStartFirstTask 0x080001bd   Thumb Code    28  port.o(.emb_text)
    __asm___6_port_c_39a90d8d__prvEnableVFP  0x080001dd   Thumb Code    16  port.o(.emb_text)
    PendSV_Handler                           0x080001f1   Thumb Code    88  port.o(.emb_text)
    vPortGetIPSR                             0x0800024d   Thumb Code     6  port.o(.emb_text)
    Reset_Handler                            0x08000255   Thumb Code    18  startup_stm32f407xx.o(.text)
    ADC_IRQHandler                           0x08000279   Thumb Code     0  startup_stm32f407xx.o(.text)
    CAN1_RX0_IRQHandler                      0x08000279   Thumb Code     0  startup_stm32f407xx.o(.text)
    CAN1_RX1_IRQHandler                      0x08000279   Thumb Code     0  startup_stm32f407xx.o(.text)
    CAN1_SCE_IRQHandler                      0x08000279   Thumb Code     0  startup_stm32f407xx.o(.text)
    CAN1_TX_IRQHandler                       0x08000279   Thumb Code     0  startup_stm32f407xx.o(.text)
    CAN2_RX0_IRQHandler                      0x08000279   Thumb Code     0  startup_stm32f407xx.o(.text)
    CAN2_RX1_IRQHandler                      0x08000279   Thumb Code     0  startup_stm32f407xx.o(.text)
    CAN2_SCE_IRQHandler                      0x08000279   Thumb Code     0  startup_stm32f407xx.o(.text)
    CAN2_TX_IRQHandler                       0x08000279   Thumb Code     0  startup_stm32f407xx.o(.text)
    DCMI_IRQHandler                          0x08000279   Thumb Code     0  startup_stm32f407xx.o(.text)
    DMA1_Stream0_IRQHandler                  0x08000279   Thumb Code     0  startup_stm32f407xx.o(.text)
    DMA1_Stream1_IRQHandler                  0x08000279   Thumb Code     0  startup_stm32f407xx.o(.text)
    DMA1_Stream2_IRQHandler                  0x08000279   Thumb Code     0  startup_stm32f407xx.o(.text)
    DMA1_Stream3_IRQHandler                  0x08000279   Thumb Code     0  startup_stm32f407xx.o(.text)
    DMA1_Stream4_IRQHandler                  0x08000279   Thumb Code     0  startup_stm32f407xx.o(.text)
    DMA1_Stream5_IRQHandler                  0x08000279   Thumb Code     0  startup_stm32f407xx.o(.text)
    DMA1_Stream6_IRQHandler                  0x08000279   Thumb Code     0  startup_stm32f407xx.o(.text)
    DMA1_Stream7_IRQHandler                  0x08000279   Thumb Code     0  startup_stm32f407xx.o(.text)
    DMA2_Stream0_IRQHandler                  0x08000279   Thumb Code     0  startup_stm32f407xx.o(.text)
    DMA2_Stream1_IRQHandler                  0x08000279   Thumb Code     0  startup_stm32f407xx.o(.text)
    DMA2_Stream3_IRQHandler                  0x08000279   Thumb Code     0  startup_stm32f407xx.o(.text)
    DMA2_Stream4_IRQHandler                  0x08000279   Thumb Code     0  startup_stm32f407xx.o(.text)
    DMA2_Stream5_IRQHandler                  0x08000279   Thumb Code     0  startup_stm32f407xx.o(.text)
    DMA2_Stream6_IRQHandler                  0x08000279   Thumb Code     0  startup_stm32f407xx.o(.text)
    ETH_IRQHandler                           0x08000279   Thumb Code     0  startup_stm32f407xx.o(.text)
    ETH_WKUP_IRQHandler                      0x08000279   Thumb Code     0  startup_stm32f407xx.o(.text)
    EXTI15_10_IRQHandler                     0x08000279   Thumb Code     0  startup_stm32f407xx.o(.text)
    EXTI1_IRQHandler                         0x08000279   Thumb Code     0  startup_stm32f407xx.o(.text)
    EXTI9_5_IRQHandler                       0x08000279   Thumb Code     0  startup_stm32f407xx.o(.text)
    FLASH_IRQHandler                         0x08000279   Thumb Code     0  startup_stm32f407xx.o(.text)
    FMC_IRQHandler                           0x08000279   Thumb Code     0  startup_stm32f407xx.o(.text)
    FPU_IRQHandler                           0x08000279   Thumb Code     0  startup_stm32f407xx.o(.text)
    HASH_RNG_IRQHandler                      0x08000279   Thumb Code     0  startup_stm32f407xx.o(.text)
    I2C1_ER_IRQHandler                       0x08000279   Thumb Code     0  startup_stm32f407xx.o(.text)
    I2C1_EV_IRQHandler                       0x08000279   Thumb Code     0  startup_stm32f407xx.o(.text)
    I2C2_ER_IRQHandler                       0x08000279   Thumb Code     0  startup_stm32f407xx.o(.text)
    I2C2_EV_IRQHandler                       0x08000279   Thumb Code     0  startup_stm32f407xx.o(.text)
    I2C3_ER_IRQHandler                       0x08000279   Thumb Code     0  startup_stm32f407xx.o(.text)
    I2C3_EV_IRQHandler                       0x08000279   Thumb Code     0  startup_stm32f407xx.o(.text)
    OTG_FS_IRQHandler                        0x08000279   Thumb Code     0  startup_stm32f407xx.o(.text)
    OTG_FS_WKUP_IRQHandler                   0x08000279   Thumb Code     0  startup_stm32f407xx.o(.text)
    OTG_HS_EP1_IN_IRQHandler                 0x08000279   Thumb Code     0  startup_stm32f407xx.o(.text)
    OTG_HS_EP1_OUT_IRQHandler                0x08000279   Thumb Code     0  startup_stm32f407xx.o(.text)
    OTG_HS_IRQHandler                        0x08000279   Thumb Code     0  startup_stm32f407xx.o(.text)
    OTG_HS_WKUP_IRQHandler                   0x08000279   Thumb Code     0  startup_stm32f407xx.o(.text)
    PVD_IRQHandler                           0x08000279   Thumb Code     0  startup_stm32f407xx.o(.text)
    RCC_IRQHandler                           0x08000279   Thumb Code     0  startup_stm32f407xx.o(.text)
    RTC_Alarm_IRQHandler                     0x08000279   Thumb Code     0  startup_stm32f407xx.o(.text)
    RTC_WKUP_IRQHandler                      0x08000279   Thumb Code     0  startup_stm32f407xx.o(.text)
    SDIO_IRQHandler                          0x08000279   Thumb Code     0  startup_stm32f407xx.o(.text)
    SPI1_IRQHandler                          0x08000279   Thumb Code     0  startup_stm32f407xx.o(.text)
    SPI2_IRQHandler                          0x08000279   Thumb Code     0  startup_stm32f407xx.o(.text)
    SPI3_IRQHandler                          0x08000279   Thumb Code     0  startup_stm32f407xx.o(.text)
    TAMP_STAMP_IRQHandler                    0x08000279   Thumb Code     0  startup_stm32f407xx.o(.text)
    TIM1_BRK_TIM9_IRQHandler                 0x08000279   Thumb Code     0  startup_stm32f407xx.o(.text)
    TIM1_CC_IRQHandler                       0x08000279   Thumb Code     0  startup_stm32f407xx.o(.text)
    TIM1_TRG_COM_TIM11_IRQHandler            0x08000279   Thumb Code     0  startup_stm32f407xx.o(.text)
    TIM1_UP_TIM10_IRQHandler                 0x08000279   Thumb Code     0  startup_stm32f407xx.o(.text)
    TIM2_IRQHandler                          0x08000279   Thumb Code     0  startup_stm32f407xx.o(.text)
    TIM3_IRQHandler                          0x08000279   Thumb Code     0  startup_stm32f407xx.o(.text)
    TIM4_IRQHandler                          0x08000279   Thumb Code     0  startup_stm32f407xx.o(.text)
    TIM5_IRQHandler                          0x08000279   Thumb Code     0  startup_stm32f407xx.o(.text)
    TIM6_DAC_IRQHandler                      0x08000279   Thumb Code     0  startup_stm32f407xx.o(.text)
    TIM7_IRQHandler                          0x08000279   Thumb Code     0  startup_stm32f407xx.o(.text)
    TIM8_BRK_TIM12_IRQHandler                0x08000279   Thumb Code     0  startup_stm32f407xx.o(.text)
    TIM8_CC_IRQHandler                       0x08000279   Thumb Code     0  startup_stm32f407xx.o(.text)
    TIM8_TRG_COM_TIM14_IRQHandler            0x08000279   Thumb Code     0  startup_stm32f407xx.o(.text)
    TIM8_UP_TIM13_IRQHandler                 0x08000279   Thumb Code     0  startup_stm32f407xx.o(.text)
    UART4_IRQHandler                         0x08000279   Thumb Code     0  startup_stm32f407xx.o(.text)
    UART5_IRQHandler                         0x08000279   Thumb Code     0  startup_stm32f407xx.o(.text)
    USART2_IRQHandler                        0x08000279   Thumb Code     0  startup_stm32f407xx.o(.text)
    USART3_IRQHandler                        0x08000279   Thumb Code     0  startup_stm32f407xx.o(.text)
    USART6_IRQHandler                        0x08000279   Thumb Code     0  startup_stm32f407xx.o(.text)
    WWDG_IRQHandler                          0x08000279   Thumb Code     0  startup_stm32f407xx.o(.text)
    __aeabi_uldivmod                         0x08000289   Thumb Code    98  uldiv.o(.text)
    __aeabi_memcpy                           0x080002eb   Thumb Code    36  memcpya.o(.text)
    __aeabi_memcpy4                          0x080002eb   Thumb Code     0  memcpya.o(.text)
    __aeabi_memcpy8                          0x080002eb   Thumb Code     0  memcpya.o(.text)
    __aeabi_memset                           0x0800030f   Thumb Code    14  memseta.o(.text)
    __aeabi_memset4                          0x0800030f   Thumb Code     0  memseta.o(.text)
    __aeabi_memset8                          0x0800030f   Thumb Code     0  memseta.o(.text)
    __aeabi_memclr                           0x0800031d   Thumb Code     4  memseta.o(.text)
    __aeabi_memclr4                          0x0800031d   Thumb Code     0  memseta.o(.text)
    __aeabi_memclr8                          0x0800031d   Thumb Code     0  memseta.o(.text)
    _memset$wrapper                          0x08000321   Thumb Code    18  memseta.o(.text)
    __aeabi_dmul                             0x08000333   Thumb Code   228  dmul.o(.text)
    __aeabi_ui2d                             0x08000417   Thumb Code    26  dfltui.o(.text)
    __aeabi_d2uiz                            0x08000431   Thumb Code    50  dfixui.o(.text)
    __aeabi_uidiv                            0x08000463   Thumb Code     0  uidiv.o(.text)
    __aeabi_uidivmod                         0x08000463   Thumb Code    44  uidiv.o(.text)
    __aeabi_llsl                             0x0800048f   Thumb Code    30  llshl.o(.text)
    _ll_shift_l                              0x0800048f   Thumb Code     0  llshl.o(.text)
    __aeabi_llsr                             0x080004ad   Thumb Code    32  llushr.o(.text)
    _ll_ushift_r                             0x080004ad   Thumb Code     0  llushr.o(.text)
    __I$use$fp                               0x080004cd   Thumb Code     0  iusefp.o(.text)
    _double_round                            0x080004cd   Thumb Code    30  depilogue.o(.text)
    _double_epilogue                         0x080004eb   Thumb Code   156  depilogue.o(.text)
    __scatterload                            0x08000589   Thumb Code    28  init.o(.text)
    __scatterload_rt2                        0x08000589   Thumb Code     0  init.o(.text)
    BusFault_Handler                         0x080005ad   Thumb Code     4  stm32f4xx_it.o(i.BusFault_Handler)
    __I$use$semihosting$fputc                0x080005ad   Thumb Code     0  iusesemip.o(.text)
    __semihosting_library_function           0x080005ad   Thumb Code     0  semi.o(.text)
    DHT_GPIO_SET_INPUT                       0x080005b1   Thumb Code    30  driver_dht11.o(i.DHT_GPIO_SET_INPUT)
    DHT_GPIO_SET_OUTPUT                      0x080005d5   Thumb Code    30  driver_dht11.o(i.DHT_GPIO_SET_OUTPUT)
    DHT_Read                                 0x080005f9   Thumb Code   192  driver_dht11.o(i.DHT_Read)
    DHT_Read_Byte                            0x080006c1   Thumb Code   120  driver_dht11.o(i.DHT_Read_Byte)
    DMA2_Stream2_IRQHandler                  0x0800073d   Thumb Code    92  exti.o(i.DMA2_Stream2_IRQHandler)
    DMA2_Stream7_IRQHandler                  0x080007a1   Thumb Code    46  exti.o(i.DMA2_Stream7_IRQHandler)
    DebugMon_Handler                         0x080007d5   Thumb Code     2  stm32f4xx_it.o(i.DebugMon_Handler)
    EXTI0_IRQHandler                         0x080007d9   Thumb Code    16  exti.o(i.EXTI0_IRQHandler)
    EXTI2_IRQHandler                         0x080007ed   Thumb Code    16  exti.o(i.EXTI2_IRQHandler)
    EXTI3_IRQHandler                         0x08000801   Thumb Code    16  exti.o(i.EXTI3_IRQHandler)
    EXTI4_IRQHandler                         0x08000815   Thumb Code    16  exti.o(i.EXTI4_IRQHandler)
    FSMC_NORSRAM_Extended_Timing_Init        0x08000829   Thumb Code    66  stm32f4xx_ll_fsmc.o(i.FSMC_NORSRAM_Extended_Timing_Init)
    FSMC_NORSRAM_Init                        0x08000871   Thumb Code    88  stm32f4xx_ll_fsmc.o(i.FSMC_NORSRAM_Init)
    FSMC_NORSRAM_Timing_Init                 0x080008cd   Thumb Code    68  stm32f4xx_ll_fsmc.o(i.FSMC_NORSRAM_Timing_Init)
    HAL_GPIO_EXTI_Callback                   0x08000911   Thumb Code   148  exti.o(i.HAL_GPIO_EXTI_Callback)
    HAL_GPIO_EXTI_IRQHandler                 0x080009b1   Thumb Code    24  stm32f4xx_hal_gpio.o(i.HAL_GPIO_EXTI_IRQHandler)
    HAL_GPIO_Init                            0x080009cd   Thumb Code   470  stm32f4xx_hal_gpio.o(i.HAL_GPIO_Init)
    HAL_GPIO_ReadPin                         0x08000bd1   Thumb Code    16  stm32f4xx_hal_gpio.o(i.HAL_GPIO_ReadPin)
    HAL_GPIO_TogglePin                       0x08000be1   Thumb Code    20  stm32f4xx_hal_gpio.o(i.HAL_GPIO_TogglePin)
    HAL_GPIO_WritePin                        0x08000bf5   Thumb Code    12  stm32f4xx_hal_gpio.o(i.HAL_GPIO_WritePin)
    HAL_GetREVID                             0x08000c01   Thumb Code     8  stm32f4xx_hal.o(i.HAL_GetREVID)
    HAL_GetTick                              0x08000c0d   Thumb Code     6  stm32f4xx_hal.o(i.HAL_GetTick)
    HAL_IncTick                              0x08000c19   Thumb Code    16  stm32f4xx_hal.o(i.HAL_IncTick)
    HAL_Init                                 0x08000c31   Thumb Code    44  stm32f4xx_hal.o(i.HAL_Init)
    HAL_InitTick                             0x08000c61   Thumb Code    64  stm32f4xx_hal.o(i.HAL_InitTick)
    HAL_MspInit                              0x08000cad   Thumb Code     2  stm32f4xx_hal.o(i.HAL_MspInit)
    HAL_NVIC_EnableIRQ                       0x08000caf   Thumb Code    32  stm32f4xx_hal_cortex.o(i.HAL_NVIC_EnableIRQ)
    HAL_NVIC_SetPriority                     0x08000ccf   Thumb Code   124  stm32f4xx_hal_cortex.o(i.HAL_NVIC_SetPriority)
    HAL_NVIC_SetPriorityGrouping             0x08000d4d   Thumb Code    32  stm32f4xx_hal_cortex.o(i.HAL_NVIC_SetPriorityGrouping)
    HAL_RCC_ClockConfig                      0x08000d75   Thumb Code   368  stm32f4xx_hal_rcc.o(i.HAL_RCC_ClockConfig)
    HAL_RCC_GetSysClockFreq                  0x08000ef9   Thumb Code   162  stm32f4xx_hal_rcc.o(i.HAL_RCC_GetSysClockFreq)
    HAL_RCC_OscConfig                        0x08000fa9   Thumb Code  1172  stm32f4xx_hal_rcc.o(i.HAL_RCC_OscConfig)
    HAL_SRAM_Init                            0x08001445   Thumb Code    88  stm32f4xx_hal_sram.o(i.HAL_SRAM_Init)
    HAL_SRAM_MspInit                         0x0800149d   Thumb Code   152  lcd.o(i.HAL_SRAM_MspInit)
    HAL_SYSTICK_CLKSourceConfig              0x08001541   Thumb Code    40  stm32f4xx_hal_cortex.o(i.HAL_SYSTICK_CLKSourceConfig)
    HAL_SYSTICK_Config                       0x08001569   Thumb Code    52  stm32f4xx_hal_cortex.o(i.HAL_SYSTICK_Config)
    HardFault_Handler                        0x0800159d   Thumb Code     4  stm32f4xx_it.o(i.HardFault_Handler)
    LL_DMA_DeInit                            0x080015dd   Thumb Code   472  stm32f4xx_ll_dma.o(i.LL_DMA_DeInit)
    LL_GPIO_Init                             0x0800195d   Thumb Code   312  stm32f4xx_ll_gpio.o(i.LL_GPIO_Init)
    LL_RCC_GetSystemClocksFreq               0x08001a95   Thumb Code    36  stm32f4xx_ll_rcc.o(i.LL_RCC_GetSystemClocksFreq)
    LL_USART_Init                            0x08001ac9   Thumb Code   170  stm32f4xx_ll_usart.o(i.LL_USART_Init)
    MemManage_Handler                        0x08001d4f   Thumb Code     4  stm32f4xx_it.o(i.MemManage_Handler)
    NMI_Handler                              0x08001d53   Thumb Code     2  stm32f4xx_it.o(i.NMI_Handler)
    RCC_GetHCLKClockFreq                     0x08001d95   Thumb Code    24  stm32f4xx_ll_rcc.o(i.RCC_GetHCLKClockFreq)
    RCC_GetPCLK1ClockFreq                    0x08001db5   Thumb Code    26  stm32f4xx_ll_rcc.o(i.RCC_GetPCLK1ClockFreq)
    RCC_GetPCLK2ClockFreq                    0x08001dd9   Thumb Code    26  stm32f4xx_ll_rcc.o(i.RCC_GetPCLK2ClockFreq)
    RCC_GetSystemClockFreq                   0x08001dfd   Thumb Code    54  stm32f4xx_ll_rcc.o(i.RCC_GetSystemClockFreq)
    RCC_PLL_GetFreqDomain_SYS                0x08001e41   Thumb Code   100  stm32f4xx_ll_rcc.o(i.RCC_PLL_GetFreqDomain_SYS)
    SysTick_Handler                          0x08001eb1   Thumb Code    20  delay.o(i.SysTick_Handler)
    SystemInit                               0x08001ec5   Thumb Code    14  system_stm32f4xx.o(i.SystemInit)
    USART1_IRQHandler                        0x08001ed9   Thumb Code    56  exti.o(i.USART1_IRQHandler)
    UsageFault_Handler                       0x08001f15   Thumb Code     4  stm32f4xx_it.o(i.UsageFault_Handler)
    __0printf$3                              0x08001f19   Thumb Code    22  printf3.o(i.__0printf$3)
    __1printf$3                              0x08001f19   Thumb Code     0  printf3.o(i.__0printf$3)
    __2printf                                0x08001f19   Thumb Code     0  printf3.o(i.__0printf$3)
    __0sprintf$3                             0x08001f39   Thumb Code    34  printf3.o(i.__0sprintf$3)
    __1sprintf$3                             0x08001f39   Thumb Code     0  printf3.o(i.__0sprintf$3)
    __2sprintf                               0x08001f39   Thumb Code     0  printf3.o(i.__0sprintf$3)
    __scatterload_copy                       0x08001fed   Thumb Code    14  handlers.o(i.__scatterload_copy)
    __scatterload_null                       0x08001ffb   Thumb Code     2  handlers.o(i.__scatterload_null)
    __scatterload_zeroinit                   0x08001ffd   Thumb Code    14  handlers.o(i.__scatterload_zeroinit)
    beep_init                                0x080021d1   Thumb Code    82  beep.o(i.beep_init)
    bsp_uart1_dmarx_config                   0x0800222d   Thumb Code   180  bsp_uart.o(i.bsp_uart1_dmarx_config)
    bsp_uart1_dmatx_config                   0x080022ed   Thumb Code   214  bsp_uart.o(i.bsp_uart1_dmatx_config)
    bsp_uart1_get_dmarx_buf_remain_size      0x080023d1   Thumb Code    18  bsp_uart.o(i.bsp_uart1_get_dmarx_buf_remain_size)
    delay_init                               0x080023ed   Thumb Code    52  delay.o(i.delay_init)
    delay_ms                                 0x08002425   Thumb Code    24  delay.o(i.delay_ms)
    delay_us                                 0x0800243d   Thumb Code    68  delay.o(i.delay_us)
    extix_init                               0x08002485   Thumb Code   156  exti.o(i.extix_init)
    fifo_get_free_size                       0x08002531   Thumb Code    24  fifo.o(i.fifo_get_free_size)
    fifo_get_occupy_size                     0x08002549   Thumb Code    12  fifo.o(i.fifo_get_occupy_size)
    fifo_read                                0x08002559   Thumb Code   116  fifo.o(i.fifo_read)
    fifo_register                            0x080025cd   Thumb Code    26  fifo.o(i.fifo_register)
    fifo_write                               0x080025eb   Thumb Code   116  fifo.o(i.fifo_write)
    fputc                                    0x0800265f   Thumb Code    18  fputc.o(i.fputc)
    freertos_demo                            0x08002671   Thumb Code    28  freertos_demo.o(i.freertos_demo)
    key_init                                 0x080026a1   Thumb Code   240  key.o(i.key_init)
    lcd_clear                                0x0800279d   Thumb Code    42  lcd.o(i.lcd_clear)
    lcd_display_dir                          0x080027d1   Thumb Code   360  lcd.o(i.lcd_display_dir)
    lcd_draw_point                           0x0800293d   Thumb Code    26  lcd.o(i.lcd_draw_point)
    lcd_ex_ili9341_reginit                   0x0800295d   Thumb Code   556  lcd.o(i.lcd_ex_ili9341_reginit)
    lcd_ex_ili9806_reginit                   0x08002b89   Thumb Code   832  lcd.o(i.lcd_ex_ili9806_reginit)
    lcd_ex_nt35310_reginit                   0x08002ec9   Thumb Code  3826  lcd.o(i.lcd_ex_nt35310_reginit)
    lcd_ex_nt35510_reginit                   0x08003dbb   Thumb Code  3950  lcd.o(i.lcd_ex_nt35510_reginit)
    lcd_ex_ssd1963_reginit                   0x08004d29   Thumb Code   366  lcd.o(i.lcd_ex_ssd1963_reginit)
    lcd_ex_st7789_reginit                    0x08004e97   Thumb Code   424  lcd.o(i.lcd_ex_st7789_reginit)
    lcd_ex_st7796_reginit                    0x0800503f   Thumb Code   454  lcd.o(i.lcd_ex_st7796_reginit)
    lcd_init                                 0x08005205   Thumb Code  1286  lcd.o(i.lcd_init)
    lcd_scan_dir                             0x0800573d   Thumb Code   568  lcd.o(i.lcd_scan_dir)
    lcd_set_cursor                           0x08005979   Thumb Code   282  lcd.o(i.lcd_set_cursor)
    lcd_show_char                            0x08005a99   Thumb Code   294  lcd.o(i.lcd_show_char)
    lcd_show_string                          0x08005bd9   Thumb Code   106  lcd.o(i.lcd_show_string)
    lcd_ssd_backlight_set                    0x08005c45   Thumb Code    88  lcd.o(i.lcd_ssd_backlight_set)
    lcd_wr_data                              0x08005ca5   Thumb Code    18  lcd.o(i.lcd_wr_data)
    lcd_wr_regno                             0x08005cbd   Thumb Code    18  lcd.o(i.lcd_wr_regno)
    lcd_write_ram_prepare                    0x08005cd5   Thumb Code    10  lcd.o(i.lcd_write_ram_prepare)
    lcd_write_reg                            0x08005ce9   Thumb Code    14  lcd.o(i.lcd_write_reg)
    led_init                                 0x08005cfd   Thumb Code   142  led.o(i.led_init)
    main                                     0x08005d95   Thumb Code    60  main.o(i.main)
    pvPortMalloc                             0x0800693d   Thumb Code   262  heap_4.o(i.pvPortMalloc)
    pvTaskIncrementMutexHeldCount            0x08006a9d   Thumb Code    26  tasks.o(i.pvTaskIncrementMutexHeldCount)
    pxPortInitialiseStack                    0x08006abd   Thumb Code    38  port.o(i.pxPortInitialiseStack)
    start_task                               0x08006ae9   Thumb Code   104  freertos_demo.o(i.start_task)
    sys_stm32_clock_init                     0x08006b99   Thumb Code   208  sys.o(i.sys_stm32_clock_init)
    task1                                    0x08006c75   Thumb Code    26  freertos_demo.o(i.task1)
    task2                                    0x08006c95   Thumb Code    26  freertos_demo.o(i.task2)
    task3_lcd                                0x08006cb5   Thumb Code    98  freertos_demo.o(i.task3_lcd)
    uart1_dma_init                           0x08006d35   Thumb Code   306  bsp_uart.o(i.uart1_dma_init)
    uart_device_init                         0x08006e79   Thumb Code   332  dev_uart.o(i.uart_device_init)
    uart_dmarx_done_isr                      0x08006ff1   Thumb Code   152  dev_uart.o(i.uart_dmarx_done_isr)
    uart_dmarx_half_done_isr                 0x08007091   Thumb Code   168  dev_uart.o(i.uart_dmarx_half_done_isr)
    uart_dmarx_idle_isr                      0x08007141   Thumb Code   168  dev_uart.o(i.uart_dmarx_idle_isr)
    uart_dmatx_done_isr                      0x080071f1   Thumb Code    18  dev_uart.o(i.uart_dmatx_done_isr)
    uart_loop_task                           0x08007209   Thumb Code    46  freertos_demo.o(i.uart_loop_task)
    uart_poll_dma_tx                         0x08007239   Thumb Code   170  dev_uart.o(i.uart_poll_dma_tx)
    uart_read                                0x080072ed   Thumb Code    38  dev_uart.o(i.uart_read)
    uart_write                               0x08007319   Thumb Code    36  dev_uart.o(i.uart_write)
    uxListRemove                             0x08007341   Thumb Code    40  list.o(i.uxListRemove)
    vListInitialise                          0x08007369   Thumb Code    26  list.o(i.vListInitialise)
    vListInitialiseItem                      0x08007383   Thumb Code     6  list.o(i.vListInitialiseItem)
    vListInsert                              0x08007389   Thumb Code    52  list.o(i.vListInsert)
    vListInsertEnd                           0x080073bd   Thumb Code    24  list.o(i.vListInsertEnd)
    vPortEnterCritical                       0x080073d5   Thumb Code    68  port.o(i.vPortEnterCritical)
    vPortExitCritical                        0x08007469   Thumb Code    48  port.o(i.vPortExitCritical)
    vPortFree                                0x080074e5   Thumb Code   120  heap_4.o(i.vPortFree)
    vPortSetupTimerInterrupt                 0x080075a9   Thumb Code    26  port.o(i.vPortSetupTimerInterrupt)
    vPortValidateInterruptPriority           0x080075c9   Thumb Code    86  port.o(i.vPortValidateInterruptPriority)
    vQueueAddToRegistry                      0x08007675   Thumb Code    38  queue.o(i.vQueueAddToRegistry)
    vQueueWaitForMessageRestricted           0x080076a1   Thumb Code    74  queue.o(i.vQueueWaitForMessageRestricted)
    vTaskDelay                               0x080076ed   Thumb Code    72  tasks.o(i.vTaskDelay)
    vTaskDelete                              0x08007775   Thumb Code   192  tasks.o(i.vTaskDelete)
    vTaskMissedYield                         0x08007895   Thumb Code     8  tasks.o(i.vTaskMissedYield)
    vTaskPlaceOnEventList                    0x080078a1   Thumb Code    42  tasks.o(i.vTaskPlaceOnEventList)
    vTaskPlaceOnEventListRestricted          0x08007909   Thumb Code    50  tasks.o(i.vTaskPlaceOnEventListRestricted)
    vTaskPriorityInherit                     0x08007979   Thumb Code   164  tasks.o(i.vTaskPriorityInherit)
    vTaskSetTimeOutState                     0x08007a29   Thumb Code    32  tasks.o(i.vTaskSetTimeOutState)
    vTaskStartScheduler                      0x08007a89   Thumb Code   108  tasks.o(i.vTaskStartScheduler)
    vTaskSuspendAll                          0x08007b49   Thumb Code    12  tasks.o(i.vTaskSuspendAll)
    vTaskSwitchContext                       0x08007b59   Thumb Code   110  tasks.o(i.vTaskSwitchContext)
    xPortStartScheduler                      0x08007c15   Thumb Code   258  port.o(i.xPortStartScheduler)
    xPortSysTickHandler                      0x08007d7d   Thumb Code    46  port.o(i.xPortSysTickHandler)
    xQueueGenericCreate                      0x08007db1   Thumb Code    78  queue.o(i.xQueueGenericCreate)
    xQueueGenericReceive                     0x08007e39   Thumb Code   416  queue.o(i.xQueueGenericReceive)
    xQueueGenericReset                       0x08008015   Thumb Code   136  queue.o(i.xQueueGenericReset)
    xQueueGenericSend                        0x080080d9   Thumb Code   412  queue.o(i.xQueueGenericSend)
    xQueueGenericSendFromISR                 0x080082b1   Thumb Code   234  queue.o(i.xQueueGenericSendFromISR)
    xTaskCheckForTimeOut                     0x080083d5   Thumb Code   140  tasks.o(i.xTaskCheckForTimeOut)
    xTaskCreate                              0x080084a5   Thumb Code    96  tasks.o(i.xTaskCreate)
    xTaskGetSchedulerState                   0x08008505   Thumb Code    24  tasks.o(i.xTaskGetSchedulerState)
    xTaskGetTickCount                        0x08008525   Thumb Code     6  tasks.o(i.xTaskGetTickCount)
    xTaskIncrementTick                       0x08008531   Thumb Code   274  tasks.o(i.xTaskIncrementTick)
    xTaskPriorityDisinherit                  0x080086a9   Thumb Code   168  tasks.o(i.xTaskPriorityDisinherit)
    xTaskRemoveFromEventList                 0x08008795   Thumb Code   118  tasks.o(i.xTaskRemoveFromEventList)
    xTaskResumeAll                           0x0800885d   Thumb Code   214  tasks.o(i.xTaskResumeAll)
    xTimerCreateTimerTask                    0x08008991   Thumb Code    56  timers.o(i.xTimerCreateTimerTask)
    xTimerGenericCommand                     0x08008a15   Thumb Code   118  timers.o(i.xTimerGenericCommand)
    AHBPrescTable                            0x08008ac8   Data          16  system_stm32f4xx.o(.constdata)
    APBPrescTable                            0x08008ad8   Data           8  system_stm32f4xx.o(.constdata)
    asc2_1206                                0x08008af0   Data        1140  lcd.o(.constdata)
    asc2_1608                                0x08008f64   Data        1520  lcd.o(.constdata)
    asc2_2412                                0x08009554   Data        3420  lcd.o(.constdata)
    asc2_3216                                0x0800a2b0   Data        6080  lcd.o(.constdata)
    Region$$Table$$Base                      0x0800ba80   Number         0  anon$$obj.o(Region$$Table)
    Region$$Table$$Limit                     0x0800baa0   Number         0  anon$$obj.o(Region$$Table)
    SystemCoreClock                          0x20000000   Data           4  system_stm32f4xx.o(.data)
    StartTask_Handler                        0x20000004   Data           4  freertos_demo.o(.data)
    Task1Task_Handler                        0x20000008   Data           4  freertos_demo.o(.data)
    Task2Task_Handler                        0x2000000c   Data           4  freertos_demo.o(.data)
    Task3Task_Handler                        0x20000010   Data           4  freertos_demo.o(.data)
    UartTask_Handler                         0x20000014   Data           4  freertos_demo.o(.data)
    uwTick                                   0x2000001c   Data           4  stm32f4xx_hal.o(.data)
    uwTickPrio                               0x20000020   Data           4  stm32f4xx_hal.o(.data)
    uwTickFreq                               0x20000024   Data           1  stm32f4xx_hal.o(.data)
    Data                                     0x20000025   Data           5  driver_dht11.o(.data)
    g_point_color                            0x2000002c   Data           4  lcd.o(.data)
    g_back_color                             0x20000030   Data           4  lcd.o(.data)
    pxCurrentTCB                             0x20000034   Data           4  tasks.o(.data)
    __stdout                                 0x200000a8   Data           4  stdout.o(.data)
    s_UartTxRxCount                          0x20000fc0   Data          16  dev_uart.o(.bss)
    g_sram_handle                            0x20000fd0   Data          80  lcd.o(.bss)
    lcddev                                   0x20001020   Data          14  lcd.o(.bss)
    xQueueRegistry                           0x20001030   Data          64  queue.o(.bss)
    __initial_sp                             0x20003f80   Data           0  startup_stm32f407xx.o(STACK)



==============================================================================

Memory Map of the image

  Image Entry point : 0x08000189

  Load Region LR_IROM1 (Base: 0x08000000, Size: 0x0000bb4c, Max: 0x00100000, ABSOLUTE)

    Execution Region ER_IROM1 (Exec base: 0x08000000, Load base: 0x08000000, Size: 0x0000baa0, Max: 0x00100000, ABSOLUTE)

    Exec Addr    Load Addr    Size         Type   Attr      Idx    E Section Name        Object

    0x08000000   0x08000000   0x00000188   Data   RO            3    RESET               startup_stm32f407xx.o
    0x08000188   0x08000188   0x00000000   Code   RO         6270  * .ARM.Collect$$$$00000000  mc_w.l(entry.o)
    0x08000188   0x08000188   0x00000004   Code   RO         6552    .ARM.Collect$$$$00000001  mc_w.l(entry2.o)
    0x0800018c   0x0800018c   0x00000004   Code   RO         6555    .ARM.Collect$$$$00000004  mc_w.l(entry5.o)
    0x08000190   0x08000190   0x00000000   Code   RO         6557    .ARM.Collect$$$$00000008  mc_w.l(entry7b.o)
    0x08000190   0x08000190   0x00000000   Code   RO         6559    .ARM.Collect$$$$0000000A  mc_w.l(entry8b.o)
    0x08000190   0x08000190   0x00000008   Code   RO         6560    .ARM.Collect$$$$0000000B  mc_w.l(entry9a.o)
    0x08000198   0x08000198   0x00000000   Code   RO         6562    .ARM.Collect$$$$0000000D  mc_w.l(entry10a.o)
    0x08000198   0x08000198   0x00000000   Code   RO         6564    .ARM.Collect$$$$0000000F  mc_w.l(entry11a.o)
    0x08000198   0x08000198   0x00000004   Code   RO         6553    .ARM.Collect$$$$00002712  mc_w.l(entry2.o)
    0x0800019c   0x0800019c   0x000000b6   Code   RO         6129    .emb_text           port.o
    0x08000252   0x08000252   0x00000002   PAD
    0x08000254   0x08000254   0x00000034   Code   RO            4    .text               startup_stm32f407xx.o
    0x08000288   0x08000288   0x00000062   Code   RO         6273    .text               mc_w.l(uldiv.o)
    0x080002ea   0x080002ea   0x00000024   Code   RO         6275    .text               mc_w.l(memcpya.o)
    0x0800030e   0x0800030e   0x00000024   Code   RO         6277    .text               mc_w.l(memseta.o)
    0x08000332   0x08000332   0x000000e4   Code   RO         6546    .text               mf_w.l(dmul.o)
    0x08000416   0x08000416   0x0000001a   Code   RO         6548    .text               mf_w.l(dfltui.o)
    0x08000430   0x08000430   0x00000032   Code   RO         6550    .text               mf_w.l(dfixui.o)
    0x08000462   0x08000462   0x0000002c   Code   RO         6569    .text               mc_w.l(uidiv.o)
    0x0800048e   0x0800048e   0x0000001e   Code   RO         6571    .text               mc_w.l(llshl.o)
    0x080004ac   0x080004ac   0x00000020   Code   RO         6573    .text               mc_w.l(llushr.o)
    0x080004cc   0x080004cc   0x00000000   Code   RO         6575    .text               mc_w.l(iusefp.o)
    0x080004cc   0x080004cc   0x000000ba   Code   RO         6576    .text               mf_w.l(depilogue.o)
    0x08000586   0x08000586   0x00000002   PAD
    0x08000588   0x08000588   0x00000024   Code   RO         6586    .text               mc_w.l(init.o)
    0x080005ac   0x080005ac   0x00000000   Code   RO         6588    .text               mc_w.l(semi.o)
    0x080005ac   0x080005ac   0x00000000   Code   RO         6591    .text               mc_w.l(iusesemip.o)
    0x080005ac   0x080005ac   0x00000004   Code   RO          340    i.BusFault_Handler  stm32f4xx_it.o
    0x080005b0   0x080005b0   0x00000024   Code   RO         4504    i.DHT_GPIO_SET_INPUT  driver_dht11.o
    0x080005d4   0x080005d4   0x00000024   Code   RO         4505    i.DHT_GPIO_SET_OUTPUT  driver_dht11.o
    0x080005f8   0x080005f8   0x000000c8   Code   RO         4506    i.DHT_Read          driver_dht11.o
    0x080006c0   0x080006c0   0x0000007c   Code   RO         4507    i.DHT_Read_Byte     driver_dht11.o
    0x0800073c   0x0800073c   0x00000064   Code   RO         4844    i.DMA2_Stream2_IRQHandler  exti.o
    0x080007a0   0x080007a0   0x00000034   Code   RO         4845    i.DMA2_Stream7_IRQHandler  exti.o
    0x080007d4   0x080007d4   0x00000002   Code   RO          341    i.DebugMon_Handler  stm32f4xx_it.o
    0x080007d6   0x080007d6   0x00000002   PAD
    0x080007d8   0x080007d8   0x00000014   Code   RO         4846    i.EXTI0_IRQHandler  exti.o
    0x080007ec   0x080007ec   0x00000014   Code   RO         4847    i.EXTI2_IRQHandler  exti.o
    0x08000800   0x08000800   0x00000014   Code   RO         4848    i.EXTI3_IRQHandler  exti.o
    0x08000814   0x08000814   0x00000014   Code   RO         4849    i.EXTI4_IRQHandler  exti.o
    0x08000828   0x08000828   0x00000048   Code   RO         2519    i.FSMC_NORSRAM_Extended_Timing_Init  stm32f4xx_ll_fsmc.o
    0x08000870   0x08000870   0x0000005c   Code   RO         2520    i.FSMC_NORSRAM_Init  stm32f4xx_ll_fsmc.o
    0x080008cc   0x080008cc   0x00000044   Code   RO         2521    i.FSMC_NORSRAM_Timing_Init  stm32f4xx_ll_fsmc.o
    0x08000910   0x08000910   0x000000a0   Code   RO         4850    i.HAL_GPIO_EXTI_Callback  exti.o
    0x080009b0   0x080009b0   0x0000001c   Code   RO         1323    i.HAL_GPIO_EXTI_IRQHandler  stm32f4xx_hal_gpio.o
    0x080009cc   0x080009cc   0x00000204   Code   RO         1324    i.HAL_GPIO_Init     stm32f4xx_hal_gpio.o
    0x08000bd0   0x08000bd0   0x00000010   Code   RO         1326    i.HAL_GPIO_ReadPin  stm32f4xx_hal_gpio.o
    0x08000be0   0x08000be0   0x00000014   Code   RO         1327    i.HAL_GPIO_TogglePin  stm32f4xx_hal_gpio.o
    0x08000bf4   0x08000bf4   0x0000000c   Code   RO         1328    i.HAL_GPIO_WritePin  stm32f4xx_hal_gpio.o
    0x08000c00   0x08000c00   0x0000000c   Code   RO          901    i.HAL_GetREVID      stm32f4xx_hal.o
    0x08000c0c   0x08000c0c   0x0000000c   Code   RO          902    i.HAL_GetTick       stm32f4xx_hal.o
    0x08000c18   0x08000c18   0x00000018   Code   RO          908    i.HAL_IncTick       stm32f4xx_hal.o
    0x08000c30   0x08000c30   0x00000030   Code   RO          909    i.HAL_Init          stm32f4xx_hal.o
    0x08000c60   0x08000c60   0x0000004c   Code   RO          910    i.HAL_InitTick      stm32f4xx_hal.o
    0x08000cac   0x08000cac   0x00000002   Code   RO          912    i.HAL_MspInit       stm32f4xx_hal.o
    0x08000cae   0x08000cae   0x00000020   Code   RO         1080    i.HAL_NVIC_EnableIRQ  stm32f4xx_hal_cortex.o
    0x08000cce   0x08000cce   0x0000007c   Code   RO         1086    i.HAL_NVIC_SetPriority  stm32f4xx_hal_cortex.o
    0x08000d4a   0x08000d4a   0x00000002   PAD
    0x08000d4c   0x08000d4c   0x00000028   Code   RO         1087    i.HAL_NVIC_SetPriorityGrouping  stm32f4xx_hal_cortex.o
    0x08000d74   0x08000d74   0x00000184   Code   RO         1388    i.HAL_RCC_ClockConfig  stm32f4xx_hal_rcc.o
    0x08000ef8   0x08000ef8   0x000000b0   Code   RO         1397    i.HAL_RCC_GetSysClockFreq  stm32f4xx_hal_rcc.o
    0x08000fa8   0x08000fa8   0x0000049c   Code   RO         1400    i.HAL_RCC_OscConfig  stm32f4xx_hal_rcc.o
    0x08001444   0x08001444   0x00000058   Code   RO         2395    i.HAL_SRAM_Init     stm32f4xx_hal_sram.o
    0x0800149c   0x0800149c   0x000000a4   Code   RO         4583    i.HAL_SRAM_MspInit  lcd.o
    0x08001540   0x08001540   0x00000028   Code   RO         1089    i.HAL_SYSTICK_CLKSourceConfig  stm32f4xx_hal_cortex.o
    0x08001568   0x08001568   0x00000034   Code   RO         1091    i.HAL_SYSTICK_Config  stm32f4xx_hal_cortex.o
    0x0800159c   0x0800159c   0x00000004   Code   RO          342    i.HardFault_Handler  stm32f4xx_it.o
    0x080015a0   0x080015a0   0x0000001c   Code   RO         4929    i.LL_AHB1_GRP1_EnableClock  bsp_uart.o
    0x080015bc   0x080015bc   0x00000010   Code   RO         2637    i.LL_AHB1_GRP1_ForceReset  stm32f4xx_ll_dma.o
    0x080015cc   0x080015cc   0x00000010   Code   RO         2638    i.LL_AHB1_GRP1_ReleaseReset  stm32f4xx_ll_dma.o
    0x080015dc   0x080015dc   0x000001e4   Code   RO         2639    i.LL_DMA_DeInit     stm32f4xx_ll_dma.o
    0x080017c0   0x080017c0   0x0000001c   Code   RO         4930    i.LL_DMA_DisableFifoMode  bsp_uart.o
    0x080017dc   0x080017dc   0x00000018   Code   RO         4931    i.LL_DMA_EnableIT_TC  bsp_uart.o
    0x080017f4   0x080017f4   0x00000018   Code   RO         4932    i.LL_DMA_EnableStream  bsp_uart.o
    0x0800180c   0x0800180c   0x00000014   Code   RO         4851    i.LL_DMA_IsEnabledIT_TC  exti.o
    0x08001820   0x08001820   0x0000001c   Code   RO         2641    i.LL_DMA_SetChannelSelection  stm32f4xx_ll_dma.o
    0x0800183c   0x0800183c   0x0000001c   Code   RO         4933    i.LL_DMA_SetChannelSelection  bsp_uart.o
    0x08001858   0x08001858   0x00000020   Code   RO         4934    i.LL_DMA_SetDataLength  bsp_uart.o
    0x08001878   0x08001878   0x0000001c   Code   RO         4935    i.LL_DMA_SetDataTransferDirection  bsp_uart.o
    0x08001894   0x08001894   0x00000010   Code   RO         4936    i.LL_DMA_SetMemoryAddress  bsp_uart.o
    0x080018a4   0x080018a4   0x0000001c   Code   RO         4937    i.LL_DMA_SetMemoryIncMode  bsp_uart.o
    0x080018c0   0x080018c0   0x0000001c   Code   RO         4938    i.LL_DMA_SetMemorySize  bsp_uart.o
    0x080018dc   0x080018dc   0x0000001c   Code   RO         4939    i.LL_DMA_SetMode    bsp_uart.o
    0x080018f8   0x080018f8   0x00000010   Code   RO         4940    i.LL_DMA_SetPeriphAddress  bsp_uart.o
    0x08001908   0x08001908   0x0000001c   Code   RO         4941    i.LL_DMA_SetPeriphIncMode  bsp_uart.o
    0x08001924   0x08001924   0x0000001c   Code   RO         4942    i.LL_DMA_SetPeriphSize  bsp_uart.o
    0x08001940   0x08001940   0x0000001c   Code   RO         4943    i.LL_DMA_SetStreamPriorityLevel  bsp_uart.o
    0x0800195c   0x0800195c   0x00000138   Code   RO         2699    i.LL_GPIO_Init      stm32f4xx_ll_gpio.o
    0x08001a94   0x08001a94   0x00000024   Code   RO         2749    i.LL_RCC_GetSystemClocksFreq  stm32f4xx_ll_rcc.o
    0x08001ab8   0x08001ab8   0x00000010   Code   RO         2751    i.LL_RCC_PLL_GetN   stm32f4xx_ll_rcc.o
    0x08001ac8   0x08001ac8   0x000000c4   Code   RO         3039    i.LL_USART_Init     stm32f4xx_ll_usart.o
    0x08001b8c   0x08001b8c   0x0000000a   Code   RO         3040    i.LL_USART_IsEnabled  stm32f4xx_ll_usart.o
    0x08001b96   0x08001b96   0x000001b8   Code   RO         3041    i.LL_USART_SetBaudRate  stm32f4xx_ll_usart.o
    0x08001d4e   0x08001d4e   0x00000004   Code   RO          343    i.MemManage_Handler  stm32f4xx_it.o
    0x08001d52   0x08001d52   0x00000002   Code   RO          344    i.NMI_Handler       stm32f4xx_it.o
    0x08001d54   0x08001d54   0x00000040   Code   RO         4944    i.NVIC_EncodePriority  bsp_uart.o
    0x08001d94   0x08001d94   0x00000020   Code   RO         2753    i.RCC_GetHCLKClockFreq  stm32f4xx_ll_rcc.o
    0x08001db4   0x08001db4   0x00000024   Code   RO         2754    i.RCC_GetPCLK1ClockFreq  stm32f4xx_ll_rcc.o
    0x08001dd8   0x08001dd8   0x00000024   Code   RO         2755    i.RCC_GetPCLK2ClockFreq  stm32f4xx_ll_rcc.o
    0x08001dfc   0x08001dfc   0x00000044   Code   RO         2756    i.RCC_GetSystemClockFreq  stm32f4xx_ll_rcc.o
    0x08001e40   0x08001e40   0x00000070   Code   RO         2759    i.RCC_PLL_GetFreqDomain_SYS  stm32f4xx_ll_rcc.o
    0x08001eb0   0x08001eb0   0x00000014   Code   RO          761    i.SysTick_Handler   delay.o
    0x08001ec4   0x08001ec4   0x00000014   Code   RO          579    i.SystemInit        system_stm32f4xx.o
    0x08001ed8   0x08001ed8   0x0000003c   Code   RO         4852    i.USART1_IRQHandler  exti.o
    0x08001f14   0x08001f14   0x00000004   Code   RO          345    i.UsageFault_Handler  stm32f4xx_it.o
    0x08001f18   0x08001f18   0x00000020   Code   RO         6374    i.__0printf$3       mc_w.l(printf3.o)
    0x08001f38   0x08001f38   0x00000028   Code   RO         6376    i.__0sprintf$3      mc_w.l(printf3.o)
    0x08001f60   0x08001f60   0x0000001a   Code   RO         4945    i.__NVIC_EnableIRQ  bsp_uart.o
    0x08001f7a   0x08001f7a   0x00000002   PAD
    0x08001f7c   0x08001f7c   0x00000010   Code   RO         1093    i.__NVIC_GetPriorityGrouping  stm32f4xx_hal_cortex.o
    0x08001f8c   0x08001f8c   0x00000010   Code   RO         4946    i.__NVIC_GetPriorityGrouping  bsp_uart.o
    0x08001f9c   0x08001f9c   0x00000028   Code   RO         1094    i.__NVIC_SetPriority  stm32f4xx_hal_cortex.o
    0x08001fc4   0x08001fc4   0x00000028   Code   RO         4947    i.__NVIC_SetPriority  bsp_uart.o
    0x08001fec   0x08001fec   0x0000000e   Code   RO         6594    i.__scatterload_copy  mc_w.l(handlers.o)
    0x08001ffa   0x08001ffa   0x00000002   Code   RO         6595    i.__scatterload_null  mc_w.l(handlers.o)
    0x08001ffc   0x08001ffc   0x0000000e   Code   RO         6596    i.__scatterload_zeroinit  mc_w.l(handlers.o)
    0x0800200a   0x0800200a   0x00000002   PAD
    0x0800200c   0x0800200c   0x000001b8   Code   RO         6381    i._printf_core      mc_w.l(printf3.o)
    0x080021c4   0x080021c4   0x0000000a   Code   RO         6383    i._sputc            mc_w.l(printf3.o)
    0x080021ce   0x080021ce   0x00000002   PAD
    0x080021d0   0x080021d0   0x0000005c   Code   RO         4478    i.beep_init         beep.o
    0x0800222c   0x0800222c   0x000000c0   Code   RO         4948    i.bsp_uart1_dmarx_config  bsp_uart.o
    0x080022ec   0x080022ec   0x000000e4   Code   RO         4949    i.bsp_uart1_dmatx_config  bsp_uart.o
    0x080023d0   0x080023d0   0x0000001c   Code   RO         4950    i.bsp_uart1_get_dmarx_buf_remain_size  bsp_uart.o
    0x080023ec   0x080023ec   0x00000038   Code   RO          762    i.delay_init        delay.o
    0x08002424   0x08002424   0x00000018   Code   RO          763    i.delay_ms          delay.o
    0x0800243c   0x0800243c   0x00000048   Code   RO          764    i.delay_us          delay.o
    0x08002484   0x08002484   0x000000ac   Code   RO         4853    i.extix_init        exti.o
    0x08002530   0x08002530   0x00000018   Code   RO         6216    i.fifo_get_free_size  fifo.o
    0x08002548   0x08002548   0x0000000c   Code   RO         6217    i.fifo_get_occupy_size  fifo.o
    0x08002554   0x08002554   0x00000004   Code   RO          674    i.fifo_lock         dev_uart.o
    0x08002558   0x08002558   0x00000074   Code   RO         6219    i.fifo_read         fifo.o
    0x080025cc   0x080025cc   0x0000001a   Code   RO         6220    i.fifo_register     fifo.o
    0x080025e6   0x080025e6   0x00000004   Code   RO          675    i.fifo_unlock       dev_uart.o
    0x080025ea   0x080025ea   0x00000074   Code   RO         6222    i.fifo_write        fifo.o
    0x0800265e   0x0800265e   0x00000012   Code   RO         6566    i.fputc             mc_w.l(fputc.o)
    0x08002670   0x08002670   0x00000030   Code   RO          615    i.freertos_demo     freertos_demo.o
    0x080026a0   0x080026a0   0x000000fc   Code   RO         4550    i.key_init          key.o
    0x0800279c   0x0800279c   0x00000034   Code   RO         4584    i.lcd_clear         lcd.o
    0x080027d0   0x080027d0   0x0000016c   Code   RO         4586    i.lcd_display_dir   lcd.o
    0x0800293c   0x0800293c   0x00000020   Code   RO         4592    i.lcd_draw_point    lcd.o
    0x0800295c   0x0800295c   0x0000022c   Code   RO         4594    i.lcd_ex_ili9341_reginit  lcd.o
    0x08002b88   0x08002b88   0x00000340   Code   RO         4595    i.lcd_ex_ili9806_reginit  lcd.o
    0x08002ec8   0x08002ec8   0x00000ef2   Code   RO         4596    i.lcd_ex_nt35310_reginit  lcd.o
    0x08003dba   0x08003dba   0x00000f6e   Code   RO         4597    i.lcd_ex_nt35510_reginit  lcd.o
    0x08004d28   0x08004d28   0x0000016e   Code   RO         4598    i.lcd_ex_ssd1963_reginit  lcd.o
    0x08004e96   0x08004e96   0x000001a8   Code   RO         4599    i.lcd_ex_st7789_reginit  lcd.o
    0x0800503e   0x0800503e   0x000001c6   Code   RO         4600    i.lcd_ex_st7796_reginit  lcd.o
    0x08005204   0x08005204   0x00000514   Code   RO         4603    i.lcd_init          lcd.o
    0x08005718   0x08005718   0x0000000c   Code   RO         4604    i.lcd_opt_delay     lcd.o
    0x08005724   0x08005724   0x00000018   Code   RO         4606    i.lcd_rd_data       lcd.o
    0x0800573c   0x0800573c   0x0000023c   Code   RO         4608    i.lcd_scan_dir      lcd.o
    0x08005978   0x08005978   0x00000120   Code   RO         4609    i.lcd_set_cursor    lcd.o
    0x08005a98   0x08005a98   0x00000140   Code   RO         4611    i.lcd_show_char     lcd.o
    0x08005bd8   0x08005bd8   0x0000006a   Code   RO         4613    i.lcd_show_string   lcd.o
    0x08005c42   0x08005c42   0x00000002   PAD
    0x08005c44   0x08005c44   0x00000060   Code   RO         4615    i.lcd_ssd_backlight_set  lcd.o
    0x08005ca4   0x08005ca4   0x00000018   Code   RO         4616    i.lcd_wr_data       lcd.o
    0x08005cbc   0x08005cbc   0x00000018   Code   RO         4617    i.lcd_wr_regno      lcd.o
    0x08005cd4   0x08005cd4   0x00000014   Code   RO         4618    i.lcd_write_ram_prepare  lcd.o
    0x08005ce8   0x08005ce8   0x00000014   Code   RO         4619    i.lcd_write_reg     lcd.o
    0x08005cfc   0x08005cfc   0x00000098   Code   RO         4452    i.led_init          led.o
    0x08005d94   0x08005d94   0x0000003c   Code   RO           13    i.main              main.o
    0x08005dd0   0x08005dd0   0x000000a4   Code   RO         5522    i.prvAddCurrentTaskToDelayedList  tasks.o
    0x08005e74   0x08005e74   0x000000b8   Code   RO         5523    i.prvAddNewTaskToReadyList  tasks.o
    0x08005f2c   0x08005f2c   0x00000064   Code   RO         5924    i.prvCheckForValidListAndQueue  timers.o
    0x08005f90   0x08005f90   0x00000064   Code   RO         5524    i.prvCheckTasksWaitingTermination  tasks.o
    0x08005ff4   0x08005ff4   0x0000002a   Code   RO         5273    i.prvCopyDataFromQueue  queue.o
    0x0800601e   0x0800601e   0x0000007c   Code   RO         5274    i.prvCopyDataToQueue  queue.o
    0x0800609a   0x0800609a   0x00000012   Code   RO         5525    i.prvDeleteTCB      tasks.o
    0x080060ac   0x080060ac   0x00000028   Code   RO         5925    i.prvGetNextExpireTime  timers.o
    0x080060d4   0x080060d4   0x0000007c   Code   RO         6067    i.prvHeapInit       heap_4.o
    0x08006150   0x08006150   0x00000028   Code   RO         5526    i.prvIdleTask       tasks.o
    0x08006178   0x08006178   0x0000002e   Code   RO         5276    i.prvInitialiseNewQueue  queue.o
    0x080061a6   0x080061a6   0x00000002   PAD
    0x080061a8   0x080061a8   0x000000e8   Code   RO         5527    i.prvInitialiseNewTask  tasks.o
    0x08006290   0x08006290   0x00000068   Code   RO         5528    i.prvInitialiseTaskLists  tasks.o
    0x080062f8   0x080062f8   0x00000068   Code   RO         6068    i.prvInsertBlockIntoFreeList  heap_4.o
    0x08006360   0x08006360   0x00000058   Code   RO         5927    i.prvInsertTimerInActiveList  timers.o
    0x080063b8   0x080063b8   0x0000001a   Code   RO         5277    i.prvIsQueueEmpty   queue.o
    0x080063d2   0x080063d2   0x0000001e   Code   RO         5278    i.prvIsQueueFull    queue.o
    0x080063f0   0x080063f0   0x000000b4   Code   RO         5279    i.prvNotifyQueueSetContainer  queue.o
    0x080064a4   0x080064a4   0x00000090   Code   RO         5928    i.prvProcessExpiredTimer  timers.o
    0x08006534   0x08006534   0x0000013c   Code   RO         5929    i.prvProcessReceivedCommands  timers.o
    0x08006670   0x08006670   0x00000074   Code   RO         5930    i.prvProcessTimerOrBlockTask  timers.o
    0x080066e4   0x080066e4   0x00000034   Code   RO         5530    i.prvResetNextTaskUnblockTime  tasks.o
    0x08006718   0x08006718   0x0000002c   Code   RO         5931    i.prvSampleTimeNow  timers.o
    0x08006744   0x08006744   0x000000cc   Code   RO         5932    i.prvSwitchTimerLists  timers.o
    0x08006810   0x08006810   0x00000080   Code   RO         6130    i.prvTaskExitError  port.o
    0x08006890   0x08006890   0x0000001a   Code   RO         5933    i.prvTimerTask      timers.o
    0x080068aa   0x080068aa   0x00000092   Code   RO         5280    i.prvUnlockQueue    queue.o
    0x0800693c   0x0800693c   0x00000160   Code   RO         6069    i.pvPortMalloc      heap_4.o
    0x08006a9c   0x08006a9c   0x00000020   Code   RO         5535    i.pvTaskIncrementMutexHeldCount  tasks.o
    0x08006abc   0x08006abc   0x0000002c   Code   RO         6131    i.pxPortInitialiseStack  port.o
    0x08006ae8   0x08006ae8   0x000000b0   Code   RO          616    i.start_task        freertos_demo.o
    0x08006b98   0x08006b98   0x000000dc   Code   RO          817    i.sys_stm32_clock_init  sys.o
    0x08006c74   0x08006c74   0x00000020   Code   RO          617    i.task1             freertos_demo.o
    0x08006c94   0x08006c94   0x00000020   Code   RO          618    i.task2             freertos_demo.o
    0x08006cb4   0x08006cb4   0x00000080   Code   RO          619    i.task3_lcd         freertos_demo.o
    0x08006d34   0x08006d34   0x00000144   Code   RO         4951    i.uart1_dma_init    bsp_uart.o
    0x08006e78   0x08006e78   0x00000178   Code   RO          676    i.uart_device_init  dev_uart.o
    0x08006ff0   0x08006ff0   0x000000a0   Code   RO          677    i.uart_dmarx_done_isr  dev_uart.o
    0x08007090   0x08007090   0x000000b0   Code   RO          678    i.uart_dmarx_half_done_isr  dev_uart.o
    0x08007140   0x08007140   0x000000b0   Code   RO          679    i.uart_dmarx_idle_isr  dev_uart.o
    0x080071f0   0x080071f0   0x00000018   Code   RO          680    i.uart_dmatx_done_isr  dev_uart.o
    0x08007208   0x08007208   0x0000002e   Code   RO          620    i.uart_loop_task    freertos_demo.o
    0x08007236   0x08007236   0x00000002   PAD
    0x08007238   0x08007238   0x000000b4   Code   RO          681    i.uart_poll_dma_tx  dev_uart.o
    0x080072ec   0x080072ec   0x0000002c   Code   RO          682    i.uart_read         dev_uart.o
    0x08007318   0x08007318   0x00000028   Code   RO          683    i.uart_write        dev_uart.o
    0x08007340   0x08007340   0x00000028   Code   RO         5222    i.uxListRemove      list.o
    0x08007368   0x08007368   0x0000001a   Code   RO         5223    i.vListInitialise   list.o
    0x08007382   0x08007382   0x00000006   Code   RO         5224    i.vListInitialiseItem  list.o
    0x08007388   0x08007388   0x00000034   Code   RO         5225    i.vListInsert       list.o
    0x080073bc   0x080073bc   0x00000018   Code   RO         5226    i.vListInsertEnd    list.o
    0x080073d4   0x080073d4   0x00000094   Code   RO         6133    i.vPortEnterCritical  port.o
    0x08007468   0x08007468   0x0000007c   Code   RO         6134    i.vPortExitCritical  port.o
    0x080074e4   0x080074e4   0x000000c4   Code   RO         6070    i.vPortFree         heap_4.o
    0x080075a8   0x080075a8   0x00000020   Code   RO         6135    i.vPortSetupTimerInterrupt  port.o
    0x080075c8   0x080075c8   0x000000ac   Code   RO         6136    i.vPortValidateInterruptPriority  port.o
    0x08007674   0x08007674   0x0000002c   Code   RO         5286    i.vQueueAddToRegistry  queue.o
    0x080076a0   0x080076a0   0x0000004a   Code   RO         5290    i.vQueueWaitForMessageRestricted  queue.o
    0x080076ea   0x080076ea   0x00000002   PAD
    0x080076ec   0x080076ec   0x00000088   Code   RO         5544    i.vTaskDelay        tasks.o
    0x08007774   0x08007774   0x00000120   Code   RO         5546    i.vTaskDelete       tasks.o
    0x08007894   0x08007894   0x0000000c   Code   RO         5550    i.vTaskMissedYield  tasks.o
    0x080078a0   0x080078a0   0x00000068   Code   RO         5552    i.vTaskPlaceOnEventList  tasks.o
    0x08007908   0x08007908   0x00000070   Code   RO         5553    i.vTaskPlaceOnEventListRestricted  tasks.o
    0x08007978   0x08007978   0x000000b0   Code   RO         5555    i.vTaskPriorityInherit  tasks.o
    0x08007a28   0x08007a28   0x00000060   Code   RO         5559    i.vTaskSetTimeOutState  tasks.o
    0x08007a88   0x08007a88   0x000000c0   Code   RO         5560    i.vTaskStartScheduler  tasks.o
    0x08007b48   0x08007b48   0x00000010   Code   RO         5562    i.vTaskSuspendAll   tasks.o
    0x08007b58   0x08007b58   0x000000bc   Code   RO         5563    i.vTaskSwitchContext  tasks.o
    0x08007c14   0x08007c14   0x00000168   Code   RO         6137    i.xPortStartScheduler  port.o
    0x08007d7c   0x08007d7c   0x00000034   Code   RO         6138    i.xPortSysTickHandler  port.o
    0x08007db0   0x08007db0   0x00000088   Code   RO         5295    i.xQueueGenericCreate  queue.o
    0x08007e38   0x08007e38   0x000001dc   Code   RO         5296    i.xQueueGenericReceive  queue.o
    0x08008014   0x08008014   0x000000c4   Code   RO         5297    i.xQueueGenericReset  queue.o
    0x080080d8   0x080080d8   0x000001d8   Code   RO         5298    i.xQueueGenericSend  queue.o
    0x080082b0   0x080082b0   0x00000124   Code   RO         5299    i.xQueueGenericSendFromISR  queue.o
    0x080083d4   0x080083d4   0x000000d0   Code   RO         5565    i.xTaskCheckForTimeOut  tasks.o
    0x080084a4   0x080084a4   0x00000060   Code   RO         5566    i.xTaskCreate       tasks.o
    0x08008504   0x08008504   0x00000020   Code   RO         5572    i.xTaskGetSchedulerState  tasks.o
    0x08008524   0x08008524   0x0000000c   Code   RO         5573    i.xTaskGetTickCount  tasks.o
    0x08008530   0x08008530   0x00000178   Code   RO         5575    i.xTaskIncrementTick  tasks.o
    0x080086a8   0x080086a8   0x000000ec   Code   RO         5578    i.xTaskPriorityDisinherit  tasks.o
    0x08008794   0x08008794   0x000000c8   Code   RO         5579    i.xTaskRemoveFromEventList  tasks.o
    0x0800885c   0x0800885c   0x00000134   Code   RO         5581    i.xTaskResumeAll    tasks.o
    0x08008990   0x08008990   0x00000084   Code   RO         5937    i.xTimerCreateTimerTask  timers.o
    0x08008a14   0x08008a14   0x000000b4   Code   RO         5938    i.xTimerGenericCommand  timers.o
    0x08008ac8   0x08008ac8   0x00000018   Data   RO          580    .constdata          system_stm32f4xx.o
    0x08008ae0   0x08008ae0   0x00000008   Data   RO         2643    .constdata          stm32f4xx_ll_dma.o
    0x08008ae8   0x08008ae8   0x00002f88   Data   RO         4621    .constdata          lcd.o
    0x0800ba70   0x0800ba70   0x00000008   Data   RO         4854    .constdata          exti.o
    0x0800ba78   0x0800ba78   0x00000008   Data   RO         4952    .constdata          bsp_uart.o
    0x0800ba80   0x0800ba80   0x00000020   Data   RO         6592    Region$$Table       anon$$obj.o


    Execution Region RW_IRAM1 (Exec base: 0x20000000, Load base: 0x0800baa0, Size: 0x00003f80, Max: 0x00020000, ABSOLUTE)

    Exec Addr    Load Addr    Size         Type   Attr      Idx    E Section Name        Object

    0x20000000   0x0800baa0   0x00000004   Data   RW          581    .data               system_stm32f4xx.o
    0x20000004   0x0800baa4   0x00000014   Data   RW          622    .data               freertos_demo.o
    0x20000018   0x0800bab8   0x00000004   Data   RW          766    .data               delay.o
    0x2000001c   0x0800babc   0x00000009   Data   RW          916    .data               stm32f4xx_hal.o
    0x20000025   0x0800bac5   0x00000005   Data   RW         4509    .data               driver_dht11.o
    0x2000002a   0x0800baca   0x00000002   PAD
    0x2000002c   0x0800bacc   0x00000008   Data   RW         4622    .data               lcd.o
    0x20000034   0x0800bad4   0x0000003c   Data   RW         5585    .data               tasks.o
    0x20000070   0x0800bb10   0x00000014   Data   RW         5947    .data               timers.o
    0x20000084   0x0800bb24   0x00000018   Data   RW         6076    .data               heap_4.o
    0x2000009c   0x0800bb3c   0x0000000c   Data   RW         6140    .data               port.o
    0x200000a8   0x0800bb48   0x00000004   Data   RW         6568    .data               mc_w.l(stdout.o)
    0x200000ac        -       0x00000f24   Zero   RW          684    .bss                dev_uart.o
    0x20000fd0        -       0x0000005e   Zero   RW         4620    .bss                lcd.o
    0x2000102e   0x0800bb4c   0x00000002   PAD
    0x20001030        -       0x00000040   Zero   RW         5310    .bss                queue.o
    0x20001070        -       0x000002e4   Zero   RW         5583    .bss                tasks.o
    0x20001354        -       0x00000028   Zero   RW         5945    .bss                timers.o
    0x2000137c        -       0x00002800   Zero   RW         6074    .bss                heap_4.o
    0x20003b7c   0x0800bb4c   0x00000004   PAD
    0x20003b80        -       0x00000400   Zero   RW            1    STACK               startup_stm32f407xx.o


==============================================================================

Image component sizes


      Code (inc. data)   RO Data    RW Data    ZI Data      Debug   Object Name

        92         10          0          0          0        924   beep.o
      1310        156          8          0          0      78708   bsp_uart.o
       172          8          0          4          0       2665   delay.o
      1184         94          0          0       3876       7810   dev_uart.o
       396         24          0          5          0       3381   driver_dht11.o
         0          0          0          0          0      10428   event_groups.o
       644         68          8          0          0      34230   exti.o
       294          0          0          0          0       4069   fifo.o
       462        134          0         20          0       3993   freertos_demo.o
       776        200          0         24      10240       4167   heap_4.o
       252         12          0          0          0       1119   key.o
     13826        172      12168          8         94      26679   lcd.o
       152         10          0          0          0        967   led.o
       148          0          0          0          0       3490   list.o
        60          0          0          0          0     713835   main.o
      1242        456          0         12          0      11241   port.o
      2284        358          0          0         64      16585   queue.o
        52         14        392          0       1024        980   startup_stm32f407xx.o
       174         34          0          9          0       9970   stm32f4xx_hal.o
       344         22          0          0          0      35237   stm32f4xx_hal_cortex.o
       592         50          0          0          0       4191   stm32f4xx_hal_gpio.o
      1744         58          0          0          0       3976   stm32f4xx_hal_rcc.o
        88          0          0          0          0       1248   stm32f4xx_hal_sram.o
        20          0          0          0          0       2881   stm32f4xx_it.o
       544         26          8          0          0      27688   stm32f4xx_ll_dma.o
       232         10          0          0          0       2807   stm32f4xx_ll_fsmc.o
       312          0          0          0          0       7403   stm32f4xx_ll_gpio.o
       336         60          0          0          0      28477   stm32f4xx_ll_rcc.o
       646         26          0          0          0      16672   stm32f4xx_ll_usart.o
       220         12          0          0          0       1375   sys.o
        20          6         24          4          0       1399   system_stm32f4xx.o
      3714       1146          0         60        740      30943   tasks.o
      1390        392          0         20         40       9415   timers.o

    ----------------------------------------------------------------------
     33738       3558      12640        168      16084    1108953   Object Totals
         0          0         32          0          0          0   (incl. Generated)
        16          0          0          2          6          0   (incl. Padding)

    ----------------------------------------------------------------------

      Code (inc. data)   RO Data    RW Data    ZI Data      Debug   Library Member Name

         0          0          0          0          0          0   entry.o
         0          0          0          0          0          0   entry10a.o
         0          0          0          0          0          0   entry11a.o
         8          4          0          0          0          0   entry2.o
         4          0          0          0          0          0   entry5.o
         0          0          0          0          0          0   entry7b.o
         0          0          0          0          0          0   entry8b.o
         8          4          0          0          0          0   entry9a.o
        18          0          0          0          0         80   fputc.o
        30          0          0          0          0          0   handlers.o
        36          8          0          0          0         68   init.o
         0          0          0          0          0          0   iusefp.o
         0          0          0          0          0          0   iusesemip.o
        30          0          0          0          0         68   llshl.o
        32          0          0          0          0         68   llushr.o
        36          0          0          0          0         68   memcpya.o
        36          0          0          0          0        108   memseta.o
       522         20          0          0          0        336   printf3.o
         0          0          0          0          0          0   semi.o
         0          0          0          4          0          0   stdout.o
        44          0          0          0          0         80   uidiv.o
        98          0          0          0          0         92   uldiv.o
       186          0          0          0          0        176   depilogue.o
        50          0          0          0          0         76   dfixui.o
        26          0          0          0          0         76   dfltui.o
       228          0          0          0          0         96   dmul.o

    ----------------------------------------------------------------------
      1398         36          0          4          0       1392   Library Totals
         6          0          0          0          0          0   (incl. Padding)

    ----------------------------------------------------------------------

      Code (inc. data)   RO Data    RW Data    ZI Data      Debug   Library Name

       902         36          0          4          0        968   mc_w.l
       490          0          0          0          0        424   mf_w.l

    ----------------------------------------------------------------------
      1398         36          0          4          0       1392   Library Totals

    ----------------------------------------------------------------------

==============================================================================


      Code (inc. data)   RO Data    RW Data    ZI Data      Debug   

     35136       3594      12640        172      16084    1089821   Grand Totals
     35136       3594      12640        172      16084    1089821   ELF Image Totals
     35136       3594      12640        172          0          0   ROM Totals

==============================================================================

    Total RO  Size (Code + RO Data)                47776 (  46.66kB)
    Total RW  Size (RW Data + ZI Data)             16256 (  15.88kB)
    Total ROM Size (Code + RO Data + RW Data)      47948 (  46.82kB)

==============================================================================

