<html>
<body>
<pre>
<h1>µVision Build Log</h1>
<h2>Tool Versions:</h2>
IDE-Version: ¦ÌVision V5.24.2.0
Copyright (C) 2017 ARM Ltd and ARM Germany GmbH. All rights reserved.
License Information: a Administrator, a, LIC=FYKYW-Q97WB-631MB-2EQ9H-84HUS-C4SYI
 
Tool Versions:
Toolchain:       MDK-ARM Plus  Version: 5.24.1
Toolchain Path:  D:\keil5\ARM\ARMCC\Bin
C Compiler:      Armcc.exe V5.06 update 5 (build 528)
Assembler:       Armasm.exe V5.06 update 5 (build 528)
Linker/Locator:  ArmLink.exe V5.06 update 5 (build 528)
Library Manager: ArmAr.exe V5.06 update 5 (build 528)
Hex Converter:   FromElf.exe V5.06 update 5 (build 528)
CPU DLL:         SARMCM3.DLL V5.24.1
Dialog DLL:      DCM.DLL V1.16.0.0
Target DLL:      STLink\ST-LINKIII-KEIL_SWO.dll V3.0.1.0
Dialog DLL:      TCM.DLL V1.32.0.0
 
<h2>Project:</h2>
D:\FreeRTOS\resume_project\resume_project1\Projects\MDK-ARM\atk_f407.uvprojx
Project File Date:  07/17/2025

<h2>Output:</h2>
*** Using Compiler 'V5.06 update 5 (build 528)', folder: 'D:\keil5\ARM\ARMCC\Bin'
Rebuild target 'project1'
compiling usart.c...
assembling startup_stm32f407xx.s...
compiling stm32f4xx_hal.c...
compiling stm32f4xx_hal_dma.c...
compiling system_stm32f4xx.c...
compiling stm32f4xx_hal_gpio.c...
compiling stm32f4xx_hal_cortex.c...
compiling sys.c...
compiling stm32f4xx_it.c...
compiling dev_uart.c...
compiling delay.c...
compiling freertos_demo.c...
compiling main.c...
compiling stm32f4xx_hal_pwr.c...
compiling stm32f4xx_hal_pwr_ex.c...
compiling stm32f4xx_hal_usart.c...
compiling stm32f4xx_hal_rcc_ex.c...
compiling stm32f4xx_hal_rcc.c...
compiling stm32f4xx_hal_sram.c...
compiling stm32f4xx_hal_uart.c...
compiling stm32f4xx_hal_dma_ex.c...
compiling stm32f4xx_ll_fsmc.c...
compiling stm32f4xx_ll_gpio.c...
compiling stm32f4xx_ll_dma.c...
compiling stm32f4xx_ll_fmpi2c.c...
compiling stm32f4xx_ll_exti.c...
compiling stm32f4xx_ll_rtc.c...
compiling stm32f4xx_ll_rcc.c...
compiling stm32f4xx_ll_utils.c...
compiling stm32f4xx_ll_usart.c...
compiling stm32f4xx_ll_adc.c...
compiling stm32f4xx_ll_dac.c...
compiling stm32f4xx_ll_crc.c...
compiling stm32f4xx_ll_dma2d.c...
compiling stm32f4xx_ll_fmc.c...
compiling stm32f4xx_ll_rng.c...
compiling stm32f4xx_ll_pwr.c...
compiling stm32f4xx_ll_sdmmc.c...
compiling stm32f4xx_ll_i2c.c...
compiling stm32f4xx_ll_lptim.c...
compiling stm32f4xx_ll_spi.c...
compiling stm32f4xx_ll_usb.c...
compiling stm32f4xx_ll_tim.c...
compiling led.c...
compiling beep.c...
compiling key.c...
compiling driver_dht11.c...
compiling bsp_uart.c...
compiling fifo.c...
compiling lcd.c...
compiling croutine.c...
compiling exti.c...
compiling event_groups.c...
compiling list.c...
compiling queue.c...
compiling port.c...
compiling timers.c...
compiling heap_4.c...
compiling tasks.c...
linking...
Program Size: Code=35136 RO-data=12640 RW-data=172 ZI-data=16084  
FromELF: creating hex file...
"..\..\Output\atk_f407.axf" - 0 Error(s), 0 Warning(s).

<h2>Software Packages used:</h2>

Package Vendor: Keil
                http://www.keil.com/pack/Keil.STM32F4xx_DFP.2.15.0.pack
                Keil.STM32F4xx_DFP.2.15.0
                STMicroelectronics STM32F4 Series Device Support, Drivers and Examples

<h2>Collection of Component include folders:</h2>
  .\RTE\_project1
  D:\keil5\ARM\PACK\Keil\STM32F4xx_DFP\2.15.0\Drivers\CMSIS\Device\ST\STM32F4xx\Include

<h2>Collection of Component Files used:</h2>
Build Time Elapsed:  00:00:30
</pre>
</body>
</html>
