Component: ARM Compiler 5.06 update 5 (build 528) Tool: armlink [4d35e2]

==============================================================================

Section Cross References

    startup_stm32f407xx.o(STACK) refers (Special) to heapauxi.o(.text) for __use_two_region_memory
    startup_stm32f407xx.o(HEAP) refers (Special) to heapauxi.o(.text) for __use_two_region_memory
    startup_stm32f407xx.o(RESET) refers (Special) to heapauxi.o(.text) for __use_two_region_memory
    startup_stm32f407xx.o(RESET) refers to startup_stm32f407xx.o(STACK) for __initial_sp
    startup_stm32f407xx.o(RESET) refers to startup_stm32f407xx.o(.text) for Reset_Handler
    startup_stm32f407xx.o(RESET) refers to stm32f4xx_it.o(i.NMI_Handler) for NMI_Handler
    startup_stm32f407xx.o(RESET) refers to stm32f4xx_it.o(i.HardFault_Handler) for HardFault_Handler
    startup_stm32f407xx.o(RESET) refers to stm32f4xx_it.o(i.MemManage_Handler) for MemManage_Handler
    startup_stm32f407xx.o(RESET) refers to stm32f4xx_it.o(i.BusFault_Handler) for BusFault_Handler
    startup_stm32f407xx.o(RESET) refers to stm32f4xx_it.o(i.UsageFault_Handler) for UsageFault_Handler
    startup_stm32f407xx.o(RESET) refers to port.o(.emb_text) for SVC_Handler
    startup_stm32f407xx.o(RESET) refers to stm32f4xx_it.o(i.DebugMon_Handler) for DebugMon_Handler
    startup_stm32f407xx.o(RESET) refers to delay.o(i.SysTick_Handler) for SysTick_Handler
    startup_stm32f407xx.o(RESET) refers to exti.o(i.EXTI0_IRQHandler) for EXTI0_IRQHandler
    startup_stm32f407xx.o(RESET) refers to exti.o(i.EXTI2_IRQHandler) for EXTI2_IRQHandler
    startup_stm32f407xx.o(RESET) refers to exti.o(i.EXTI3_IRQHandler) for EXTI3_IRQHandler
    startup_stm32f407xx.o(RESET) refers to exti.o(i.EXTI4_IRQHandler) for EXTI4_IRQHandler
    startup_stm32f407xx.o(RESET) refers to usart.o(i.USART1_IRQHandler) for USART1_IRQHandler
    startup_stm32f407xx.o(.text) refers (Special) to heapauxi.o(.text) for __use_two_region_memory
    startup_stm32f407xx.o(.text) refers to system_stm32f4xx.o(i.SystemInit) for SystemInit
    startup_stm32f407xx.o(.text) refers to __main.o(!!!main) for __main
    startup_stm32f407xx.o(.text) refers to startup_stm32f407xx.o(HEAP) for Heap_Mem
    startup_stm32f407xx.o(.text) refers to startup_stm32f407xx.o(STACK) for Stack_Mem
    main.o(i.main) refers to stm32f4xx_hal.o(i.HAL_Init) for HAL_Init
    main.o(i.main) refers to sys.o(i.sys_stm32_clock_init) for sys_stm32_clock_init
    main.o(i.main) refers to delay.o(i.delay_init) for delay_init
    main.o(i.main) refers to usart.o(i.usart_init) for usart_init
    main.o(i.main) refers to led.o(i.led_init) for led_init
    main.o(i.main) refers to beep.o(i.beep_init) for beep_init
    main.o(i.main) refers to exti.o(i.extix_init) for extix_init
    main.o(i.main) refers to lcd.o(i.lcd_init) for lcd_init
    main.o(i.main) refers to key.o(i.key_init) for key_init
    main.o(i.main) refers to freertos_demo.o(i.freertos_demo) for freertos_demo
    system_stm32f4xx.o(i.SystemCoreClockUpdate) refers to system_stm32f4xx.o(.data) for SystemCoreClock
    system_stm32f4xx.o(i.SystemCoreClockUpdate) refers to system_stm32f4xx.o(.constdata) for AHBPrescTable
    freertos_demo.o(i.freertos_demo) refers to tasks.o(i.xTaskCreate) for xTaskCreate
    freertos_demo.o(i.freertos_demo) refers to tasks.o(i.vTaskStartScheduler) for vTaskStartScheduler
    freertos_demo.o(i.freertos_demo) refers to freertos_demo.o(.data) for StartTask_Handler
    freertos_demo.o(i.freertos_demo) refers to freertos_demo.o(i.start_task) for start_task
    freertos_demo.o(i.start_task) refers to port.o(i.vPortEnterCritical) for vPortEnterCritical
    freertos_demo.o(i.start_task) refers to tasks.o(i.xTaskCreate) for xTaskCreate
    freertos_demo.o(i.start_task) refers to tasks.o(i.vTaskDelete) for vTaskDelete
    freertos_demo.o(i.start_task) refers to port.o(i.vPortExitCritical) for vPortExitCritical
    freertos_demo.o(i.start_task) refers to freertos_demo.o(.data) for Task1Task_Handler
    freertos_demo.o(i.start_task) refers to freertos_demo.o(i.task1) for task1
    freertos_demo.o(i.start_task) refers to freertos_demo.o(i.task2) for task2
    freertos_demo.o(i.start_task) refers to freertos_demo.o(i.task3) for task3
    freertos_demo.o(i.task1) refers to stm32f4xx_hal_gpio.o(i.HAL_GPIO_TogglePin) for HAL_GPIO_TogglePin
    freertos_demo.o(i.task1) refers to tasks.o(i.vTaskDelay) for vTaskDelay
    freertos_demo.o(i.task2) refers to stm32f4xx_hal_gpio.o(i.HAL_GPIO_TogglePin) for HAL_GPIO_TogglePin
    freertos_demo.o(i.task2) refers to tasks.o(i.vTaskDelay) for vTaskDelay
    freertos_demo.o(i.task3) refers to _printf_percent.o(.ARM.Collect$$_printf_percent$$00000000) for _printf_percent
    freertos_demo.o(i.task3) refers to _printf_d.o(.ARM.Collect$$_printf_percent$$00000009) for _printf_d
    freertos_demo.o(i.task3) refers to _printf_dec.o(.text) for _printf_int_dec
    freertos_demo.o(i.task3) refers to driver_dht11.o(i.DHT_Read) for DHT_Read
[...]
    i.prvNotifyQueueSetContainer             0x08006124   Section        0  queue.o(i.prvNotifyQueueSetContainer)
    prvNotifyQueueSetContainer               0x08006125   Thumb Code   124  queue.o(i.prvNotifyQueueSetContainer)
    i.prvProcessExpiredTimer                 0x080061d8   Section        0  timers.o(i.prvProcessExpiredTimer)
    prvProcessExpiredTimer                   0x080061d9   Thumb Code    84  timers.o(i.prvProcessExpiredTimer)
    i.prvProcessReceivedCommands             0x08006268   Section        0  timers.o(i.prvProcessReceivedCommands)
    prvProcessReceivedCommands               0x08006269   Thumb Code   254  timers.o(i.prvProcessReceivedCommands)
    i.prvProcessTimerOrBlockTask             0x080063a4   Section        0  timers.o(i.prvProcessTimerOrBlockTask)
    prvProcessTimerOrBlockTask               0x080063a5   Thumb Code   102  timers.o(i.prvProcessTimerOrBlockTask)
    i.prvResetNextTaskUnblockTime            0x08006418   Section        0  tasks.o(i.prvResetNextTaskUnblockTime)
    prvResetNextTaskUnblockTime              0x08006419   Thumb Code    42  tasks.o(i.prvResetNextTaskUnblockTime)
    i.prvSampleTimeNow                       0x0800644c   Section        0  timers.o(i.prvSampleTimeNow)
    prvSampleTimeNow                         0x0800644d   Thumb Code    40  timers.o(i.prvSampleTimeNow)
    i.prvSwitchTimerLists                    0x08006478   Section        0  timers.o(i.prvSwitchTimerLists)
    prvSwitchTimerLists                      0x08006479   Thumb Code   140  timers.o(i.prvSwitchTimerLists)
    i.prvTaskExitError                       0x08006544   Section        0  port.o(i.prvTaskExitError)
    prvTaskExitError                         0x08006545   Thumb Code    50  port.o(i.prvTaskExitError)
    i.prvTimerTask                           0x080065c4   Section        0  timers.o(i.prvTimerTask)
    prvTimerTask                             0x080065c5   Thumb Code    26  timers.o(i.prvTimerTask)
    i.prvUnlockQueue                         0x080065de   Section        0  queue.o(i.prvUnlockQueue)
    prvUnlockQueue                           0x080065df   Thumb Code   146  queue.o(i.prvUnlockQueue)
    i.pvPortMalloc                           0x08006670   Section        0  heap_4.o(i.pvPortMalloc)
    i.pvTaskIncrementMutexHeldCount          0x080067d0   Section        0  tasks.o(i.pvTaskIncrementMutexHeldCount)
    i.pxPortInitialiseStack                  0x080067f0   Section        0  port.o(i.pxPortInitialiseStack)
    i.start_task                             0x0800681c   Section        0  freertos_demo.o(i.start_task)
    i.sys_stm32_clock_init                   0x080068a4   Section        0  sys.o(i.sys_stm32_clock_init)
    i.task1                                  0x08006980   Section        0  freertos_demo.o(i.task1)
    i.task2                                  0x080069a0   Section        0  freertos_demo.o(i.task2)
    i.task3                                  0x080069c0   Section        0  freertos_demo.o(i.task3)
    i.usart_init                             0x08006a40   Section        0  usart.o(i.usart_init)
    i.uxListRemove                           0x08006a78   Section        0  list.o(i.uxListRemove)
    i.vListInitialise                        0x08006aa0   Section        0  list.o(i.vListInitialise)
    i.vListInitialiseItem                    0x08006aba   Section        0  list.o(i.vListInitialiseItem)
    i.vListInsert                            0x08006ac0   Section        0  list.o(i.vListInsert)
    i.vListInsertEnd                         0x08006af4   Section        0  list.o(i.vListInsertEnd)
    i.vPortEnterCritical                     0x08006b0c   Section        0  port.o(i.vPortEnterCritical)
    i.vPortExitCritical                      0x08006ba0   Section        0  port.o(i.vPortExitCritical)
    i.vPortFree                              0x08006c1c   Section        0  heap_4.o(i.vPortFree)
    i.vPortSetupTimerInterrupt               0x08006ce0   Section        0  port.o(i.vPortSetupTimerInterrupt)
    i.vPortValidateInterruptPriority         0x08006d00   Section        0  port.o(i.vPortValidateInterruptPriority)
    i.vQueueAddToRegistry                    0x08006dac   Section        0  queue.o(i.vQueueAddToRegistry)
    i.vQueueWaitForMessageRestricted         0x08006dd8   Section        0  queue.o(i.vQueueWaitForMessageRestricted)
    i.vTaskDelay                             0x08006e24   Section        0  tasks.o(i.vTaskDelay)
    i.vTaskDelete                            0x08006eac   Section        0  tasks.o(i.vTaskDelete)
    i.vTaskMissedYield                       0x08006fcc   Section        0  tasks.o(i.vTaskMissedYield)
    i.vTaskPlaceOnEventList                  0x08006fd8   Section        0  tasks.o(i.vTaskPlaceOnEventList)
    i.vTaskPlaceOnEventListRestricted        0x08007040   Section        0  tasks.o(i.vTaskPlaceOnEventListRestricted)
    i.vTaskPriorityInherit                   0x080070b0   Section        0  tasks.o(i.vTaskPriorityInherit)
    i.vTaskSetTimeOutState                   0x08007160   Section        0  tasks.o(i.vTaskSetTimeOutState)
    i.vTaskStartScheduler                    0x080071c0   Section        0  tasks.o(i.vTaskStartScheduler)
    i.vTaskSuspendAll                        0x08007280   Section        0  tasks.o(i.vTaskSuspendAll)
    i.vTaskSwitchContext                     0x08007290   Section        0  tasks.o(i.vTaskSwitchContext)
    i.xPortStartScheduler                    0x0800734c   Section        0  port.o(i.xPortStartScheduler)
    i.xPortSysTickHandler                    0x080074b4   Section        0  port.o(i.xPortSysTickHandler)
    i.xQueueGenericCreate                    0x080074e8   Section        0  queue.o(i.xQueueGenericCreate)
    i.xQueueGenericReceive                   0x08007570   Section        0  queue.o(i.xQueueGenericReceive)
    i.xQueueGenericReset                     0x0800774c   Section        0  queue.o(i.xQueueGenericReset)
    i.xQueueGenericSend                      0x08007810   Section        0  queue.o(i.xQueueGenericSend)
    i.xQueueGenericSendFromISR               0x080079e8   Section        0  queue.o(i.xQueueGenericSendFromISR)
    i.xTaskCheckForTimeOut                   0x08007b0c   Section        0  tasks.o(i.xTaskCheckForTimeOut)
    i.xTaskCreate                            0x08007bdc   Section        0  tasks.o(i.xTaskCreate)
    i.xTaskGetSchedulerState                 0x08007c3c   Section        0  tasks.o(i.xTaskGetSchedulerState)
    i.xTaskGetTickCount                      0x08007c5c   Section        0  tasks.o(i.xTaskGetTickCount)
    i.xTaskIncrementTick                     0x08007c68   Section        0  tasks.o(i.xTaskIncrementTick)
    i.xTaskPriorityDisinherit                0x08007de0   Section        0  tasks.o(i.xTaskPriorityDisinherit)
    i.xTaskRemoveFromEventList               0x08007ecc   Section        0  tasks.o(i.xTaskRemoveFromEventList)
    i.xTaskResumeAll                         0x08007f94   Section        0  tasks.o(i.xTaskResumeAll)
    i.xTimerCreateTimerTask                  0x080080c8   Section        0  timers.o(i.xTimerCreateTimerTask)
    i.xTimerGenericCommand                   0x0800814c   Section        0  timers.o(i.xTimerGenericCommand)
    x$fpl$dfixu                              0x08008200   Section       90  dfixu.o(x$fpl$dfixu)
    $v0                                      0x08008200   Number         0  dfixu.o(x$fpl$dfixu)
    x$fpl$dfltu                              0x0800825a   Section       38  dflt_clz.o(x$fpl$dfltu)
    $v0                                      0x0800825a   Number         0  dflt_clz.o(x$fpl$dfltu)
    x$fpl$dmul                               0x08008280   Section      340  dmul.o(x$fpl$dmul)
    $v0                                      0x08008280   Number         0  dmul.o(x$fpl$dmul)
    x$fpl$dnaninf                            0x080083d4   Section      156  dnaninf.o(x$fpl$dnaninf)
    $v0                                      0x080083d4   Number         0  dnaninf.o(x$fpl$dnaninf)
    x$fpl$dretinf                            0x08008470   Section       12  dretinf.o(x$fpl$dretinf)
    $v0                                      0x08008470   Number         0  dretinf.o(x$fpl$dretinf)
    x$fpl$fpinit                             0x0800847c   Section       10  fpinit.o(x$fpl$fpinit)
    $v0                                      0x0800847c   Number         0  fpinit.o(x$fpl$fpinit)
    .constdata                               0x08008486   Section       24  system_stm32f4xx.o(.constdata)
    x$fpl$usenofp                            0x08008486   Section        0  usenofp.o(x$fpl$usenofp)
    .constdata                               0x0800849e   Section    12160  lcd.o(.constdata)
    .data                                    0x20000000   Section        4  system_stm32f4xx.o(.data)
    .data                                    0x20000004   Section       16  freertos_demo.o(.data)
    .data                                    0x20000014   Section        4  delay.o(.data)
    g_fac_us                                 0x20000014   Data           4  delay.o(.data)
    .data                                    0x20000018   Section        7  usart.o(.data)
    .data                                    0x20000020   Section        9  stm32f4xx_hal.o(.data)
    .data                                    0x20000029   Section        5  driver_dht11.o(.data)
    .data                                    0x20000030   Section        8  lcd.o(.data)
    .data                                    0x20000038   Section       60  tasks.o(.data)
    pxDelayedTaskList                        0x2000003c   Data           4  tasks.o(.data)
    pxOverflowDelayedTaskList                0x20000040   Data           4  tasks.o(.data)
    uxDeletedTasksWaitingCleanUp             0x20000044   Data           4  tasks.o(.data)
    uxCurrentNumberOfTasks                   0x20000048   Data           4  tasks.o(.data)
    xTickCount                               0x2000004c   Data           4  tasks.o(.data)
    uxTopReadyPriority                       0x20000050   Data           4  tasks.o(.data)
    xSchedulerRunning                        0x20000054   Data           4  tasks.o(.data)
    uxPendedTicks                            0x20000058   Data           4  tasks.o(.data)
    xYieldPending                            0x2000005c   Data           4  tasks.o(.data)
    xNumOfOverflows                          0x20000060   Data           4  tasks.o(.data)
    uxTaskNumber                             0x20000064   Data           4  tasks.o(.data)
    xNextTaskUnblockTime                     0x20000068   Data           4  tasks.o(.data)
    xIdleTaskHandle                          0x2000006c   Data           4  tasks.o(.data)
    uxSchedulerSuspended                     0x20000070   Data           4  tasks.o(.data)
    .data                                    0x20000074   Section       20  timers.o(.data)
    pxCurrentTimerList                       0x20000074   Data           4  timers.o(.data)
    pxOverflowTimerList                      0x20000078   Data           4  timers.o(.data)
    xTimerQueue                              0x2000007c   Data           4  timers.o(.data)
    xTimerTaskHandle                         0x20000080   Data           4  timers.o(.data)
    xLastTime                                0x20000084   Data           4  timers.o(.data)
    .data                                    0x20000088   Section       24  heap_4.o(.data)
    xStart                                   0x20000088   Data           8  heap_4.o(.data)
    pxEnd                                    0x20000090   Data           4  heap_4.o(.data)
    xFreeBytesRemaining                      0x20000094   Data           4  heap_4.o(.data)
    xMinimumEverFreeBytesRemaining           0x20000098   Data           4  heap_4.o(.data)
    xBlockAllocatedBit                       0x2000009c   Data           4  heap_4.o(.data)
    .data                                    0x200000a0   Section       12  port.o(.data)
    uxCriticalNesting                        0x200000a0   Data           4  port.o(.data)
    ucMaxSysCallPriority                     0x200000a4   Data           1  port.o(.data)
    ulMaxPRIGROUPValue                       0x200000a8   Data           4  port.o(.data)
    .bss                                     0x200000ac   Section      268  usart.o(.bss)
    .bss                                     0x200001b8   Section       94  lcd.o(.bss)
    .bss                                     0x20000218   Section       64  queue.o(.bss)
    .bss                                     0x20000258   Section      740  tasks.o(.bss)
    pxReadyTasksLists                        0x20000258   Data         640  tasks.o(.bss)
    xDelayedTaskList1                        0x200004d8   Data          20  tasks.o(.bss)
    xDelayedTaskList2                        0x200004ec   Data          20  tasks.o(.bss)
    xPendingReadyList                        0x20000500   Data          20  tasks.o(.bss)
    xTasksWaitingTermination                 0x20000514   Data          20  tasks.o(.bss)
    xSuspendedTaskList                       0x20000528   Data          20  tasks.o(.bss)
    .bss                                     0x2000053c   Section       40  timers.o(.bss)
    xActiveTimerList1                        0x2000053c   Data          20  timers.o(.bss)
    xActiveTimerList2                        0x20000550   Data          20  timers.o(.bss)
    .bss                                     0x20000564   Section    10240  heap_4.o(.bss)
    ucHeap                                   0x20000564   Data       10240  heap_4.o(.bss)
    .bss                                     0x20002d64   Section       96  libspace.o(.bss)
    HEAP                                     0x20002dc8   Section        0  startup_stm32f407xx.o(HEAP)
    STACK                                    0x20002dc8   Section     1024  startup_stm32f407xx.o(STACK)
    Heap_Mem                                 0x20002dc8   Data           0  startup_stm32f407xx.o(HEAP)
    Stack_Mem                                0x20002dc8   Data        1024  startup_stm32f407xx.o(STACK)
    __initial_sp                             0x200031c8   Data           0  startup_stm32f407xx.o(STACK)

    Global Symbols

    Symbol Name                              Value     Ov Type        Size  Object(Section)

    BuildAttributes$$THM_ISAv4$E$P$D$K$B$S$7EM$VFPi3$EXTD16$VFPS$VFMA$PE$A:L22UL41UL21$X:L11$S22US41US21$IEEE1$IW$USESV6$~STKCKD$USESV7$~SHL$OSPACE$ROPI$EBA8$UX$STANDARDLIB$REQ8$PRES8$EABIv2 0x00000000   Number         0  anon$$obj.o ABSOLUTE
    __ARM_use_no_argv                        0x00000000   Number         0  main.o ABSOLUTE
    __ARM_exceptions_init                     - Undefined Weak Reference
    __alloca_initialize                       - Undefined Weak Reference
    __arm_preinit_                            - Undefined Weak Reference
    __cpp_initialize__aeabi_                  - Undefined Weak Reference
    __cxa_finalize                            - Undefined Weak Reference
    __rt_locale                               - Undefined Weak Reference
    __sigvec_lookup                           - Undefined Weak Reference
    _atexit_init                              - Undefined Weak Reference
    _call_atexit_fns                          - Undefined Weak Reference
    _clock_init                               - Undefined Weak Reference
    _fp_trap_init                             - Undefined Weak Reference
    _fp_trap_shutdown                         - Undefined Weak Reference
    _get_lc_collate                           - Undefined Weak Reference
    _get_lc_ctype                             - Undefined Weak Reference
    _get_lc_monetary                          - Undefined Weak Reference
    _get_lc_numeric                           - Undefined Weak Reference
    _get_lc_time                              - Undefined Weak Reference
    _getenv_init                              - Undefined Weak Reference
    _handle_redirection                       - Undefined Weak Reference
    _init_alloc                               - Undefined Weak Reference
    _init_user_alloc                          - Undefined Weak Reference
    _initio                                   - Undefined Weak Reference
    _mutex_acquire                            - Undefined Weak Reference
    _mutex_release                            - Undefined Weak Reference
    _printf_mbtowc                            - Undefined Weak Reference
    _printf_post_padding                      - Undefined Weak Reference
    _printf_pre_padding                       - Undefined Weak Reference
    _printf_truncate_signed                   - Undefined Weak Reference
    _printf_truncate_unsigned                 - Undefined Weak Reference
    _rand_init                                - Undefined Weak Reference
    _signal_finish                            - Undefined Weak Reference
    _signal_init                              - Undefined Weak Reference
    _terminate_alloc                          - Undefined Weak Reference
    _terminate_user_alloc                     - Undefined Weak Reference
    _terminateio                              - Undefined Weak Reference
    __Vectors_Size                           0x00000188   Number         0  startup_stm32f407xx.o ABSOLUTE
    __Vectors                                0x08000000   Data           4  startup_stm32f407xx.o(RESET)
    __Vectors_End                            0x08000188   Data           0  startup_stm32f407xx.o(RESET)
    __main                                   0x08000189   Thumb Code     8  __main.o(!!!main)
    __scatterload                            0x08000191   Thumb Code     0  __scatter.o(!!!scatter)
    __scatterload_rt2                        0x08000191   Thumb Code    44  __scatter.o(!!!scatter)
    __scatterload_rt2_thumb_only             0x08000191   Thumb Code     0  __scatter.o(!!!scatter)
    __scatterload_null                       0x0800019f   Thumb Code     0  __scatter.o(!!!scatter)
    __scatterload_copy                       0x080001c5   Thumb Code    26  __scatter_copy.o(!!handler_copy)
    __scatterload_zeroinit                   0x080001e1   Thumb Code    28  __scatter_zi.o(!!handler_zi)
    _printf_d                                0x080001fd   Thumb Code     0  _printf_d.o(.ARM.Collect$$_printf_percent$$00000009)
    _printf_percent                          0x080001fd   Thumb Code     0  _printf_percent.o(.ARM.Collect$$_printf_percent$$00000000)
    _printf_s                                0x08000203   Thumb Code     0  _printf_s.o(.ARM.Collect$$_printf_percent$$00000014)
    _printf_percent_end                      0x08000209   Thumb Code     0  _printf_percent_end.o(.ARM.Collect$$_printf_percent$$00000017)
    __rt_lib_init                            0x0800020d   Thumb Code     0  libinit.o(.ARM.Collect$$libinit$$00000000)
    __rt_lib_init_fp_1                       0x0800020f   Thumb Code     0  libinit2.o(.ARM.Collect$$libinit$$00000001)
    __rt_lib_init_alloca_1                   0x08000213   Thumb Code     0  libinit2.o(.ARM.Collect$$libinit$$0000002E)
    __rt_lib_init_argv_1                     0x08000213   Thumb Code     0  libinit2.o(.ARM.Collect$$libinit$$0000002C)
    __rt_lib_init_atexit_1                   0x08000213   Thumb Code     0  libinit2.o(.ARM.Collect$$libinit$$0000001B)
    __rt_lib_init_clock_1                    0x08000213   Thumb Code     0  libinit2.o(.ARM.Collect$$libinit$$00000021)
    __rt_lib_init_cpp_1                      0x08000213   Thumb Code     0  libinit2.o(.ARM.Collect$$libinit$$00000032)
    __rt_lib_init_exceptions_1               0x08000213   Thumb Code     0  libinit2.o(.ARM.Collect$$libinit$$00000030)
    __rt_lib_init_fp_trap_1                  0x08000213   Thumb Code     0  libinit2.o(.ARM.Collect$$libinit$$0000001F)
    __rt_lib_init_getenv_1                   0x08000213   Thumb Code     0  libinit2.o(.ARM.Collect$$libinit$$00000023)
    __rt_lib_init_heap_1                     0x08000213   Thumb Code     0  libinit2.o(.ARM.Collect$$libinit$$0000000A)
    __rt_lib_init_lc_collate_1               0x08000213   Thumb Code     0  libinit2.o(.ARM.Collect$$libinit$$00000011)
    __rt_lib_init_lc_ctype_1                 0x08000213   Thumb Code     0  libinit2.o(.ARM.Collect$$libinit$$00000013)
    __rt_lib_init_lc_monetary_1              0x08000213   Thumb Code     0  libinit2.o(.ARM.Collect$$libinit$$00000015)
    __rt_lib_init_lc_numeric_1               0x08000213   Thumb Code     0  libinit2.o(.ARM.Collect$$libinit$$00000017)
    __rt_lib_init_lc_time_1                  0x08000213   Thumb Code     0  libinit2.o(.ARM.Collect$$libinit$$00000019)
    __rt_lib_init_preinit_1                  0x08000213   Thumb Code     0  libinit2.o(.ARM.Collect$$libinit$$00000004)
    __rt_lib_init_rand_1                     0x08000213   Thumb Code     0  libinit2.o(.ARM.Collect$$libinit$$0000000E)
    __rt_lib_init_return                     0x08000213   Thumb Code     0  libinit2.o(.ARM.Collect$$libinit$$00000033)
    __rt_lib_init_signal_1                   0x08000213   Thumb Code     0  libinit2.o(.ARM.Collect$$libinit$$0000001D)
    __rt_lib_init_stdio_1                    0x08000213   Thumb Code     0  libinit2.o(.ARM.Collect$$libinit$$00000025)
    __rt_lib_init_user_alloc_1               0x08000213   Thumb Code     0  libinit2.o(.ARM.Collect$$libinit$$0000000C)
    __rt_lib_shutdown                        0x08000215   Thumb Code     0  libshutdown.o(.ARM.Collect$$libshutdown$$00000000)
    __rt_lib_shutdown_cpp_1                  0x08000217   Thumb Code     0  libshutdown2.o(.ARM.Collect$$libshutdown$$00000002)
    __rt_lib_shutdown_fp_trap_1              0x08000217   Thumb Code     0  libshutdown2.o(.ARM.Collect$$libshutdown$$00000007)
    __rt_lib_shutdown_heap_1                 0x08000217   Thumb Code     0  libshutdown2.o(.ARM.Collect$$libshutdown$$0000000F)
    __rt_lib_shutdown_return                 0x08000217   Thumb Code     0  libshutdown2.o(.ARM.Collect$$libshutdown$$00000010)
    __rt_lib_shutdown_signal_1               0x08000217   Thumb Code     0  libshutdown2.o(.ARM.Collect$$libshutdown$$0000000A)
    __rt_lib_shutdown_stdio_1                0x08000217   Thumb Code     0  libshutdown2.o(.ARM.Collect$$libshutdown$$00000004)
    __rt_lib_shutdown_user_alloc_1           0x08000217   Thumb Code     0  libshutdown2.o(.ARM.Collect$$libshutdown$$0000000C)
    __rt_entry                               0x08000219   Thumb Code     0  __rtentry.o(.ARM.Collect$$rtentry$$00000000)
    __rt_entry_presh_1                       0x08000219   Thumb Code     0  __rtentry2.o(.ARM.Collect$$rtentry$$00000002)
    __rt_entry_sh                            0x08000219   Thumb Code     0  __rtentry4.o(.ARM.Collect$$rtentry$$00000004)
    __rt_entry_li                            0x0800021f   Thumb Code     0  __rtentry2.o(.ARM.Collect$$rtentry$$0000000A)
    __rt_entry_postsh_1                      0x0800021f   Thumb Code     0  __rtentry2.o(.ARM.Collect$$rtentry$$00000009)
    __rt_entry_main                          0x08000223   Thumb Code     0  __rtentry2.o(.ARM.Collect$$rtentry$$0000000D)
    __rt_entry_postli_1                      0x08000223   Thumb Code     0  __rtentry2.o(.ARM.Collect$$rtentry$$0000000C)
    __rt_exit                                0x0800022b   Thumb Code     0  rtexit.o(.ARM.Collect$$rtexit$$00000000)
    __rt_exit_ls                             0x0800022d   Thumb Code     0  rtexit2.o(.ARM.Collect$$rtexit$$00000003)
    __rt_exit_prels_1                        0x0800022d   Thumb Code     0  rtexit2.o(.ARM.Collect$$rtexit$$00000002)
    __rt_exit_exit                           0x08000231   Thumb Code     0  rtexit2.o(.ARM.Collect$$rtexit$$00000004)
    SVC_Handler                              0x08000239   Thumb Code    28  port.o(.emb_text)
    __asm___6_port_c_39a90d8d__prvStartFirstTask 0x08000259   Thumb Code    28  port.o(.emb_text)
    __asm___6_port_c_39a90d8d__prvEnableVFP  0x08000279   Thumb Code    16  port.o(.emb_text)
    PendSV_Handler                           0x0800028d   Thumb Code    88  port.o(.emb_text)
    vPortGetIPSR                             0x080002e9   Thumb Code     6  port.o(.emb_text)
    Reset_Handler                            0x080002f1   Thumb Code    18  startup_stm32f407xx.o(.text)
    ADC_IRQHandler                           0x08000315   Thumb Code     0  startup_stm32f407xx.o(.text)
    CAN1_RX0_IRQHandler                      0x08000315   Thumb Code     0  startup_stm32f407xx.o(.text)
    CAN1_RX1_IRQHandler                      0x08000315   Thumb Code     0  startup_stm32f407xx.o(.text)
    CAN1_SCE_IRQHandler                      0x08000315   Thumb Code     0  startup_stm32f407xx.o(.text)
    CAN1_TX_IRQHandler                       0x08000315   Thumb Code     0  startup_stm32f407xx.o(.text)
    CAN2_RX0_IRQHandler                      0x08000315   Thumb Code     0  startup_stm32f407xx.o(.text)
    CAN2_RX1_IRQHandler                      0x08000315   Thumb Code     0  startup_stm32f407xx.o(.text)
    CAN2_SCE_IRQHandler                      0x08000315   Thumb Code     0  startup_stm32f407xx.o(.text)
    CAN2_TX_IRQHandler                       0x08000315   Thumb Code     0  startup_stm32f407xx.o(.text)
    DCMI_IRQHandler                          0x08000315   Thumb Code     0  startup_stm32f407xx.o(.text)
    DMA1_Stream0_IRQHandler                  0x08000315   Thumb Code     0  startup_stm32f407xx.o(.text)
    DMA1_Stream1_IRQHandler                  0x08000315   Thumb Code     0  startup_stm32f407xx.o(.text)
    DMA1_Stream2_IRQHandler                  0x08000315   Thumb Code     0  startup_stm32f407xx.o(.text)
    DMA1_Stream3_IRQHandler                  0x08000315   Thumb Code     0  startup_stm32f407xx.o(.text)
    DMA1_Stream4_IRQHandler                  0x08000315   Thumb Code     0  startup_stm32f407xx.o(.text)
    DMA1_Stream5_IRQHandler                  0x08000315   Thumb Code     0  startup_stm32f407xx.o(.text)
    DMA1_Stream6_IRQHandler                  0x08000315   Thumb Code     0  startup_stm32f407xx.o(.text)
    DMA1_Stream7_IRQHandler                  0x08000315   Thumb Code     0  startup_stm32f407xx.o(.text)
    DMA2_Stream0_IRQHandler                  0x08000315   Thumb Code     0  startup_stm32f407xx.o(.text)
    DMA2_Stream1_IRQHandler                  0x08000315   Thumb Code     0  startup_stm32f407xx.o(.text)
    DMA2_Stream2_IRQHandler                  0x08000315   Thumb Code     0  startup_stm32f407xx.o(.text)
    DMA2_Stream3_IRQHandler                  0x08000315   Thumb Code     0  startup_stm32f407xx.o(.text)
    DMA2_Stream4_IRQHandler                  0x08000315   Thumb Code     0  startup_stm32f407xx.o(.text)
    DMA2_Stream5_IRQHandler                  0x08000315   Thumb Code     0  startup_stm32f407xx.o(.text)
    DMA2_Stream6_IRQHandler                  0x08000315   Thumb Code     0  startup_stm32f407xx.o(.text)
    DMA2_Stream7_IRQHandler                  0x08000315   Thumb Code     0  startup_stm32f407xx.o(.text)
    ETH_IRQHandler                           0x08000315   Thumb Code     0  startup_stm32f407xx.o(.text)
    ETH_WKUP_IRQHandler                      0x08000315   Thumb Code     0  startup_stm32f407xx.o(.text)
    EXTI15_10_IRQHandler                     0x08000315   Thumb Code     0  startup_stm32f407xx.o(.text)
    EXTI1_IRQHandler                         0x08000315   Thumb Code     0  startup_stm32f407xx.o(.text)
    EXTI9_5_IRQHandler                       0x08000315   Thumb Code     0  startup_stm32f407xx.o(.text)
    FLASH_IRQHandler                         0x08000315   Thumb Code     0  startup_stm32f407xx.o(.text)
    FMC_IRQHandler                           0x08000315   Thumb Code     0  startup_stm32f407xx.o(.text)
    FPU_IRQHandler                           0x08000315   Thumb Code     0  startup_stm32f407xx.o(.text)
    HASH_RNG_IRQHandler                      0x08000315   Thumb Code     0  startup_stm32f407xx.o(.text)
    I2C1_ER_IRQHandler                       0x08000315   Thumb Code     0  startup_stm32f407xx.o(.text)
    I2C1_EV_IRQHandler                       0x08000315   Thumb Code     0  startup_stm32f407xx.o(.text)
    I2C2_ER_IRQHandler                       0x08000315   Thumb Code     0  startup_stm32f407xx.o(.text)
    I2C2_EV_IRQHandler                       0x08000315   Thumb Code     0  startup_stm32f407xx.o(.text)
    I2C3_ER_IRQHandler                       0x08000315   Thumb Code     0  startup_stm32f407xx.o(.text)
    I2C3_EV_IRQHandler                       0x08000315   Thumb Code     0  startup_stm32f407xx.o(.text)
    OTG_FS_IRQHandler                        0x08000315   Thumb Code     0  startup_stm32f407xx.o(.text)
    OTG_FS_WKUP_IRQHandler                   0x08000315   Thumb Code     0  startup_stm32f407xx.o(.text)
    OTG_HS_EP1_IN_IRQHandler                 0x08000315   Thumb Code     0  startup_stm32f407xx.o(.text)
    OTG_HS_EP1_OUT_IRQHandler                0x08000315   Thumb Code     0  startup_stm32f407xx.o(.text)
    OTG_HS_IRQHandler                        0x08000315   Thumb Code     0  startup_stm32f407xx.o(.text)
    OTG_HS_WKUP_IRQHandler                   0x08000315   Thumb Code     0  startup_stm32f407xx.o(.text)
    PVD_IRQHandler                           0x08000315   Thumb Code     0  startup_stm32f407xx.o(.text)
    RCC_IRQHandler                           0x08000315   Thumb Code     0  startup_stm32f407xx.o(.text)
    RTC_Alarm_IRQHandler                     0x08000315   Thumb Code     0  startup_stm32f407xx.o(.text)
    RTC_WKUP_IRQHandler                      0x08000315   Thumb Code     0  startup_stm32f407xx.o(.text)
    SDIO_IRQHandler                          0x08000315   Thumb Code     0  startup_stm32f407xx.o(.text)
    SPI1_IRQHandler                          0x08000315   Thumb Code     0  startup_stm32f407xx.o(.text)
    SPI2_IRQHandler                          0x08000315   Thumb Code     0  startup_stm32f407xx.o(.text)
    SPI3_IRQHandler                          0x08000315   Thumb Code     0  startup_stm32f407xx.o(.text)
    TAMP_STAMP_IRQHandler                    0x08000315   Thumb Code     0  startup_stm32f407xx.o(.text)
    TIM1_BRK_TIM9_IRQHandler                 0x08000315   Thumb Code     0  startup_stm32f407xx.o(.text)
    TIM1_CC_IRQHandler                       0x08000315   Thumb Code     0  startup_stm32f407xx.o(.text)
    TIM1_TRG_COM_TIM11_IRQHandler            0x08000315   Thumb Code     0  startup_stm32f407xx.o(.text)
    TIM1_UP_TIM10_IRQHandler                 0x08000315   Thumb Code     0  startup_stm32f407xx.o(.text)
    TIM2_IRQHandler                          0x08000315   Thumb Code     0  startup_stm32f407xx.o(.text)
    TIM3_IRQHandler                          0x08000315   Thumb Code     0  startup_stm32f407xx.o(.text)
    TIM4_IRQHandler                          0x08000315   Thumb Code     0  startup_stm32f407xx.o(.text)
    TIM5_IRQHandler                          0x08000315   Thumb Code     0  startup_stm32f407xx.o(.text)
    TIM6_DAC_IRQHandler                      0x08000315   Thumb Code     0  startup_stm32f407xx.o(.text)
    TIM7_IRQHandler                          0x08000315   Thumb Code     0  startup_stm32f407xx.o(.text)
    TIM8_BRK_TIM12_IRQHandler                0x08000315   Thumb Code     0  startup_stm32f407xx.o(.text)
    TIM8_CC_IRQHandler                       0x08000315   Thumb Code     0  startup_stm32f407xx.o(.text)
    TIM8_TRG_COM_TIM14_IRQHandler            0x08000315   Thumb Code     0  startup_stm32f407xx.o(.text)
    TIM8_UP_TIM13_IRQHandler                 0x08000315   Thumb Code     0  startup_stm32f407xx.o(.text)
    UART4_IRQHandler                         0x08000315   Thumb Code     0  startup_stm32f407xx.o(.text)
    UART5_IRQHandler                         0x08000315   Thumb Code     0  startup_stm32f407xx.o(.text)
    USART2_IRQHandler                        0x08000315   Thumb Code     0  startup_stm32f407xx.o(.text)
    USART3_IRQHandler                        0x08000315   Thumb Code     0  startup_stm32f407xx.o(.text)
    USART6_IRQHandler                        0x08000315   Thumb Code     0  startup_stm32f407xx.o(.text)
    WWDG_IRQHandler                          0x08000315   Thumb Code     0  startup_stm32f407xx.o(.text)
    __user_initial_stackheap                 0x08000319   Thumb Code     0  startup_stm32f407xx.o(.text)
    __use_no_semihosting                     0x0800033d   Thumb Code     2  use_no_semi_2.o(.text)
    __aeabi_uldivmod                         0x0800033f   Thumb Code     0  lludivv7m.o(.text)
    _ll_udiv                                 0x0800033f   Thumb Code   238  lludivv7m.o(.text)
    __2printf                                0x0800042d   Thumb Code    20  noretval__2printf.o(.text)
    __2sprintf                               0x08000445   Thumb Code    34  noretval__2sprintf.o(.text)
    __printf                                 0x0800046d   Thumb Code   104  __printf.o(.text)
    _printf_str                              0x080004d5   Thumb Code    82  _printf_str.o(.text)
    _printf_int_dec                          0x08000529   Thumb Code   104  _printf_dec.o(.text)
    __aeabi_memcpy                           0x080005a1   Thumb Code     0  rt_memcpy_v6.o(.text)
    __rt_memcpy                              0x080005a1   Thumb Code   138  rt_memcpy_v6.o(.text)
    _memcpy_lastbytes                        0x08000607   Thumb Code     0  rt_memcpy_v6.o(.text)
    __aeabi_memset                           0x0800062b   Thumb Code    16  aeabi_memset.o(.text)
    __aeabi_memclr4                          0x0800063b   Thumb Code     0  rt_memclr_w.o(.text)
    __aeabi_memclr8                          0x0800063b   Thumb Code     0  rt_memclr_w.o(.text)
    __rt_memclr_w                            0x0800063b   Thumb Code    78  rt_memclr_w.o(.text)
    _memset_w                                0x0800063f   Thumb Code     0  rt_memclr_w.o(.text)
    __use_two_region_memory                  0x08000689   Thumb Code     2  heapauxi.o(.text)
    __rt_heap_escrow$2region                 0x0800068b   Thumb Code     2  heapauxi.o(.text)
    __rt_heap_expand$2region                 0x0800068d   Thumb Code     2  heapauxi.o(.text)
    __semihosting$guard                      0x0800068f   Thumb Code     0  use_no_semi.o(.text)
    __use_no_semihosting_swi                 0x0800068f   Thumb Code     2  use_no_semi.o(.text)
    _printf_int_common                       0x08000691   Thumb Code   178  _printf_intcommon.o(.text)
    _printf_char_common                      0x0800074f   Thumb Code    32  _printf_char_common.o(.text)
    _sputc                                   0x08000775   Thumb Code    10  _sputc.o(.text)
    _printf_cs_common                        0x0800077f   Thumb Code    20  _printf_char.o(.text)
    _printf_char                             0x08000793   Thumb Code    16  _printf_char.o(.text)
    _printf_string                           0x080007a3   Thumb Code     8  _printf_char.o(.text)
    _printf_char_file                        0x080007ad   Thumb Code    32  _printf_char_file.o(.text)
    __aeabi_memcpy4                          0x080007d1   Thumb Code     0  rt_memcpy_w.o(.text)
    __aeabi_memcpy8                          0x080007d1   Thumb Code     0  rt_memcpy_w.o(.text)
    __rt_memcpy_w                            0x080007d1   Thumb Code   100  rt_memcpy_w.o(.text)
    _memcpy_lastbytes_aligned                0x08000819   Thumb Code     0  rt_memcpy_w.o(.text)
    __aeabi_memclr                           0x08000835   Thumb Code     0  rt_memclr.o(.text)
    __rt_memclr                              0x08000835   Thumb Code    68  rt_memclr.o(.text)
    _memset                                  0x08000839   Thumb Code     0  rt_memclr.o(.text)
    ferror                                   0x08000879   Thumb Code     8  ferror.o(.text)
    __user_setup_stackheap                   0x08000881   Thumb Code    74  sys_stackheap_outer.o(.text)
    exit                                     0x080008cb   Thumb Code    18  exit.o(.text)
    __user_libspace                          0x080008dd   Thumb Code     8  libspace.o(.text)
    __user_perproc_libspace                  0x080008dd   Thumb Code     0  libspace.o(.text)
    __user_perthread_libspace                0x080008dd   Thumb Code     0  libspace.o(.text)
    BusFault_Handler                         0x080008e5   Thumb Code     4  stm32f4xx_it.o(i.BusFault_Handler)
    DHT_GPIO_SET_INPUT                       0x080008e9   Thumb Code    30  driver_dht11.o(i.DHT_GPIO_SET_INPUT)
    DHT_GPIO_SET_OUTPUT                      0x0800090d   Thumb Code    30  driver_dht11.o(i.DHT_GPIO_SET_OUTPUT)
    DHT_Read                                 0x08000931   Thumb Code   192  driver_dht11.o(i.DHT_Read)
    DHT_Read_Byte                            0x080009f9   Thumb Code   120  driver_dht11.o(i.DHT_Read_Byte)
    DebugMon_Handler                         0x08000a75   Thumb Code     2  stm32f4xx_it.o(i.DebugMon_Handler)
    EXTI0_IRQHandler                         0x08000a79   Thumb Code    16  exti.o(i.EXTI0_IRQHandler)
    EXTI2_IRQHandler                         0x08000a8d   Thumb Code    16  exti.o(i.EXTI2_IRQHandler)
    EXTI3_IRQHandler                         0x08000aa1   Thumb Code    16  exti.o(i.EXTI3_IRQHandler)
    EXTI4_IRQHandler                         0x08000ab5   Thumb Code    16  exti.o(i.EXTI4_IRQHandler)
    FSMC_NORSRAM_Extended_Timing_Init        0x08000ac9   Thumb Code    66  stm32f4xx_ll_fsmc.o(i.FSMC_NORSRAM_Extended_Timing_Init)
    FSMC_NORSRAM_Init                        0x08000b11   Thumb Code    88  stm32f4xx_ll_fsmc.o(i.FSMC_NORSRAM_Init)
    FSMC_NORSRAM_Timing_Init                 0x08000b6d   Thumb Code    68  stm32f4xx_ll_fsmc.o(i.FSMC_NORSRAM_Timing_Init)
    HAL_DMA_Abort                            0x08000bb1   Thumb Code   170  stm32f4xx_hal_dma.o(i.HAL_DMA_Abort)
    HAL_DMA_Abort_IT                         0x08000c5b   Thumb Code    40  stm32f4xx_hal_dma.o(i.HAL_DMA_Abort_IT)
    HAL_GPIO_EXTI_Callback                   0x08000c85   Thumb Code    44  exti.o(i.HAL_GPIO_EXTI_Callback)
    HAL_GPIO_EXTI_IRQHandler                 0x08000cb9   Thumb Code    24  stm32f4xx_hal_gpio.o(i.HAL_GPIO_EXTI_IRQHandler)
    HAL_GPIO_Init                            0x08000cd5   Thumb Code   470  stm32f4xx_hal_gpio.o(i.HAL_GPIO_Init)
    HAL_GPIO_ReadPin                         0x08000ed9   Thumb Code    16  stm32f4xx_hal_gpio.o(i.HAL_GPIO_ReadPin)
    HAL_GPIO_TogglePin                       0x08000ee9   Thumb Code    20  stm32f4xx_hal_gpio.o(i.HAL_GPIO_TogglePin)
    HAL_GPIO_WritePin                        0x08000efd   Thumb Code    12  stm32f4xx_hal_gpio.o(i.HAL_GPIO_WritePin)
    HAL_GetREVID                             0x08000f09   Thumb Code     8  stm32f4xx_hal.o(i.HAL_GetREVID)
    HAL_GetTick                              0x08000f15   Thumb Code     6  stm32f4xx_hal.o(i.HAL_GetTick)
    HAL_IncTick                              0x08000f21   Thumb Code    16  stm32f4xx_hal.o(i.HAL_IncTick)
    HAL_Init                                 0x08000f39   Thumb Code    44  stm32f4xx_hal.o(i.HAL_Init)
    HAL_InitTick                             0x08000f69   Thumb Code    64  stm32f4xx_hal.o(i.HAL_InitTick)
    HAL_MspInit                              0x08000fb5   Thumb Code     2  stm32f4xx_hal.o(i.HAL_MspInit)
    HAL_NVIC_EnableIRQ                       0x08000fb7   Thumb Code    32  stm32f4xx_hal_cortex.o(i.HAL_NVIC_EnableIRQ)
    HAL_NVIC_SetPriority                     0x08000fd7   Thumb Code   124  stm32f4xx_hal_cortex.o(i.HAL_NVIC_SetPriority)
    HAL_NVIC_SetPriorityGrouping             0x08001055   Thumb Code    32  stm32f4xx_hal_cortex.o(i.HAL_NVIC_SetPriorityGrouping)
    HAL_RCC_ClockConfig                      0x0800107d   Thumb Code   368  stm32f4xx_hal_rcc.o(i.HAL_RCC_ClockConfig)
    HAL_RCC_GetHCLKFreq                      0x08001201   Thumb Code     6  stm32f4xx_hal_rcc.o(i.HAL_RCC_GetHCLKFreq)
    HAL_RCC_GetPCLK1Freq                     0x0800120d   Thumb Code    22  stm32f4xx_hal_rcc.o(i.HAL_RCC_GetPCLK1Freq)
    HAL_RCC_GetPCLK2Freq                     0x0800122d   Thumb Code    22  stm32f4xx_hal_rcc.o(i.HAL_RCC_GetPCLK2Freq)
    HAL_RCC_GetSysClockFreq                  0x0800124d   Thumb Code   162  stm32f4xx_hal_rcc.o(i.HAL_RCC_GetSysClockFreq)
    HAL_RCC_OscConfig                        0x080012fd   Thumb Code  1172  stm32f4xx_hal_rcc.o(i.HAL_RCC_OscConfig)
    HAL_SRAM_Init                            0x08001799   Thumb Code    88  stm32f4xx_hal_sram.o(i.HAL_SRAM_Init)
    HAL_SRAM_MspInit                         0x080017f1   Thumb Code   152  lcd.o(i.HAL_SRAM_MspInit)
    HAL_SYSTICK_CLKSourceConfig              0x08001895   Thumb Code    40  stm32f4xx_hal_cortex.o(i.HAL_SYSTICK_CLKSourceConfig)
    HAL_SYSTICK_Config                       0x080018bd   Thumb Code    52  stm32f4xx_hal_cortex.o(i.HAL_SYSTICK_Config)
    HAL_UARTEx_RxEventCallback               0x080018f1   Thumb Code     2  stm32f4xx_hal_uart.o(i.HAL_UARTEx_RxEventCallback)
    HAL_UART_ErrorCallback                   0x080018f3   Thumb Code     2  stm32f4xx_hal_uart.o(i.HAL_UART_ErrorCallback)
    HAL_UART_IRQHandler                      0x080018f5   Thumb Code   586  stm32f4xx_hal_uart.o(i.HAL_UART_IRQHandler)
    HAL_UART_Init                            0x08001b45   Thumb Code   114  stm32f4xx_hal_uart.o(i.HAL_UART_Init)
    HAL_UART_MspInit                         0x08001bb9   Thumb Code   190  usart.o(i.HAL_UART_MspInit)
    HAL_UART_Receive_IT                      0x08001c85   Thumb Code    66  stm32f4xx_hal_uart.o(i.HAL_UART_Receive_IT)
    HAL_UART_RxCpltCallback                  0x08001cc9   Thumb Code   134  usart.o(i.HAL_UART_RxCpltCallback)
    HAL_UART_TxCpltCallback                  0x08001d65   Thumb Code     2  stm32f4xx_hal_uart.o(i.HAL_UART_TxCpltCallback)
    HardFault_Handler                        0x08001d67   Thumb Code     4  stm32f4xx_it.o(i.HardFault_Handler)
    MemManage_Handler                        0x08001d6b   Thumb Code     4  stm32f4xx_it.o(i.MemManage_Handler)
    NMI_Handler                              0x08001d6f   Thumb Code     2  stm32f4xx_it.o(i.NMI_Handler)
    SysTick_Handler                          0x08001d71   Thumb Code    20  delay.o(i.SysTick_Handler)
    SystemInit                               0x08001d85   Thumb Code    14  system_stm32f4xx.o(i.SystemInit)
    UART_Start_Receive_IT                    0x080020ed   Thumb Code    70  stm32f4xx_hal_uart.o(i.UART_Start_Receive_IT)
    USART1_IRQHandler                        0x08002195   Thumb Code    10  usart.o(i.USART1_IRQHandler)
    UsageFault_Handler                       0x080021a5   Thumb Code     4  stm32f4xx_it.o(i.UsageFault_Handler)
    _sys_exit                                0x080021e1   Thumb Code     4  usart.o(i._sys_exit)
    beep_init                                0x080021e5   Thumb Code    82  beep.o(i.beep_init)
    delay_init                               0x08002241   Thumb Code    52  delay.o(i.delay_init)
    delay_ms                                 0x08002279   Thumb Code    24  delay.o(i.delay_ms)
    delay_us                                 0x08002291   Thumb Code    68  delay.o(i.delay_us)
    extix_init                               0x080022d9   Thumb Code   156  exti.o(i.extix_init)
    fputc                                    0x08002385   Thumb Code    22  usart.o(i.fputc)
    freertos_demo                            0x080023a1   Thumb Code    28  freertos_demo.o(i.freertos_demo)
    key_init                                 0x080023d1   Thumb Code   240  key.o(i.key_init)
    lcd_clear                                0x080024cd   Thumb Code    42  lcd.o(i.lcd_clear)
    lcd_display_dir                          0x08002501   Thumb Code   360  lcd.o(i.lcd_display_dir)
    lcd_draw_point                           0x0800266d   Thumb Code    26  lcd.o(i.lcd_draw_point)
    lcd_ex_ili9341_reginit                   0x0800268d   Thumb Code   556  lcd.o(i.lcd_ex_ili9341_reginit)
    lcd_ex_ili9806_reginit                   0x080028b9   Thumb Code   832  lcd.o(i.lcd_ex_ili9806_reginit)
    lcd_ex_nt35310_reginit                   0x08002bf9   Thumb Code  3826  lcd.o(i.lcd_ex_nt35310_reginit)
    lcd_ex_nt35510_reginit                   0x08003aeb   Thumb Code  3950  lcd.o(i.lcd_ex_nt35510_reginit)
    lcd_ex_ssd1963_reginit                   0x08004a59   Thumb Code   366  lcd.o(i.lcd_ex_ssd1963_reginit)
    lcd_ex_st7789_reginit                    0x08004bc7   Thumb Code   424  lcd.o(i.lcd_ex_st7789_reginit)
    lcd_ex_st7796_reginit                    0x08004d6f   Thumb Code   454  lcd.o(i.lcd_ex_st7796_reginit)
    lcd_init                                 0x08004f35   Thumb Code  1286  lcd.o(i.lcd_init)
    lcd_scan_dir                             0x0800546d   Thumb Code   568  lcd.o(i.lcd_scan_dir)
    lcd_set_cursor                           0x080056a9   Thumb Code   282  lcd.o(i.lcd_set_cursor)
    lcd_show_char                            0x080057c9   Thumb Code   294  lcd.o(i.lcd_show_char)
    lcd_show_string                          0x08005909   Thumb Code   106  lcd.o(i.lcd_show_string)
    lcd_ssd_backlight_set                    0x08005975   Thumb Code    88  lcd.o(i.lcd_ssd_backlight_set)
    lcd_wr_data                              0x080059d5   Thumb Code    18  lcd.o(i.lcd_wr_data)
    lcd_wr_regno                             0x080059ed   Thumb Code    18  lcd.o(i.lcd_wr_regno)
    lcd_write_ram_prepare                    0x08005a05   Thumb Code    10  lcd.o(i.lcd_write_ram_prepare)
    lcd_write_reg                            0x08005a19   Thumb Code    14  lcd.o(i.lcd_write_reg)
    led_init                                 0x08005a2d   Thumb Code   142  led.o(i.led_init)
    main                                     0x08005ac5   Thumb Code    62  main.o(i.main)
    pvPortMalloc                             0x08006671   Thumb Code   262  heap_4.o(i.pvPortMalloc)
    pvTaskIncrementMutexHeldCount            0x080067d1   Thumb Code    26  tasks.o(i.pvTaskIncrementMutexHeldCount)
    pxPortInitialiseStack                    0x080067f1   Thumb Code    38  port.o(i.pxPortInitialiseStack)
    start_task                               0x0800681d   Thumb Code    82  freertos_demo.o(i.start_task)
    sys_stm32_clock_init                     0x080068a5   Thumb Code   208  sys.o(i.sys_stm32_clock_init)
    task1                                    0x08006981   Thumb Code    26  freertos_demo.o(i.task1)
    task2                                    0x080069a1   Thumb Code    26  freertos_demo.o(i.task2)
    task3                                    0x080069c1   Thumb Code    98  freertos_demo.o(i.task3)
    usart_init                               0x08006a41   Thumb Code    44  usart.o(i.usart_init)
    uxListRemove                             0x08006a79   Thumb Code    40  list.o(i.uxListRemove)
    vListInitialise                          0x08006aa1   Thumb Code    26  list.o(i.vListInitialise)
    vListInitialiseItem                      0x08006abb   Thumb Code     6  list.o(i.vListInitialiseItem)
    vListInsert                              0x08006ac1   Thumb Code    52  list.o(i.vListInsert)
    vListInsertEnd                           0x08006af5   Thumb Code    24  list.o(i.vListInsertEnd)
    vPortEnterCritical                       0x08006b0d   Thumb Code    68  port.o(i.vPortEnterCritical)
    vPortExitCritical                        0x08006ba1   Thumb Code    48  port.o(i.vPortExitCritical)
    vPortFree                                0x08006c1d   Thumb Code   120  heap_4.o(i.vPortFree)
    vPortSetupTimerInterrupt                 0x08006ce1   Thumb Code    26  port.o(i.vPortSetupTimerInterrupt)
    vPortValidateInterruptPriority           0x08006d01   Thumb Code    86  port.o(i.vPortValidateInterruptPriority)
    vQueueAddToRegistry                      0x08006dad   Thumb Code    38  queue.o(i.vQueueAddToRegistry)
    vQueueWaitForMessageRestricted           0x08006dd9   Thumb Code    74  queue.o(i.vQueueWaitForMessageRestricted)
    vTaskDelay                               0x08006e25   Thumb Code    72  tasks.o(i.vTaskDelay)
    vTaskDelete                              0x08006ead   Thumb Code   192  tasks.o(i.vTaskDelete)
    vTaskMissedYield                         0x08006fcd   Thumb Code     8  tasks.o(i.vTaskMissedYield)
    vTaskPlaceOnEventList                    0x08006fd9   Thumb Code    42  tasks.o(i.vTaskPlaceOnEventList)
    vTaskPlaceOnEventListRestricted          0x08007041   Thumb Code    50  tasks.o(i.vTaskPlaceOnEventListRestricted)
    vTaskPriorityInherit                     0x080070b1   Thumb Code   164  tasks.o(i.vTaskPriorityInherit)
    vTaskSetTimeOutState                     0x08007161   Thumb Code    32  tasks.o(i.vTaskSetTimeOutState)
    vTaskStartScheduler                      0x080071c1   Thumb Code   108  tasks.o(i.vTaskStartScheduler)
    vTaskSuspendAll                          0x08007281   Thumb Code    12  tasks.o(i.vTaskSuspendAll)
    vTaskSwitchContext                       0x08007291   Thumb Code   110  tasks.o(i.vTaskSwitchContext)
    xPortStartScheduler                      0x0800734d   Thumb Code   258  port.o(i.xPortStartScheduler)
    xPortSysTickHandler                      0x080074b5   Thumb Code    46  port.o(i.xPortSysTickHandler)
    xQueueGenericCreate                      0x080074e9   Thumb Code    78  queue.o(i.xQueueGenericCreate)
    xQueueGenericReceive                     0x08007571   Thumb Code   416  queue.o(i.xQueueGenericReceive)
    xQueueGenericReset                       0x0800774d   Thumb Code   136  queue.o(i.xQueueGenericReset)
    xQueueGenericSend                        0x08007811   Thumb Code   412  queue.o(i.xQueueGenericSend)
    xQueueGenericSendFromISR                 0x080079e9   Thumb Code   234  queue.o(i.xQueueGenericSendFromISR)
    xTaskCheckForTimeOut                     0x08007b0d   Thumb Code   140  tasks.o(i.xTaskCheckForTimeOut)
    xTaskCreate                              0x08007bdd   Thumb Code    96  tasks.o(i.xTaskCreate)
    xTaskGetSchedulerState                   0x08007c3d   Thumb Code    24  tasks.o(i.xTaskGetSchedulerState)
    xTaskGetTickCount                        0x08007c5d   Thumb Code     6  tasks.o(i.xTaskGetTickCount)
    xTaskIncrementTick                       0x08007c69   Thumb Code   274  tasks.o(i.xTaskIncrementTick)
    xTaskPriorityDisinherit                  0x08007de1   Thumb Code   168  tasks.o(i.xTaskPriorityDisinherit)
    xTaskRemoveFromEventList                 0x08007ecd   Thumb Code   118  tasks.o(i.xTaskRemoveFromEventList)
    xTaskResumeAll                           0x08007f95   Thumb Code   214  tasks.o(i.xTaskResumeAll)
    xTimerCreateTimerTask                    0x080080c9   Thumb Code    56  timers.o(i.xTimerCreateTimerTask)
    xTimerGenericCommand                     0x0800814d   Thumb Code   118  timers.o(i.xTimerGenericCommand)
    __aeabi_d2uiz                            0x08008201   Thumb Code     0  dfixu.o(x$fpl$dfixu)
    _dfixu                                   0x08008201   Thumb Code    90  dfixu.o(x$fpl$dfixu)
    __aeabi_ui2d                             0x0800825b   Thumb Code     0  dflt_clz.o(x$fpl$dfltu)
    _dfltu                                   0x0800825b   Thumb Code    38  dflt_clz.o(x$fpl$dfltu)
    __aeabi_dmul                             0x08008281   Thumb Code     0  dmul.o(x$fpl$dmul)
    _dmul                                    0x08008281   Thumb Code   332  dmul.o(x$fpl$dmul)
    __fpl_dnaninf                            0x080083d5   Thumb Code   156  dnaninf.o(x$fpl$dnaninf)
    __fpl_dretinf                            0x08008471   Thumb Code    12  dretinf.o(x$fpl$dretinf)
    _fp_init                                 0x0800847d   Thumb Code    10  fpinit.o(x$fpl$fpinit)
    __fplib_config_fpu_vfp                   0x08008485   Thumb Code     0  fpinit.o(x$fpl$fpinit)
    __fplib_config_pureend_doubles           0x08008485   Thumb Code     0  fpinit.o(x$fpl$fpinit)
    AHBPrescTable                            0x08008486   Data          16  system_stm32f4xx.o(.constdata)
    __I$use$fp                               0x08008486   Number         0  usenofp.o(x$fpl$usenofp)
    APBPrescTable                            0x08008496   Data           8  system_stm32f4xx.o(.constdata)
    asc2_1206                                0x0800849e   Data        1140  lcd.o(.constdata)
    asc2_1608                                0x08008912   Data        1520  lcd.o(.constdata)
    asc2_2412                                0x08008f02   Data        3420  lcd.o(.constdata)
    asc2_3216                                0x08009c5e   Data        6080  lcd.o(.constdata)
    Region$$Table$$Base                      0x0800b420   Number         0  anon$$obj.o(Region$$Table)
    Region$$Table$$Limit                     0x0800b440   Number         0  anon$$obj.o(Region$$Table)
    SystemCoreClock                          0x20000000   Data           4  system_stm32f4xx.o(.data)
    StartTask_Handler                        0x20000004   Data           4  freertos_demo.o(.data)
    Task1Task_Handler                        0x20000008   Data           4  freertos_demo.o(.data)
    Task2Task_Handler                        0x2000000c   Data           4  freertos_demo.o(.data)
    Task3Task_Handler                        0x20000010   Data           4  freertos_demo.o(.data)
    __stdout                                 0x20000018   Data           4  usart.o(.data)
    g_usart_rx_sta                           0x2000001c   Data           2  usart.o(.data)
    g_rx_buffer                              0x2000001e   Data           1  usart.o(.data)
    uwTick                                   0x20000020   Data           4  stm32f4xx_hal.o(.data)
    uwTickPrio                               0x20000024   Data           4  stm32f4xx_hal.o(.data)
    uwTickFreq                               0x20000028   Data           1  stm32f4xx_hal.o(.data)
    Data                                     0x20000029   Data           5  driver_dht11.o(.data)
    g_point_color                            0x20000030   Data           4  lcd.o(.data)
    g_back_color                             0x20000034   Data           4  lcd.o(.data)
    pxCurrentTCB                             0x20000038   Data           4  tasks.o(.data)
    g_usart_rx_buf                           0x200000ac   Data         200  usart.o(.bss)
    g_uart1_handle                           0x20000174   Data          68  usart.o(.bss)
    g_sram_handle                            0x200001b8   Data          80  lcd.o(.bss)
    lcddev                                   0x20000208   Data          14  lcd.o(.bss)
    xQueueRegistry                           0x20000218   Data          64  queue.o(.bss)
    __libspace_start                         0x20002d64   Data          96  libspace.o(.bss)
    __temporary_stack_top$libspace           0x20002dc4   Data           0  libspace.o(.bss)



==============================================================================

Memory Map of the image

  Image Entry point : 0x08000189

  Load Region LR_IROM1 (Base: 0x08000000, Size: 0x0000b4ec, Max: 0x00100000, ABSOLUTE)

    Execution Region ER_IROM1 (Exec base: 0x08000000, Load base: 0x08000000, Size: 0x0000b440, Max: 0x00100000, ABSOLUTE)

    Exec Addr    Load Addr    Size         Type   Attr      Idx    E Section Name        Object

    0x08000000   0x08000000   0x00000188   Data   RO            3    RESET               startup_stm32f407xx.o
    0x08000188   0x08000188   0x00000008   Code   RO         4178  * !!!main             c_w.l(__main.o)
    0x08000190   0x08000190   0x00000034   Code   RO         4376    !!!scatter          c_w.l(__scatter.o)
    0x080001c4   0x080001c4   0x0000001a   Code   RO         4378    !!handler_copy      c_w.l(__scatter_copy.o)
    0x080001de   0x080001de   0x00000002   PAD
    0x080001e0   0x080001e0   0x0000001c   Code   RO         4380    !!handler_zi        c_w.l(__scatter_zi.o)
    0x080001fc   0x080001fc   0x00000000   Code   RO         4165    .ARM.Collect$$_printf_percent$$00000000  c_w.l(_printf_percent.o)
    0x080001fc   0x080001fc   0x00000006   Code   RO         4163    .ARM.Collect$$_printf_percent$$00000009  c_w.l(_printf_d.o)
    0x08000202   0x08000202   0x00000006   Code   RO         4162    .ARM.Collect$$_printf_percent$$00000014  c_w.l(_printf_s.o)
    0x08000208   0x08000208   0x00000004   Code   RO         4209    .ARM.Collect$$_printf_percent$$00000017  c_w.l(_printf_percent_end.o)
    0x0800020c   0x0800020c   0x00000002   Code   RO         4255    .ARM.Collect$$libinit$$00000000  c_w.l(libinit.o)
    0x0800020e   0x0800020e   0x00000004   Code   RO         4267    .ARM.Collect$$libinit$$00000001  c_w.l(libinit2.o)
    0x08000212   0x08000212   0x00000000   Code   RO         4270    .ARM.Collect$$libinit$$00000004  c_w.l(libinit2.o)
    0x08000212   0x08000212   0x00000000   Code   RO         4273    .ARM.Collect$$libinit$$0000000A  c_w.l(libinit2.o)
    0x08000212   0x08000212   0x00000000   Code   RO         4275    .ARM.Collect$$libinit$$0000000C  c_w.l(libinit2.o)
    0x08000212   0x08000212   0x00000000   Code   RO         4277    .ARM.Collect$$libinit$$0000000E  c_w.l(libinit2.o)
    0x08000212   0x08000212   0x00000000   Code   RO         4280    .ARM.Collect$$libinit$$00000011  c_w.l(libinit2.o)
    0x08000212   0x08000212   0x00000000   Code   RO         4282    .ARM.Collect$$libinit$$00000013  c_w.l(libinit2.o)
    0x08000212   0x08000212   0x00000000   Code   RO         4284    .ARM.Collect$$libinit$$00000015  c_w.l(libinit2.o)
    0x08000212   0x08000212   0x00000000   Code   RO         4286    .ARM.Collect$$libinit$$00000017  c_w.l(libinit2.o)
    0x08000212   0x08000212   0x00000000   Code   RO         4288    .ARM.Collect$$libinit$$00000019  c_w.l(libinit2.o)
    0x08000212   0x08000212   0x00000000   Code   RO         4290    .ARM.Collect$$libinit$$0000001B  c_w.l(libinit2.o)
    0x08000212   0x08000212   0x00000000   Code   RO         4292    .ARM.Collect$$libinit$$0000001D  c_w.l(libinit2.o)
    0x08000212   0x08000212   0x00000000   Code   RO         4294    .ARM.Collect$$libinit$$0000001F  c_w.l(libinit2.o)
    0x08000212   0x08000212   0x00000000   Code   RO         4296    .ARM.Collect$$libinit$$00000021  c_w.l(libinit2.o)
    0x08000212   0x08000212   0x00000000   Code   RO         4298    .ARM.Collect$$libinit$$00000023  c_w.l(libinit2.o)
    0x08000212   0x08000212   0x00000000   Code   RO         4300    .ARM.Collect$$libinit$$00000025  c_w.l(libinit2.o)
    0x08000212   0x08000212   0x00000000   Code   RO         4304    .ARM.Collect$$libinit$$0000002C  c_w.l(libinit2.o)
    0x08000212   0x08000212   0x00000000   Code   RO         4306    .ARM.Collect$$libinit$$0000002E  c_w.l(libinit2.o)
    0x08000212   0x08000212   0x00000000   Code   RO         4308    .ARM.Collect$$libinit$$00000030  c_w.l(libinit2.o)
    0x08000212   0x08000212   0x00000000   Code   RO         4310    .ARM.Collect$$libinit$$00000032  c_w.l(libinit2.o)
    0x08000212   0x08000212   0x00000002   Code   RO         4311    .ARM.Collect$$libinit$$00000033  c_w.l(libinit2.o)
    0x08000214   0x08000214   0x00000002   Code   RO         4335    .ARM.Collect$$libshutdown$$00000000  c_w.l(libshutdown.o)
    0x08000216   0x08000216   0x00000000   Code   RO         4359    .ARM.Collect$$libshutdown$$00000002  c_w.l(libshutdown2.o)
    0x08000216   0x08000216   0x00000000   Code   RO         4361    .ARM.Collect$$libshutdown$$00000004  c_w.l(libshutdown2.o)
    0x08000216   0x08000216   0x00000000   Code   RO         4364    .ARM.Collect$$libshutdown$$00000007  c_w.l(libshutdown2.o)
    0x08000216   0x08000216   0x00000000   Code   RO         4367    .ARM.Collect$$libshutdown$$0000000A  c_w.l(libshutdown2.o)
    0x08000216   0x08000216   0x00000000   Code   RO         4369    .ARM.Collect$$libshutdown$$0000000C  c_w.l(libshutdown2.o)
    0x08000216   0x08000216   0x00000000   Code   RO         4372    .ARM.Collect$$libshutdown$$0000000F  c_w.l(libshutdown2.o)
    0x08000216   0x08000216   0x00000002   Code   RO         4373    .ARM.Collect$$libshutdown$$00000010  c_w.l(libshutdown2.o)
    0x08000218   0x08000218   0x00000000   Code   RO         4194    .ARM.Collect$$rtentry$$00000000  c_w.l(__rtentry.o)
    0x08000218   0x08000218   0x00000000   Code   RO         4220    .ARM.Collect$$rtentry$$00000002  c_w.l(__rtentry2.o)
    0x08000218   0x08000218   0x00000006   Code   RO         4232    .ARM.Collect$$rtentry$$00000004  c_w.l(__rtentry4.o)
    0x0800021e   0x0800021e   0x00000000   Code   RO         4222    .ARM.Collect$$rtentry$$00000009  c_w.l(__rtentry2.o)
    0x0800021e   0x0800021e   0x00000004   Code   RO         4223    .ARM.Collect$$rtentry$$0000000A  c_w.l(__rtentry2.o)
    0x08000222   0x08000222   0x00000000   Code   RO         4225    .ARM.Collect$$rtentry$$0000000C  c_w.l(__rtentry2.o)
    0x08000222   0x08000222   0x00000008   Code   RO         4226    .ARM.Collect$$rtentry$$0000000D  c_w.l(__rtentry2.o)
    0x0800022a   0x0800022a   0x00000002   Code   RO         4259    .ARM.Collect$$rtexit$$00000000  c_w.l(rtexit.o)
    0x0800022c   0x0800022c   0x00000000   Code   RO         4313    .ARM.Collect$$rtexit$$00000002  c_w.l(rtexit2.o)
    0x0800022c   0x0800022c   0x00000004   Code   RO         4314    .ARM.Collect$$rtexit$$00000003  c_w.l(rtexit2.o)
    0x08000230   0x08000230   0x00000006   Code   RO         4315    .ARM.Collect$$rtexit$$00000004  c_w.l(rtexit2.o)
    0x08000236   0x08000236   0x00000002   PAD
    0x08000238   0x08000238   0x000000b6   Code   RO         4035    .emb_text           port.o
    0x080002ee   0x080002ee   0x00000002   PAD
    0x080002f0   0x080002f0   0x0000004c   Code   RO            4    .text               startup_stm32f407xx.o
    0x0800033c   0x0800033c   0x00000002   Code   RO         4123    .text               c_w.l(use_no_semi_2.o)
    0x0800033e   0x0800033e   0x000000ee   Code   RO         4125    .text               c_w.l(lludivv7m.o)
    0x0800042c   0x0800042c   0x00000018   Code   RO         4131    .text               c_w.l(noretval__2printf.o)
    0x08000444   0x08000444   0x00000028   Code   RO         4133    .text               c_w.l(noretval__2sprintf.o)
    0x0800046c   0x0800046c   0x00000068   Code   RO         4135    .text               c_w.l(__printf.o)
    0x080004d4   0x080004d4   0x00000052   Code   RO         4137    .text               c_w.l(_printf_str.o)
    0x08000526   0x08000526   0x00000002   PAD
    0x08000528   0x08000528   0x00000078   Code   RO         4139    .text               c_w.l(_printf_dec.o)
    0x080005a0   0x080005a0   0x0000008a   Code   RO         4170    .text               c_w.l(rt_memcpy_v6.o)
    0x0800062a   0x0800062a   0x00000010   Code   RO         4172    .text               c_w.l(aeabi_memset.o)
    0x0800063a   0x0800063a   0x0000004e   Code   RO         4174    .text               c_w.l(rt_memclr_w.o)
    0x08000688   0x08000688   0x00000006   Code   RO         4176    .text               c_w.l(heapauxi.o)
    0x0800068e   0x0800068e   0x00000002   Code   RO         4192    .text               c_w.l(use_no_semi.o)
    0x08000690   0x08000690   0x000000b2   Code   RO         4199    .text               c_w.l(_printf_intcommon.o)
    0x08000742   0x08000742   0x00000002   PAD
    0x08000744   0x08000744   0x00000030   Code   RO         4201    .text               c_w.l(_printf_char_common.o)
    0x08000774   0x08000774   0x0000000a   Code   RO         4203    .text               c_w.l(_sputc.o)
    0x0800077e   0x0800077e   0x0000002c   Code   RO         4205    .text               c_w.l(_printf_char.o)
    0x080007aa   0x080007aa   0x00000002   PAD
    0x080007ac   0x080007ac   0x00000024   Code   RO         4207    .text               c_w.l(_printf_char_file.o)
    0x080007d0   0x080007d0   0x00000064   Code   RO         4210    .text               c_w.l(rt_memcpy_w.o)
    0x08000834   0x08000834   0x00000044   Code   RO         4212    .text               c_w.l(rt_memclr.o)
    0x08000878   0x08000878   0x00000008   Code   RO         4238    .text               c_w.l(ferror.o)
    0x08000880   0x08000880   0x0000004a   Code   RO         4242    .text               c_w.l(sys_stackheap_outer.o)
    0x080008ca   0x080008ca   0x00000012   Code   RO         4244    .text               c_w.l(exit.o)
    0x080008dc   0x080008dc   0x00000008   Code   RO         4256    .text               c_w.l(libspace.o)
    0x080008e4   0x080008e4   0x00000004   Code   RO          302    i.BusFault_Handler  stm32f4xx_it.o
    0x080008e8   0x080008e8   0x00000024   Code   RO         2606    i.DHT_GPIO_SET_INPUT  driver_dht11.o
    0x0800090c   0x0800090c   0x00000024   Code   RO         2607    i.DHT_GPIO_SET_OUTPUT  driver_dht11.o
    0x08000930   0x08000930   0x000000c8   Code   RO         2608    i.DHT_Read          driver_dht11.o
    0x080009f8   0x080009f8   0x0000007c   Code   RO         2609    i.DHT_Read_Byte     driver_dht11.o
    0x08000a74   0x08000a74   0x00000002   Code   RO          303    i.DebugMon_Handler  stm32f4xx_it.o
    0x08000a76   0x08000a76   0x00000002   PAD
    0x08000a78   0x08000a78   0x00000014   Code   RO         2943    i.EXTI0_IRQHandler  exti.o
    0x08000a8c   0x08000a8c   0x00000014   Code   RO         2944    i.EXTI2_IRQHandler  exti.o
    0x08000aa0   0x08000aa0   0x00000014   Code   RO         2945    i.EXTI3_IRQHandler  exti.o
    0x08000ab4   0x08000ab4   0x00000014   Code   RO         2946    i.EXTI4_IRQHandler  exti.o
    0x08000ac8   0x08000ac8   0x00000048   Code   RO         2440    i.FSMC_NORSRAM_Extended_Timing_Init  stm32f4xx_ll_fsmc.o
    0x08000b10   0x08000b10   0x0000005c   Code   RO         2441    i.FSMC_NORSRAM_Init  stm32f4xx_ll_fsmc.o
    0x08000b6c   0x08000b6c   0x00000044   Code   RO         2442    i.FSMC_NORSRAM_Timing_Init  stm32f4xx_ll_fsmc.o
    0x08000bb0   0x08000bb0   0x000000aa   Code   RO         1139    i.HAL_DMA_Abort     stm32f4xx_hal_dma.o
    0x08000c5a   0x08000c5a   0x00000028   Code   RO         1140    i.HAL_DMA_Abort_IT  stm32f4xx_hal_dma.o
    0x08000c82   0x08000c82   0x00000002   PAD
    0x08000c84   0x08000c84   0x00000034   Code   RO         2947    i.HAL_GPIO_EXTI_Callback  exti.o
    0x08000cb8   0x08000cb8   0x0000001c   Code   RO         1244    i.HAL_GPIO_EXTI_IRQHandler  stm32f4xx_hal_gpio.o
    0x08000cd4   0x08000cd4   0x00000204   Code   RO         1245    i.HAL_GPIO_Init     stm32f4xx_hal_gpio.o
    0x08000ed8   0x08000ed8   0x00000010   Code   RO         1247    i.HAL_GPIO_ReadPin  stm32f4xx_hal_gpio.o
    0x08000ee8   0x08000ee8   0x00000014   Code   RO         1248    i.HAL_GPIO_TogglePin  stm32f4xx_hal_gpio.o
    0x08000efc   0x08000efc   0x0000000c   Code   RO         1249    i.HAL_GPIO_WritePin  stm32f4xx_hal_gpio.o
    0x08000f08   0x08000f08   0x0000000c   Code   RO          822    i.HAL_GetREVID      stm32f4xx_hal.o
    0x08000f14   0x08000f14   0x0000000c   Code   RO          823    i.HAL_GetTick       stm32f4xx_hal.o
    0x08000f20   0x08000f20   0x00000018   Code   RO          829    i.HAL_IncTick       stm32f4xx_hal.o
    0x08000f38   0x08000f38   0x00000030   Code   RO          830    i.HAL_Init          stm32f4xx_hal.o
    0x08000f68   0x08000f68   0x0000004c   Code   RO          831    i.HAL_InitTick      stm32f4xx_hal.o
    0x08000fb4   0x08000fb4   0x00000002   Code   RO          833    i.HAL_MspInit       stm32f4xx_hal.o
    0x08000fb6   0x08000fb6   0x00000020   Code   RO         1001    i.HAL_NVIC_EnableIRQ  stm32f4xx_hal_cortex.o
    0x08000fd6   0x08000fd6   0x0000007c   Code   RO         1007    i.HAL_NVIC_SetPriority  stm32f4xx_hal_cortex.o
    0x08001052   0x08001052   0x00000002   PAD
    0x08001054   0x08001054   0x00000028   Code   RO         1008    i.HAL_NVIC_SetPriorityGrouping  stm32f4xx_hal_cortex.o
    0x0800107c   0x0800107c   0x00000184   Code   RO         1309    i.HAL_RCC_ClockConfig  stm32f4xx_hal_rcc.o
    0x08001200   0x08001200   0x0000000c   Code   RO         1314    i.HAL_RCC_GetHCLKFreq  stm32f4xx_hal_rcc.o
    0x0800120c   0x0800120c   0x00000020   Code   RO         1316    i.HAL_RCC_GetPCLK1Freq  stm32f4xx_hal_rcc.o
    0x0800122c   0x0800122c   0x00000020   Code   RO         1317    i.HAL_RCC_GetPCLK2Freq  stm32f4xx_hal_rcc.o
    0x0800124c   0x0800124c   0x000000b0   Code   RO         1318    i.HAL_RCC_GetSysClockFreq  stm32f4xx_hal_rcc.o
    0x080012fc   0x080012fc   0x0000049c   Code   RO         1321    i.HAL_RCC_OscConfig  stm32f4xx_hal_rcc.o
    0x08001798   0x08001798   0x00000058   Code   RO         2316    i.HAL_SRAM_Init     stm32f4xx_hal_sram.o
    0x080017f0   0x080017f0   0x000000a4   Code   RO         2682    i.HAL_SRAM_MspInit  lcd.o
    0x08001894   0x08001894   0x00000028   Code   RO         1010    i.HAL_SYSTICK_CLKSourceConfig  stm32f4xx_hal_cortex.o
    0x080018bc   0x080018bc   0x00000034   Code   RO         1012    i.HAL_SYSTICK_Config  stm32f4xx_hal_cortex.o
    0x080018f0   0x080018f0   0x00000002   Code   RO         1915    i.HAL_UARTEx_RxEventCallback  stm32f4xx_hal_uart.o
    0x080018f2   0x080018f2   0x00000002   Code   RO         1929    i.HAL_UART_ErrorCallback  stm32f4xx_hal_uart.o
    0x080018f4   0x080018f4   0x00000250   Code   RO         1932    i.HAL_UART_IRQHandler  stm32f4xx_hal_uart.o
    0x08001b44   0x08001b44   0x00000072   Code   RO         1933    i.HAL_UART_Init     stm32f4xx_hal_uart.o
    0x08001bb6   0x08001bb6   0x00000002   PAD
    0x08001bb8   0x08001bb8   0x000000cc   Code   RO          733    i.HAL_UART_MspInit  usart.o
    0x08001c84   0x08001c84   0x00000042   Code   RO         1938    i.HAL_UART_Receive_IT  stm32f4xx_hal_uart.o
    0x08001cc6   0x08001cc6   0x00000002   PAD
    0x08001cc8   0x08001cc8   0x0000009c   Code   RO          734    i.HAL_UART_RxCpltCallback  usart.o
    0x08001d64   0x08001d64   0x00000002   Code   RO         1944    i.HAL_UART_TxCpltCallback  stm32f4xx_hal_uart.o
    0x08001d66   0x08001d66   0x00000004   Code   RO          304    i.HardFault_Handler  stm32f4xx_it.o
    0x08001d6a   0x08001d6a   0x00000004   Code   RO          305    i.MemManage_Handler  stm32f4xx_it.o
    0x08001d6e   0x08001d6e   0x00000002   Code   RO          306    i.NMI_Handler       stm32f4xx_it.o
    0x08001d70   0x08001d70   0x00000014   Code   RO          611    i.SysTick_Handler   delay.o
    0x08001d84   0x08001d84   0x00000014   Code   RO          509    i.SystemInit        system_stm32f4xx.o
    0x08001d98   0x08001d98   0x00000014   Code   RO         1946    i.UART_DMAAbortOnError  stm32f4xx_hal_uart.o
    0x08001dac   0x08001dac   0x00000036   Code   RO         1956    i.UART_EndRxTransfer  stm32f4xx_hal_uart.o
    0x08001de2   0x08001de2   0x00000020   Code   RO         1957    i.UART_EndTransmit_IT  stm32f4xx_hal_uart.o
    0x08001e02   0x08001e02   0x000000be   Code   RO         1959    i.UART_Receive_IT   stm32f4xx_hal_uart.o
    0x08001ec0   0x08001ec0   0x0000022c   Code   RO         1960    i.UART_SetConfig    stm32f4xx_hal_uart.o
    0x080020ec   0x080020ec   0x00000046   Code   RO         1962    i.UART_Start_Receive_IT  stm32f4xx_hal_uart.o
    0x08002132   0x08002132   0x00000060   Code   RO         1963    i.UART_Transmit_IT  stm32f4xx_hal_uart.o
    0x08002192   0x08002192   0x00000002   PAD
    0x08002194   0x08002194   0x00000010   Code   RO          735    i.USART1_IRQHandler  usart.o
    0x080021a4   0x080021a4   0x00000004   Code   RO          307    i.UsageFault_Handler  stm32f4xx_it.o
    0x080021a8   0x080021a8   0x00000010   Code   RO         1014    i.__NVIC_GetPriorityGrouping  stm32f4xx_hal_cortex.o
    0x080021b8   0x080021b8   0x00000028   Code   RO         1015    i.__NVIC_SetPriority  stm32f4xx_hal_cortex.o
    0x080021e0   0x080021e0   0x00000004   Code   RO          737    i._sys_exit         usart.o
    0x080021e4   0x080021e4   0x0000005c   Code   RO         2582    i.beep_init         beep.o
    0x08002240   0x08002240   0x00000038   Code   RO          612    i.delay_init        delay.o
    0x08002278   0x08002278   0x00000018   Code   RO          613    i.delay_ms          delay.o
    0x08002290   0x08002290   0x00000048   Code   RO          614    i.delay_us          delay.o
    0x080022d8   0x080022d8   0x000000ac   Code   RO         2948    i.extix_init        exti.o
    0x08002384   0x08002384   0x0000001c   Code   RO          739    i.fputc             usart.o
    0x080023a0   0x080023a0   0x00000030   Code   RO          545    i.freertos_demo     freertos_demo.o
    0x080023d0   0x080023d0   0x000000fc   Code   RO         2651    i.key_init          key.o
    0x080024cc   0x080024cc   0x00000034   Code   RO         2683    i.lcd_clear         lcd.o
    0x08002500   0x08002500   0x0000016c   Code   RO         2685    i.lcd_display_dir   lcd.o
    0x0800266c   0x0800266c   0x00000020   Code   RO         2691    i.lcd_draw_point    lcd.o
    0x0800268c   0x0800268c   0x0000022c   Code   RO         2693    i.lcd_ex_ili9341_reginit  lcd.o
    0x080028b8   0x080028b8   0x00000340   Code   RO         2694    i.lcd_ex_ili9806_reginit  lcd.o
    0x08002bf8   0x08002bf8   0x00000ef2   Code   RO         2695    i.lcd_ex_nt35310_reginit  lcd.o
    0x08003aea   0x08003aea   0x00000f6e   Code   RO         2696    i.lcd_ex_nt35510_reginit  lcd.o
    0x08004a58   0x08004a58   0x0000016e   Code   RO         2697    i.lcd_ex_ssd1963_reginit  lcd.o
    0x08004bc6   0x08004bc6   0x000001a8   Code   RO         2698    i.lcd_ex_st7789_reginit  lcd.o
    0x08004d6e   0x08004d6e   0x000001c6   Code   RO         2699    i.lcd_ex_st7796_reginit  lcd.o
    0x08004f34   0x08004f34   0x00000514   Code   RO         2702    i.lcd_init          lcd.o
    0x08005448   0x08005448   0x0000000c   Code   RO         2703    i.lcd_opt_delay     lcd.o
    0x08005454   0x08005454   0x00000018   Code   RO         2705    i.lcd_rd_data       lcd.o
    0x0800546c   0x0800546c   0x0000023c   Code   RO         2707    i.lcd_scan_dir      lcd.o
    0x080056a8   0x080056a8   0x00000120   Code   RO         2708    i.lcd_set_cursor    lcd.o
    0x080057c8   0x080057c8   0x00000140   Code   RO         2710    i.lcd_show_char     lcd.o
    0x08005908   0x08005908   0x0000006a   Code   RO         2712    i.lcd_show_string   lcd.o
    0x08005972   0x08005972   0x00000002   PAD
    0x08005974   0x08005974   0x00000060   Code   RO         2714    i.lcd_ssd_backlight_set  lcd.o
    0x080059d4   0x080059d4   0x00000018   Code   RO         2715    i.lcd_wr_data       lcd.o
    0x080059ec   0x080059ec   0x00000018   Code   RO         2716    i.lcd_wr_regno      lcd.o
    0x08005a04   0x08005a04   0x00000014   Code   RO         2717    i.lcd_write_ram_prepare  lcd.o
    0x08005a18   0x08005a18   0x00000014   Code   RO         2718    i.lcd_write_reg     lcd.o
    0x08005a2c   0x08005a2c   0x00000098   Code   RO         2558    i.led_init          led.o
    0x08005ac4   0x08005ac4   0x0000003e   Code   RO           13    i.main              main.o
    0x08005b02   0x08005b02   0x00000002   PAD
    0x08005b04   0x08005b04   0x000000a4   Code   RO         3431    i.prvAddCurrentTaskToDelayedList  tasks.o
    0x08005ba8   0x08005ba8   0x000000b8   Code   RO         3432    i.prvAddNewTaskToReadyList  tasks.o
    0x08005c60   0x08005c60   0x00000064   Code   RO         3832    i.prvCheckForValidListAndQueue  timers.o
    0x08005cc4   0x08005cc4   0x00000064   Code   RO         3433    i.prvCheckTasksWaitingTermination  tasks.o
    0x08005d28   0x08005d28   0x0000002a   Code   RO         3183    i.prvCopyDataFromQueue  queue.o
    0x08005d52   0x08005d52   0x0000007c   Code   RO         3184    i.prvCopyDataToQueue  queue.o
    0x08005dce   0x08005dce   0x00000012   Code   RO         3434    i.prvDeleteTCB      tasks.o
    0x08005de0   0x08005de0   0x00000028   Code   RO         3833    i.prvGetNextExpireTime  timers.o
    0x08005e08   0x08005e08   0x0000007c   Code   RO         3974    i.prvHeapInit       heap_4.o
    0x08005e84   0x08005e84   0x00000028   Code   RO         3435    i.prvIdleTask       tasks.o
    0x08005eac   0x08005eac   0x0000002e   Code   RO         3186    i.prvInitialiseNewQueue  queue.o
    0x08005eda   0x08005eda   0x00000002   PAD
    0x08005edc   0x08005edc   0x000000e8   Code   RO         3436    i.prvInitialiseNewTask  tasks.o
    0x08005fc4   0x08005fc4   0x00000068   Code   RO         3437    i.prvInitialiseTaskLists  tasks.o
    0x0800602c   0x0800602c   0x00000068   Code   RO         3975    i.prvInsertBlockIntoFreeList  heap_4.o
    0x08006094   0x08006094   0x00000058   Code   RO         3835    i.prvInsertTimerInActiveList  timers.o
    0x080060ec   0x080060ec   0x0000001a   Code   RO         3187    i.prvIsQueueEmpty   queue.o
    0x08006106   0x08006106   0x0000001e   Code   RO         3188    i.prvIsQueueFull    queue.o
    0x08006124   0x08006124   0x000000b4   Code   RO         3189    i.prvNotifyQueueSetContainer  queue.o
    0x080061d8   0x080061d8   0x00000090   Code   RO         3836    i.prvProcessExpiredTimer  timers.o
    0x08006268   0x08006268   0x0000013c   Code   RO         3837    i.prvProcessReceivedCommands  timers.o
    0x080063a4   0x080063a4   0x00000074   Code   RO         3838    i.prvProcessTimerOrBlockTask  timers.o
    0x08006418   0x08006418   0x00000034   Code   RO         3439    i.prvResetNextTaskUnblockTime  tasks.o
    0x0800644c   0x0800644c   0x0000002c   Code   RO         3839    i.prvSampleTimeNow  timers.o
    0x08006478   0x08006478   0x000000cc   Code   RO         3840    i.prvSwitchTimerLists  timers.o
    0x08006544   0x08006544   0x00000080   Code   RO         4036    i.prvTaskExitError  port.o
    0x080065c4   0x080065c4   0x0000001a   Code   RO         3841    i.prvTimerTask      timers.o
    0x080065de   0x080065de   0x00000092   Code   RO         3190    i.prvUnlockQueue    queue.o
    0x08006670   0x08006670   0x00000160   Code   RO         3976    i.pvPortMalloc      heap_4.o
    0x080067d0   0x080067d0   0x00000020   Code   RO         3444    i.pvTaskIncrementMutexHeldCount  tasks.o
    0x080067f0   0x080067f0   0x0000002c   Code   RO         4037    i.pxPortInitialiseStack  port.o
    0x0800681c   0x0800681c   0x00000088   Code   RO          546    i.start_task        freertos_demo.o
    0x080068a4   0x080068a4   0x000000dc   Code   RO          666    i.sys_stm32_clock_init  sys.o
    0x08006980   0x08006980   0x00000020   Code   RO          547    i.task1             freertos_demo.o
    0x080069a0   0x080069a0   0x00000020   Code   RO          548    i.task2             freertos_demo.o
    0x080069c0   0x080069c0   0x00000080   Code   RO          549    i.task3             freertos_demo.o
    0x08006a40   0x08006a40   0x00000038   Code   RO          740    i.usart_init        usart.o
    0x08006a78   0x08006a78   0x00000028   Code   RO         3134    i.uxListRemove      list.o
    0x08006aa0   0x08006aa0   0x0000001a   Code   RO         3135    i.vListInitialise   list.o
    0x08006aba   0x08006aba   0x00000006   Code   RO         3136    i.vListInitialiseItem  list.o
    0x08006ac0   0x08006ac0   0x00000034   Code   RO         3137    i.vListInsert       list.o
    0x08006af4   0x08006af4   0x00000018   Code   RO         3138    i.vListInsertEnd    list.o
    0x08006b0c   0x08006b0c   0x00000094   Code   RO         4039    i.vPortEnterCritical  port.o
    0x08006ba0   0x08006ba0   0x0000007c   Code   RO         4040    i.vPortExitCritical  port.o
    0x08006c1c   0x08006c1c   0x000000c4   Code   RO         3977    i.vPortFree         heap_4.o
    0x08006ce0   0x08006ce0   0x00000020   Code   RO         4041    i.vPortSetupTimerInterrupt  port.o
    0x08006d00   0x08006d00   0x000000ac   Code   RO         4042    i.vPortValidateInterruptPriority  port.o
    0x08006dac   0x08006dac   0x0000002c   Code   RO         3196    i.vQueueAddToRegistry  queue.o
    0x08006dd8   0x08006dd8   0x0000004a   Code   RO         3200    i.vQueueWaitForMessageRestricted  queue.o
    0x08006e22   0x08006e22   0x00000002   PAD
    0x08006e24   0x08006e24   0x00000088   Code   RO         3453    i.vTaskDelay        tasks.o
    0x08006eac   0x08006eac   0x00000120   Code   RO         3455    i.vTaskDelete       tasks.o
    0x08006fcc   0x08006fcc   0x0000000c   Code   RO         3459    i.vTaskMissedYield  tasks.o
    0x08006fd8   0x08006fd8   0x00000068   Code   RO         3461    i.vTaskPlaceOnEventList  tasks.o
    0x08007040   0x08007040   0x00000070   Code   RO         3462    i.vTaskPlaceOnEventListRestricted  tasks.o
    0x080070b0   0x080070b0   0x000000b0   Code   RO         3464    i.vTaskPriorityInherit  tasks.o
    0x08007160   0x08007160   0x00000060   Code   RO         3468    i.vTaskSetTimeOutState  tasks.o
    0x080071c0   0x080071c0   0x000000c0   Code   RO         3469    i.vTaskStartScheduler  tasks.o
    0x08007280   0x08007280   0x00000010   Code   RO         3471    i.vTaskSuspendAll   tasks.o
    0x08007290   0x08007290   0x000000bc   Code   RO         3472    i.vTaskSwitchContext  tasks.o
    0x0800734c   0x0800734c   0x00000168   Code   RO         4043    i.xPortStartScheduler  port.o
    0x080074b4   0x080074b4   0x00000034   Code   RO         4044    i.xPortSysTickHandler  port.o
    0x080074e8   0x080074e8   0x00000088   Code   RO         3205    i.xQueueGenericCreate  queue.o
    0x08007570   0x08007570   0x000001dc   Code   RO         3206    i.xQueueGenericReceive  queue.o
    0x0800774c   0x0800774c   0x000000c4   Code   RO         3207    i.xQueueGenericReset  queue.o
    0x08007810   0x08007810   0x000001d8   Code   RO         3208    i.xQueueGenericSend  queue.o
    0x080079e8   0x080079e8   0x00000124   Code   RO         3209    i.xQueueGenericSendFromISR  queue.o
    0x08007b0c   0x08007b0c   0x000000d0   Code   RO         3474    i.xTaskCheckForTimeOut  tasks.o
    0x08007bdc   0x08007bdc   0x00000060   Code   RO         3475    i.xTaskCreate       tasks.o
    0x08007c3c   0x08007c3c   0x00000020   Code   RO         3481    i.xTaskGetSchedulerState  tasks.o
    0x08007c5c   0x08007c5c   0x0000000c   Code   RO         3482    i.xTaskGetTickCount  tasks.o
    0x08007c68   0x08007c68   0x00000178   Code   RO         3484    i.xTaskIncrementTick  tasks.o
    0x08007de0   0x08007de0   0x000000ec   Code   RO         3487    i.xTaskPriorityDisinherit  tasks.o
    0x08007ecc   0x08007ecc   0x000000c8   Code   RO         3488    i.xTaskRemoveFromEventList  tasks.o
    0x08007f94   0x08007f94   0x00000134   Code   RO         3490    i.xTaskResumeAll    tasks.o
    0x080080c8   0x080080c8   0x00000084   Code   RO         3845    i.xTimerCreateTimerTask  timers.o
    0x0800814c   0x0800814c   0x000000b4   Code   RO         3846    i.xTimerGenericCommand  timers.o
    0x08008200   0x08008200   0x0000005a   Code   RO         4180    x$fpl$dfixu         fz_wm.l(dfixu.o)
    0x0800825a   0x0800825a   0x00000026   Code   RO         4184    x$fpl$dfltu         fz_wm.l(dflt_clz.o)
    0x08008280   0x08008280   0x00000154   Code   RO         4190    x$fpl$dmul          fz_wm.l(dmul.o)
    0x080083d4   0x080083d4   0x0000009c   Code   RO         4214    x$fpl$dnaninf       fz_wm.l(dnaninf.o)
    0x08008470   0x08008470   0x0000000c   Code   RO         4216    x$fpl$dretinf       fz_wm.l(dretinf.o)
    0x0800847c   0x0800847c   0x0000000a   Code   RO         4325    x$fpl$fpinit        fz_wm.l(fpinit.o)
    0x08008486   0x08008486   0x00000000   Code   RO         4218    x$fpl$usenofp       fz_wm.l(usenofp.o)
    0x08008486   0x08008486   0x00000018   Data   RO          510    .constdata          system_stm32f4xx.o
    0x0800849e   0x0800849e   0x00002f80   Data   RO         2720    .constdata          lcd.o
    0x0800b41e   0x0800b41e   0x00000002   PAD
    0x0800b420   0x0800b420   0x00000020   Data   RO         4374    Region$$Table       anon$$obj.o


    Execution Region RW_IRAM1 (Exec base: 0x20000000, Load base: 0x0800b440, Size: 0x000031c8, Max: 0x00020000, ABSOLUTE)

    Exec Addr    Load Addr    Size         Type   Attr      Idx    E Section Name        Object

    0x20000000   0x0800b440   0x00000004   Data   RW          511    .data               system_stm32f4xx.o
    0x20000004   0x0800b444   0x00000010   Data   RW          550    .data               freertos_demo.o
    0x20000014   0x0800b454   0x00000004   Data   RW          615    .data               delay.o
    0x20000018   0x0800b458   0x00000007   Data   RW          742    .data               usart.o
    0x2000001f   0x0800b45f   0x00000001   PAD
    0x20000020   0x0800b460   0x00000009   Data   RW          837    .data               stm32f4xx_hal.o
    0x20000029   0x0800b469   0x00000005   Data   RW         2610    .data               driver_dht11.o
    0x2000002e   0x0800b46e   0x00000002   PAD
    0x20000030   0x0800b470   0x00000008   Data   RW         2721    .data               lcd.o
    0x20000038   0x0800b478   0x0000003c   Data   RW         3493    .data               tasks.o
    0x20000074   0x0800b4b4   0x00000014   Data   RW         3854    .data               timers.o
    0x20000088   0x0800b4c8   0x00000018   Data   RW         3982    .data               heap_4.o
    0x200000a0   0x0800b4e0   0x0000000c   Data   RW         4045    .data               port.o
    0x200000ac        -       0x0000010c   Zero   RW          741    .bss                usart.o
    0x200001b8        -       0x0000005e   Zero   RW         2719    .bss                lcd.o
    0x20000216   0x0800b4ec   0x00000002   PAD
    0x20000218        -       0x00000040   Zero   RW         3220    .bss                queue.o
    0x20000258        -       0x000002e4   Zero   RW         3492    .bss                tasks.o
    0x2000053c        -       0x00000028   Zero   RW         3853    .bss                timers.o
    0x20000564        -       0x00002800   Zero   RW         3981    .bss                heap_4.o
    0x20002d64        -       0x00000060   Zero   RW         4257    .bss                c_w.l(libspace.o)
    0x20002dc4   0x0800b4ec   0x00000004   PAD
    0x20002dc8        -       0x00000000   Zero   RW            2    HEAP                startup_stm32f407xx.o
    0x20002dc8        -       0x00000400   Zero   RW            1    STACK               startup_stm32f407xx.o


==============================================================================

Image component sizes


      Code (inc. data)   RO Data    RW Data    ZI Data      Debug   Object Name

        92         10          0          0          0        924   beep.o
       172          8          0          4          0       2633   delay.o
       396         24          0          5          0       3349   driver_dht11.o
         0          0          0          0          0      10428   event_groups.o
       304         40          0          0          0       3346   exti.o
       376        116          0         16          0       3255   freertos_demo.o
       776        200          0         24      10240       4139   heap_4.o
       252         12          0          0          0       1119   key.o
     13826        172      12160          8         94      26647   lcd.o
       152         10          0          0          0        967   led.o
       148          0          0          0          0       3490   list.o
        62          0          0          0          0     680535   main.o
      1242        456          0         12          0      11213   port.o
      2284        358          0          0         64      16557   queue.o
        76         28        392          0       1024       1000   startup_stm32f407xx.o
       174         34          0          9          0       9966   stm32f4xx_hal.o
       344         22          0          0          0      35237   stm32f4xx_hal_cortex.o
       210          0          0          0          0       2015   stm32f4xx_hal_dma.o
       592         50          0          0          0       4191   stm32f4xx_hal_gpio.o
      1820         84          0          0          0       5760   stm32f4xx_hal_rcc.o
        88          0          0          0          0       1248   stm32f4xx_hal_sram.o
      1796         16          0          0          0      10068   stm32f4xx_hal_uart.o
        20          0          0          0          0       2881   stm32f4xx_it.o
       232         10          0          0          0       2807   stm32f4xx_ll_fsmc.o
       220         12          0          0          0       1375   sys.o
        20          6         24          4          0       1399   system_stm32f4xx.o
      3714       1146          0         60        740      30911   tasks.o
      1390        392          0         20         40       9383   timers.o
       464         60          0          7        268       5729   usart.o

    ----------------------------------------------------------------------
     31264       3266      12610        172      12472     892572   Object Totals
         0          0         32          0          0          0   (incl. Generated)
        22          0          2          3          2          0   (incl. Padding)

    ----------------------------------------------------------------------

      Code (inc. data)   RO Data    RW Data    ZI Data      Debug   Library Member Name

         8          0          0          0          0         68   __main.o
       104          0          0          0          0         84   __printf.o
         0          0          0          0          0          0   __rtentry.o
        12          0          0          0          0          0   __rtentry2.o
         6          0          0          0          0          0   __rtentry4.o
        52          8          0          0          0          0   __scatter.o
        26          0          0          0          0          0   __scatter_copy.o
        28          0          0          0          0          0   __scatter_zi.o
        44          0          0          0          0        108   _printf_char.o
        48          6          0          0          0         96   _printf_char_common.o
        36          4          0          0          0         80   _printf_char_file.o
         6          0          0          0          0          0   _printf_d.o
       120         16          0          0          0         92   _printf_dec.o
       178          0          0          0          0         88   _printf_intcommon.o
         0          0          0          0          0          0   _printf_percent.o
         4          0          0          0          0          0   _printf_percent_end.o
         6          0          0          0          0          0   _printf_s.o
        82          0          0          0          0         80   _printf_str.o
        10          0          0          0          0         68   _sputc.o
        16          0          0          0          0         68   aeabi_memset.o
        18          0          0          0          0         80   exit.o
         8          0          0          0          0         68   ferror.o
         6          0          0          0          0        152   heapauxi.o
         2          0          0          0          0          0   libinit.o
         6          0          0          0          0          0   libinit2.o
         2          0          0          0          0          0   libshutdown.o
         2          0          0          0          0          0   libshutdown2.o
         8          4          0          0         96         68   libspace.o
       238          0          0          0          0        100   lludivv7m.o
        24          4          0          0          0         84   noretval__2printf.o
        40          6          0          0          0         84   noretval__2sprintf.o
        68          0          0          0          0         68   rt_memclr.o
        78          0          0          0          0         80   rt_memclr_w.o
       138          0          0          0          0         68   rt_memcpy_v6.o
       100          0          0          0          0         80   rt_memcpy_w.o
         2          0          0          0          0          0   rtexit.o
        10          0          0          0          0          0   rtexit2.o
        74          0          0          0          0         80   sys_stackheap_outer.o
         2          0          0          0          0         68   use_no_semi.o
         2          0          0          0          0         68   use_no_semi_2.o
        90          4          0          0          0        140   dfixu.o
        38          0          0          0          0        116   dflt_clz.o
       340         12          0          0          0        152   dmul.o
       156          4          0          0          0        140   dnaninf.o
        12          0          0          0          0        116   dretinf.o
        10          0          0          0          0        116   fpinit.o
         0          0          0          0          0          0   usenofp.o

    ----------------------------------------------------------------------
      2270         68          0          0        100       2760   Library Totals
        10          0          0          0          4          0   (incl. Padding)

    ----------------------------------------------------------------------

      Code (inc. data)   RO Data    RW Data    ZI Data      Debug   Library Name

      1614         48          0          0         96       1980   c_w.l
       646         20          0          0          0        780   fz_wm.l

    ----------------------------------------------------------------------
      2270         68          0          0        100       2760   Library Totals

    ----------------------------------------------------------------------

==============================================================================


      Code (inc. data)   RO Data    RW Data    ZI Data      Debug   

     33534       3334      12610        172      12572     877192   Grand Totals
     33534       3334      12610        172      12572     877192   ELF Image Totals
     33534       3334      12610        172          0          0   ROM Totals

==============================================================================

    Total RO  Size (Code + RO Data)                46144 (  45.06kB)
    Total RW  Size (RW Data + ZI Data)             12744 (  12.45kB)
    Total ROM Size (Code + RO Data + RW Data)      46316 (  45.23kB)

==============================================================================

